```bash
2015/03/07 01:30:52 [INFO] Packer version: 0.7.5  9cd66feeacbd9cb318b72eb5ed59428c5b8c37ac+CHANGES
2015/03/07 01:30:52 Packer Target OS/Arch: linux amd64
2015/03/07 01:30:52 Built with Go Version: go1.3.3
2015/03/07 01:30:52 [DEBUG] Discoverd plugin: amazon-chroot = /usr/local/bin/packer-builder-amazon-chroot
2015/03/07 01:30:52 [DEBUG] Discoverd plugin: amazon-ebs = /usr/local/bin/packer-builder-amazon-ebs
2015/03/07 01:30:52 [DEBUG] Discoverd plugin: amazon-instance = /usr/local/bin/packer-builder-amazon-instance
2015/03/07 01:30:52 [DEBUG] Discoverd plugin: digitalocean = /usr/local/bin/packer-builder-digitalocean
2015/03/07 01:30:52 [DEBUG] Discoverd plugin: docker = /usr/local/bin/packer-builder-docker
2015/03/07 01:30:52 [DEBUG] Discoverd plugin: googlecompute = /usr/local/bin/packer-builder-googlecompute
2015/03/07 01:30:52 [DEBUG] Discoverd plugin: null = /usr/local/bin/packer-builder-null
2015/03/07 01:30:52 [DEBUG] Discoverd plugin: openstack = /usr/local/bin/packer-builder-openstack
2015/03/07 01:30:52 [DEBUG] Discoverd plugin: parallels-iso = /usr/local/bin/packer-builder-parallels-iso
2015/03/07 01:30:52 [DEBUG] Discoverd plugin: parallels-pvm = /usr/local/bin/packer-builder-parallels-pvm
2015/03/07 01:30:52 [DEBUG] Discoverd plugin: qemu = /usr/local/bin/packer-builder-qemu
2015/03/07 01:30:52 [DEBUG] Discoverd plugin: virtualbox-iso = /usr/local/bin/packer-builder-virtualbox-iso
2015/03/07 01:30:52 [DEBUG] Discoverd plugin: virtualbox-ovf = /usr/local/bin/packer-builder-virtualbox-ovf
2015/03/07 01:30:52 [DEBUG] Discoverd plugin: vmware-iso = /usr/local/bin/packer-builder-vmware-iso
2015/03/07 01:30:52 [DEBUG] Discoverd plugin: vmware-vmx = /usr/local/bin/packer-builder-vmware-vmx
2015/03/07 01:30:52 [DEBUG] Discoverd plugin: atlas = /usr/local/bin/packer-post-processor-atlas
2015/03/07 01:30:52 [DEBUG] Discoverd plugin: compress = /usr/local/bin/packer-post-processor-compress
2015/03/07 01:30:52 [DEBUG] Discoverd plugin: docker-import = /usr/local/bin/packer-post-processor-docker-import
2015/03/07 01:30:52 [DEBUG] Discoverd plugin: docker-push = /usr/local/bin/packer-post-processor-docker-push
2015/03/07 01:30:52 [DEBUG] Discoverd plugin: docker-save = /usr/local/bin/packer-post-processor-docker-save
2015/03/07 01:30:52 [DEBUG] Discoverd plugin: docker-tag = /usr/local/bin/packer-post-processor-docker-tag
2015/03/07 01:30:52 [DEBUG] Discoverd plugin: vagrant = /usr/local/bin/packer-post-processor-vagrant
2015/03/07 01:30:52 [DEBUG] Discoverd plugin: vagrant-cloud = /usr/local/bin/packer-post-processor-vagrant-cloud
2015/03/07 01:30:52 [DEBUG] Discoverd plugin: vsphere = /usr/local/bin/packer-post-processor-vsphere
2015/03/07 01:30:52 [DEBUG] Discoverd plugin: ansible-local = /usr/local/bin/packer-provisioner-ansible-local
2015/03/07 01:30:52 [DEBUG] Discoverd plugin: chef-client = /usr/local/bin/packer-provisioner-chef-client
2015/03/07 01:30:52 [DEBUG] Discoverd plugin: chef-solo = /usr/local/bin/packer-provisioner-chef-solo
2015/03/07 01:30:52 [DEBUG] Discoverd plugin: file = /usr/local/bin/packer-provisioner-file
2015/03/07 01:30:52 [DEBUG] Discoverd plugin: puppet-masterless = /usr/local/bin/packer-provisioner-puppet-masterless
2015/03/07 01:30:52 [DEBUG] Discoverd plugin: puppet-server = /usr/local/bin/packer-provisioner-puppet-server
2015/03/07 01:30:52 [DEBUG] Discoverd plugin: salt-masterless = /usr/local/bin/packer-provisioner-salt-masterless
2015/03/07 01:30:52 [DEBUG] Discoverd plugin: shell = /usr/local/bin/packer-provisioner-shell
2015/03/07 01:30:52 Detected home directory from env var: /root
2015/03/07 01:30:52 Detected home directory from env var: /root
2015/03/07 01:30:52 Attempting to open config file: /root/.packerconfig
2015/03/07 01:30:52 File doesn't exist, but doesn't need to. Ignoring.
2015/03/07 01:30:52 Packer config: &{DisableCheckpoint:false DisableCheckpointSignature:false PluginMinPort:10000 PluginMaxPort:25000 Builders:map[null:/usr/local/bin/packer-builder-null qemu:/usr/local/bin/packer-builder-qemu amazon-ebs:/usr/local/bin/packer-builder-amazon-ebs amazon-instance:/usr/local/bin/packer-builder-amazon-instance docker:/usr/local/bin/packer-builder-docker amazon-chroot:/usr/local/bin/packer-builder-amazon-chroot googlecompute:/usr/local/bin/packer-builder-googlecompute parallels-iso:/usr/local/bin/packer-builder-parallels-iso digitalocean:/usr/local/bin/packer-builder-digitalocean parallels-pvm:/usr/local/bin/packer-builder-parallels-pvm virtualbox-ovf:/usr/local/bin/packer-builder-virtualbox-ovf vmware-vmx:/usr/local/bin/packer-builder-vmware-vmx openstack:/usr/local/bin/packer-builder-openstack virtualbox-iso:/usr/local/bin/packer-builder-virtualbox-iso vmware-iso:/usr/local/bin/packer-builder-vmware-iso] PostProcessors:map[docker-import:/usr/local/bin/packer-post-processor-docker-import docker-save:/usr/local/bin/packer-post-processor-docker-save docker-tag:/usr/local/bin/packer-post-processor-docker-tag vagrant-cloud:/usr/local/bin/packer-post-processor-vagrant-cloud vsphere:/usr/local/bin/packer-post-processor-vsphere compress:/usr/local/bin/packer-post-processor-compress docker-push:/usr/local/bin/packer-post-processor-docker-push vagrant:/usr/local/bin/packer-post-processor-vagrant atlas:/usr/local/bin/packer-post-processor-atlas] Provisioners:map[chef-solo:/usr/local/bin/packer-provisioner-chef-solo file:/usr/local/bin/packer-provisioner-file puppet-masterless:/usr/local/bin/packer-provisioner-puppet-masterless puppet-server:/usr/local/bin/packer-provisioner-puppet-server salt-masterless:/usr/local/bin/packer-provisioner-salt-masterless shell:/usr/local/bin/packer-provisioner-shell ansible-local:/usr/local/bin/packer-provisioner-ansible-local chef-client:/usr/local/bin/packer-provisioner-chef-client]}
2015/03/07 01:30:52 Setting cache directory: /root/packer-qemu-debian-jessie/packer_cache
2015/03/07 01:30:52 Detected home directory from env var: /root
2015/03/07 01:30:52 Reading template: jessie.json
2015/03/07 01:30:52 Creating build: jessie
2015/03/07 01:30:52 Loading builder: qemu
2015/03/07 01:30:52 Creating plugin client for path: /usr/local/bin/packer-builder-qemu
2015/03/07 01:30:52 Starting plugin: /usr/local/bin/packer-builder-qemu []string{"/usr/local/bin/packer-builder-qemu"}
2015/03/07 01:30:52 Waiting for RPC address for: /usr/local/bin/packer-builder-qemu
2015/03/07 01:30:52 packer-builder-qemu: 2015/03/07 01:30:52 Plugin minimum port: 10000
2015/03/07 01:30:52 packer-builder-qemu: 2015/03/07 01:30:52 Plugin maximum port: 25000
2015/03/07 01:30:52 packer-builder-qemu: 2015/03/07 01:30:52 Plugin address: unix /tmp/packer-plugin667049883
2015/03/07 01:30:52 packer-builder-qemu: 2015/03/07 01:30:52 Waiting for connection...
2015/03/07 01:30:52 packer-builder-qemu: 2015/03/07 01:30:52 Serving a plugin connection...
2015/03/07 01:30:52 Loading provisioner: shell
2015/03/07 01:30:52 Creating plugin client for path: /usr/local/bin/packer-provisioner-shell
2015/03/07 01:30:52 Starting plugin: /usr/local/bin/packer-provisioner-shell []string{"/usr/local/bin/packer-provisioner-shell"}
2015/03/07 01:30:52 Waiting for RPC address for: /usr/local/bin/packer-provisioner-shell
2015/03/07 01:30:52 packer-provisioner-shell: 2015/03/07 01:30:52 Plugin minimum port: 10000
2015/03/07 01:30:52 packer-provisioner-shell: 2015/03/07 01:30:52 Plugin maximum port: 25000
2015/03/07 01:30:52 packer-provisioner-shell: 2015/03/07 01:30:52 Plugin address: unix /tmp/packer-plugin264271969
2015/03/07 01:30:52 packer-provisioner-shell: 2015/03/07 01:30:52 Waiting for connection...
2015/03/07 01:30:52 packer-provisioner-shell: 2015/03/07 01:30:52 Serving a plugin connection...
2015/03/07 01:30:52 ui: jessie output will be in this color.
2015/03/07 01:30:52 ui:
2015/03/07 01:30:52 Build debug mode: false
2015/03/07 01:30:52 Force build: false
2015/03/07 01:30:52 Preparing build: jessie
jessie output will be in this color.

2015/03/07 01:30:52 Waiting on builds to complete...
2015/03/07 01:30:52 Starting build run: jessie
2015/03/07 01:30:52 Running builder: qemu
2015/03/07 01:30:52 packer-builder-qemu: 2015/03/07 01:30:52 Qemu path: /usr/bin/qemu-system-x86_64, Qemu Image page: /usr/bin/qemu-img
2015/03/07 01:30:52 ui: ==> jessie: Downloading or copying ISO
==> jessie: Downloading or copying ISO
2015/03/07 01:30:52 ui:     jessie: Downloading or copying: http://cdimage.debian.org/cdimage/jessie_di_rc1/amd64/iso-cd/debian-jessie-DI-rc1-amd64-netinst.iso
2015/03/07 01:30:52 packer-builder-qemu: 2015/03/07 01:30:52 Acquiring lock to download: http://cdimage.debian.org/cdimage/jessie_di_rc1/amd64/iso-cd/debian-jessie-DI-rc1-amd64-netinst.iso
2015/03/07 01:30:52 packer-builder-qemu: 2015/03/07 01:30:52 Verifying checksum of /root/packer-qemu-debian-jessie/packer_cache/c171b24632b95d80d832790409dc65e1fd5c2d6d125016d9350605307c3c60a3.iso
    jessie: Downloading or copying: http://cdimage.debian.org/cdimage/jessie_di_rc1/amd64/iso-cd/debian-jessie-DI-rc1-amd64-netinst.iso
2015/03/07 01:30:52 packer-builder-qemu: 2015/03/07 01:30:52 Initial checksum matched, no download needed.
2015/03/07 01:30:52 packer-builder-qemu: 2015/03/07 01:30:52 No floppy files specified. Floppy disk will not be made.
2015/03/07 01:30:52 ui: ==> jessie: Creating hard drive...
2015/03/07 01:30:52 packer-builder-qemu: 2015/03/07 01:30:52 Executing qemu-img: []string{"create", "-f", "qcow2", "output-jessie/packer-jessie.qcow2", "10000M"}
==> jessie: Creating hard drive...
2015/03/07 01:30:52 packer-builder-qemu: 2015/03/07 01:30:52 stdout: Formatting 'output-jessie/packer-jessie.qcow2', fmt=qcow2 size=10485760000 encryption=off cluster_size=65536 lazy_refcounts=off
2015/03/07 01:30:52 packer-builder-qemu: 2015/03/07 01:30:52 stderr:
2015/03/07 01:30:52 packer-builder-qemu: 2015/03/07 01:30:52 Trying port: 8081
2015/03/07 01:30:52 packer-builder-qemu: 2015/03/07 01:30:52 Trying port: 8887
2015/03/07 01:30:52 ui: ==> jessie: Starting HTTP server on port 8887
2015/03/07 01:30:52 packer-builder-qemu: 2015/03/07 01:30:52 Looking for available SSH port between 2222 and 4444
2015/03/07 01:30:52 packer-builder-qemu: 2015/03/07 01:30:52 Trying port: 3463
2015/03/07 01:30:52 ui: ==> jessie: Found port for SSH: 3463.
2015/03/07 01:30:52 ui: ==> jessie: Looking for available port between 5900 and 6000
2015/03/07 01:30:52 packer-builder-qemu: 2015/03/07 01:30:52 Looking for available port between 5900 and 6000
2015/03/07 01:30:52 packer-builder-qemu: 2015/03/07 01:30:52 Trying port: 5959
2015/03/07 01:30:52 ui: ==> jessie: Found available VNC port: 5959
2015/03/07 01:30:52 ui: ==> jessie: Starting VM, booting from CD-ROM
2015/03/07 01:30:52 ui:     jessie: WARNING: The VM will be started in headless mode, as configured.
    jessie: In headless mode, errors during the boot sequence or OS setup
    jessie: won't be easily visible. Use at your own discretion.
2015/03/07 01:30:52 packer-builder-qemu: 2015/03/07 01:30:52 Qemu Builder has no floppy files, not attaching a floppy.
2015/03/07 01:30:52 ui: ==> jessie: Overriding defaults Qemu arguments with QemuArgs...
2015/03/07 01:30:52 packer-builder-qemu: 2015/03/07 01:30:52 Executing /usr/bin/qemu-system-x86_64: []string{"-netdev", "user,id=user.0,hostfwd=tcp::3463-:22", "-device", "virtio-net,netdev=user.0", "-cdrom", "/root/packer-qemu-debian-jessie/packer_cache/c171b24632b95d80d832790409dc65e1fd5c2d6d125016d9350605307c3c60a3.iso", "-vnc", "0.0.0.0:59", "-drive", "file=output-jessie/packer-jessie.qcow2,if=virtio,cache=writeback", "-boot", "once=d", "-name", "packer-jessie", "-machine", "type=pc,accel=kvm", "-m", "1024M", "-smp", "4"}
==> jessie: Starting HTTP server on port 8887
==> jessie: Found port for SSH: 3463.
2015/03/07 01:30:52 packer-builder-qemu: 2015/03/07 01:30:52 Started Qemu. Pid: 29205
==> jessie: Looking for available port between 5900 and 6000
==> jessie: Found available VNC port: 5959
==> jessie: Starting VM, booting from CD-ROM
    jessie: WARNING: The VM will be started in headless mode, as configured.
    jessie: In headless mode, errors during the boot sequence or OS setup
    jessie: won't be easily visible. Use at your own discretion.
==> jessie: Overriding defaults Qemu arguments with QemuArgs...
2015/03/07 01:30:54 ui: ==> jessie: Waiting 5s for boot...
==> jessie: Waiting 5s for boot...
2015/03/07 01:30:59 ui: ==> jessie: Connecting to VM via VNC
==> jessie: Connecting to VM via VNC
2015/03/07 01:30:59 packer-builder-qemu: 2015/03/07 01:30:59 Connected to VNC desktop: QEMU (packer-jessie)
2015/03/07 01:30:59 ui: ==> jessie: Typing the boot command over VNC...
2015/03/07 01:30:59 packer-builder-qemu: 2015/03/07 01:30:59 Special code '<esc>' found, replacing with: 65307
==> jessie: Typing the boot command over VNC...
2015/03/07 01:30:59 packer-builder-qemu: 2015/03/07 01:30:59 Special code '<wait>' found, sleeping one second
2015/03/07 01:31:00 packer-builder-qemu: 2015/03/07 01:31:00 Special code '<wait>' found, sleeping one second
2015/03/07 01:31:01 packer-builder-qemu: 2015/03/07 01:31:01 Sending char 'i', code 105, shift false
2015/03/07 01:31:01 packer-builder-qemu: 2015/03/07 01:31:01 Sending char 'n', code 110, shift false
2015/03/07 01:31:01 packer-builder-qemu: 2015/03/07 01:31:01 Sending char 's', code 115, shift false
2015/03/07 01:31:01 packer-builder-qemu: 2015/03/07 01:31:01 Sending char 't', code 116, shift false
2015/03/07 01:31:02 packer-builder-qemu: 2015/03/07 01:31:02 Sending char 'a', code 97, shift false
2015/03/07 01:31:02 packer-builder-qemu: 2015/03/07 01:31:02 Sending char 'l', code 108, shift false
2015/03/07 01:31:02 packer-builder-qemu: 2015/03/07 01:31:02 Sending char 'l', code 108, shift false
2015/03/07 01:31:02 packer-builder-qemu: 2015/03/07 01:31:02 Sending char ' ', code 32, shift false
2015/03/07 01:31:02 packer-builder-qemu: 2015/03/07 01:31:02 Sending char 'a', code 97, shift false
2015/03/07 01:31:02 packer-builder-qemu: 2015/03/07 01:31:02 Sending char 'u', code 117, shift false
2015/03/07 01:31:02 packer-builder-qemu: 2015/03/07 01:31:02 Sending char 't', code 116, shift false
2015/03/07 01:31:02 packer-builder-qemu: 2015/03/07 01:31:02 Sending char 'o', code 111, shift false
2015/03/07 01:31:02 packer-builder-qemu: 2015/03/07 01:31:02 Sending char ' ', code 32, shift false
2015/03/07 01:31:02 packer-builder-qemu: 2015/03/07 01:31:02 Special code '<wait>' found, sleeping one second
2015/03/07 01:31:03 packer-builder-qemu: 2015/03/07 01:31:03 Sending char 'p', code 112, shift false
2015/03/07 01:31:04 packer-builder-qemu: 2015/03/07 01:31:04 Sending char 'r', code 114, shift false
2015/03/07 01:31:04 packer-builder-qemu: 2015/03/07 01:31:04 Sending char 'e', code 101, shift false
2015/03/07 01:31:04 packer-builder-qemu: 2015/03/07 01:31:04 Sending char 's', code 115, shift false
2015/03/07 01:31:04 packer-builder-qemu: 2015/03/07 01:31:04 Sending char 'e', code 101, shift false
2015/03/07 01:31:04 packer-builder-qemu: 2015/03/07 01:31:04 Sending char 'e', code 101, shift false
2015/03/07 01:31:04 packer-builder-qemu: 2015/03/07 01:31:04 Sending char 'd', code 100, shift false
2015/03/07 01:31:04 packer-builder-qemu: 2015/03/07 01:31:04 Sending char '/', code 47, shift false
2015/03/07 01:31:04 packer-builder-qemu: 2015/03/07 01:31:04 Sending char 'u', code 117, shift false
2015/03/07 01:31:04 packer-builder-qemu: 2015/03/07 01:31:04 Sending char 'r', code 114, shift false
2015/03/07 01:31:04 packer-builder-qemu: 2015/03/07 01:31:04 Sending char 'l', code 108, shift false
2015/03/07 01:31:05 packer-builder-qemu: 2015/03/07 01:31:05 Sending char '=', code 61, shift false
2015/03/07 01:31:05 packer-builder-qemu: 2015/03/07 01:31:05 Sending char 'h', code 104, shift false
2015/03/07 01:31:05 packer-builder-qemu: 2015/03/07 01:31:05 Sending char 't', code 116, shift false
2015/03/07 01:31:05 packer-builder-qemu: 2015/03/07 01:31:05 Sending char 't', code 116, shift false
2015/03/07 01:31:05 packer-builder-qemu: 2015/03/07 01:31:05 Sending char 'p', code 112, shift false
2015/03/07 01:31:05 packer-builder-qemu: 2015/03/07 01:31:05 Sending char ':', code 58, shift true
2015/03/07 01:31:05 packer-builder-qemu: 2015/03/07 01:31:05 Sending char '/', code 47, shift false
2015/03/07 01:31:05 packer-builder-qemu: 2015/03/07 01:31:05 Sending char '/', code 47, shift false
2015/03/07 01:31:05 packer-builder-qemu: 2015/03/07 01:31:05 Sending char '1', code 49, shift false
2015/03/07 01:31:05 packer-builder-qemu: 2015/03/07 01:31:05 Sending char '0', code 48, shift false
2015/03/07 01:31:06 packer-builder-qemu: 2015/03/07 01:31:06 Sending char '.', code 46, shift false
2015/03/07 01:31:06 packer-builder-qemu: 2015/03/07 01:31:06 Sending char '0', code 48, shift false
2015/03/07 01:31:06 packer-builder-qemu: 2015/03/07 01:31:06 Sending char '.', code 46, shift false
2015/03/07 01:31:06 packer-builder-qemu: 2015/03/07 01:31:06 Sending char '2', code 50, shift false
2015/03/07 01:31:06 packer-builder-qemu: 2015/03/07 01:31:06 Sending char '.', code 46, shift false
2015/03/07 01:31:06 packer-builder-qemu: 2015/03/07 01:31:06 Sending char '2', code 50, shift false
2015/03/07 01:31:06 packer-builder-qemu: 2015/03/07 01:31:06 Sending char ':', code 58, shift true
2015/03/07 01:31:06 packer-builder-qemu: 2015/03/07 01:31:06 Sending char '8', code 56, shift false
2015/03/07 01:31:06 packer-builder-qemu: 2015/03/07 01:31:06 Sending char '8', code 56, shift false
2015/03/07 01:31:06 packer-builder-qemu: 2015/03/07 01:31:06 Sending char '8', code 56, shift false
2015/03/07 01:31:07 packer-builder-qemu: 2015/03/07 01:31:07 Sending char '7', code 55, shift false
2015/03/07 01:31:07 packer-builder-qemu: 2015/03/07 01:31:07 Sending char '/', code 47, shift false
2015/03/07 01:31:07 packer-builder-qemu: 2015/03/07 01:31:07 Sending char 'p', code 112, shift false
2015/03/07 01:31:07 packer-builder-qemu: 2015/03/07 01:31:07 Sending char 'r', code 114, shift false
2015/03/07 01:31:07 packer-builder-qemu: 2015/03/07 01:31:07 Sending char 'e', code 101, shift false
2015/03/07 01:31:07 packer-builder-qemu: 2015/03/07 01:31:07 Sending char 's', code 115, shift false
2015/03/07 01:31:07 packer-builder-qemu: 2015/03/07 01:31:07 Sending char 'e', code 101, shift false
2015/03/07 01:31:07 packer-builder-qemu: 2015/03/07 01:31:07 Sending char 'e', code 101, shift false
2015/03/07 01:31:07 packer-builder-qemu: 2015/03/07 01:31:07 Sending char 'd', code 100, shift false
2015/03/07 01:31:07 packer-builder-qemu: 2015/03/07 01:31:07 Sending char '.', code 46, shift false
2015/03/07 01:31:08 packer-builder-qemu: 2015/03/07 01:31:08 Sending char 'c', code 99, shift false
2015/03/07 01:31:08 packer-builder-qemu: 2015/03/07 01:31:08 Sending char 'f', code 102, shift false
2015/03/07 01:31:08 packer-builder-qemu: 2015/03/07 01:31:08 Sending char 'g', code 103, shift false
2015/03/07 01:31:08 packer-builder-qemu: 2015/03/07 01:31:08 Sending char ' ', code 32, shift false
2015/03/07 01:31:08 packer-builder-qemu: 2015/03/07 01:31:08 Special code '<wait>' found, sleeping one second
2015/03/07 01:31:09 packer-builder-qemu: 2015/03/07 01:31:09 Sending char 'd', code 100, shift false
2015/03/07 01:31:09 packer-builder-qemu: 2015/03/07 01:31:09 Sending char 'e', code 101, shift false
2015/03/07 01:31:09 packer-builder-qemu: 2015/03/07 01:31:09 Sending char 'b', code 98, shift false
2015/03/07 01:31:09 packer-builder-qemu: 2015/03/07 01:31:09 Sending char 'i', code 105, shift false
2015/03/07 01:31:09 packer-builder-qemu: 2015/03/07 01:31:09 Sending char 'a', code 97, shift false
2015/03/07 01:31:09 packer-builder-qemu: 2015/03/07 01:31:09 Sending char 'n', code 110, shift false
2015/03/07 01:31:10 packer-builder-qemu: 2015/03/07 01:31:10 Sending char '-', code 45, shift false
2015/03/07 01:31:10 packer-builder-qemu: 2015/03/07 01:31:10 Sending char 'i', code 105, shift false
2015/03/07 01:31:10 packer-builder-qemu: 2015/03/07 01:31:10 Sending char 'n', code 110, shift false
2015/03/07 01:31:10 packer-builder-qemu: 2015/03/07 01:31:10 Sending char 's', code 115, shift false
2015/03/07 01:31:10 packer-builder-qemu: 2015/03/07 01:31:10 Sending char 't', code 116, shift false
2015/03/07 01:31:10 packer-builder-qemu: 2015/03/07 01:31:10 Sending char 'a', code 97, shift false
2015/03/07 01:31:10 packer-builder-qemu: 2015/03/07 01:31:10 Sending char 'l', code 108, shift false
2015/03/07 01:31:10 packer-builder-qemu: 2015/03/07 01:31:10 Sending char 'l', code 108, shift false
2015/03/07 01:31:10 packer-builder-qemu: 2015/03/07 01:31:10 Sending char 'e', code 101, shift false
2015/03/07 01:31:10 packer-builder-qemu: 2015/03/07 01:31:10 Sending char 'r', code 114, shift false
2015/03/07 01:31:11 packer-builder-qemu: 2015/03/07 01:31:11 Sending char '=', code 61, shift false
2015/03/07 01:31:11 packer-builder-qemu: 2015/03/07 01:31:11 Sending char 'e', code 101, shift false
2015/03/07 01:31:11 packer-builder-qemu: 2015/03/07 01:31:11 Sending char 'n', code 110, shift false
2015/03/07 01:31:11 packer-builder-qemu: 2015/03/07 01:31:11 Sending char '_', code 95, shift true
2015/03/07 01:31:11 packer-builder-qemu: 2015/03/07 01:31:11 Sending char 'U', code 85, shift true
2015/03/07 01:31:11 packer-builder-qemu: 2015/03/07 01:31:11 Sending char 'S', code 83, shift true
2015/03/07 01:31:11 packer-builder-qemu: 2015/03/07 01:31:11 Sending char ' ', code 32, shift false
2015/03/07 01:31:11 packer-builder-qemu: 2015/03/07 01:31:11 Sending char 'l', code 108, shift false
2015/03/07 01:31:11 packer-builder-qemu: 2015/03/07 01:31:11 Sending char 'o', code 111, shift false
2015/03/07 01:31:11 packer-builder-qemu: 2015/03/07 01:31:11 Sending char 'c', code 99, shift false
2015/03/07 01:31:12 packer-builder-qemu: 2015/03/07 01:31:12 Sending char 'a', code 97, shift false
2015/03/07 01:31:12 packer-builder-qemu: 2015/03/07 01:31:12 Sending char 'l', code 108, shift false
2015/03/07 01:31:12 packer-builder-qemu: 2015/03/07 01:31:12 Sending char 'e', code 101, shift false
2015/03/07 01:31:12 packer-builder-qemu: 2015/03/07 01:31:12 Sending char '=', code 61, shift false
2015/03/07 01:31:12 packer-builder-qemu: 2015/03/07 01:31:12 Sending char 'e', code 101, shift false
2015/03/07 01:31:12 packer-builder-qemu: 2015/03/07 01:31:12 Sending char 'n', code 110, shift false
2015/03/07 01:31:12 packer-builder-qemu: 2015/03/07 01:31:12 Sending char '_', code 95, shift true
2015/03/07 01:31:12 packer-builder-qemu: 2015/03/07 01:31:12 Sending char 'A', code 65, shift true
2015/03/07 01:31:12 packer-builder-qemu: 2015/03/07 01:31:12 Sending char 'U', code 85, shift true
2015/03/07 01:31:12 packer-builder-qemu: 2015/03/07 01:31:12 Sending char '.', code 46, shift false
2015/03/07 01:31:13 packer-builder-qemu: 2015/03/07 01:31:13 Sending char 'U', code 85, shift true
2015/03/07 01:31:13 packer-builder-qemu: 2015/03/07 01:31:13 Sending char 'T', code 84, shift true
2015/03/07 01:31:13 packer-builder-qemu: 2015/03/07 01:31:13 Sending char 'F', code 70, shift true
2015/03/07 01:31:13 packer-builder-qemu: 2015/03/07 01:31:13 Sending char '-', code 45, shift false
2015/03/07 01:31:13 packer-builder-qemu: 2015/03/07 01:31:13 Sending char '8', code 56, shift false
2015/03/07 01:31:13 packer-builder-qemu: 2015/03/07 01:31:13 Sending char ' ', code 32, shift false
2015/03/07 01:31:13 packer-builder-qemu: 2015/03/07 01:31:13 Sending char 'k', code 107, shift false
2015/03/07 01:31:13 packer-builder-qemu: 2015/03/07 01:31:13 Sending char 'e', code 101, shift false
2015/03/07 01:31:13 packer-builder-qemu: 2015/03/07 01:31:13 Sending char 'y', code 121, shift false
2015/03/07 01:31:13 packer-builder-qemu: 2015/03/07 01:31:13 Sending char 'm', code 109, shift false
2015/03/07 01:31:14 packer-builder-qemu: 2015/03/07 01:31:14 Sending char 'a', code 97, shift false
2015/03/07 01:31:14 packer-builder-qemu: 2015/03/07 01:31:14 Sending char 'p', code 112, shift false
2015/03/07 01:31:14 packer-builder-qemu: 2015/03/07 01:31:14 Sending char '=', code 61, shift false
2015/03/07 01:31:14 packer-builder-qemu: 2015/03/07 01:31:14 Sending char 'u', code 117, shift false
2015/03/07 01:31:14 packer-builder-qemu: 2015/03/07 01:31:14 Sending char 's', code 115, shift false
2015/03/07 01:31:14 packer-builder-qemu: 2015/03/07 01:31:14 Sending char ' ', code 32, shift false
2015/03/07 01:31:14 packer-builder-qemu: 2015/03/07 01:31:14 Special code '<wait>' found, sleeping one second
2015/03/07 01:31:15 packer-builder-qemu: 2015/03/07 01:31:15 Sending char 'n', code 110, shift false
2015/03/07 01:31:15 packer-builder-qemu: 2015/03/07 01:31:15 Sending char 'e', code 101, shift false
2015/03/07 01:31:15 packer-builder-qemu: 2015/03/07 01:31:15 Sending char 't', code 116, shift false
2015/03/07 01:31:15 packer-builder-qemu: 2015/03/07 01:31:15 Sending char 'c', code 99, shift false
2015/03/07 01:31:16 packer-builder-qemu: 2015/03/07 01:31:16 Sending char 'f', code 102, shift false
2015/03/07 01:31:16 packer-builder-qemu: 2015/03/07 01:31:16 Sending char 'g', code 103, shift false
2015/03/07 01:31:16 packer-builder-qemu: 2015/03/07 01:31:16 Sending char '/', code 47, shift false
2015/03/07 01:31:16 packer-builder-qemu: 2015/03/07 01:31:16 Sending char 'g', code 103, shift false
2015/03/07 01:31:16 packer-builder-qemu: 2015/03/07 01:31:16 Sending char 'e', code 101, shift false
2015/03/07 01:31:16 packer-builder-qemu: 2015/03/07 01:31:16 Sending char 't', code 116, shift false
2015/03/07 01:31:16 packer-builder-qemu: 2015/03/07 01:31:16 Sending char '_', code 95, shift true
2015/03/07 01:31:16 packer-builder-qemu: 2015/03/07 01:31:16 Sending char 'h', code 104, shift false
2015/03/07 01:31:16 packer-builder-qemu: 2015/03/07 01:31:16 Sending char 'o', code 111, shift false
2015/03/07 01:31:16 packer-builder-qemu: 2015/03/07 01:31:16 Sending char 's', code 115, shift false
2015/03/07 01:31:17 packer-builder-qemu: 2015/03/07 01:31:17 Sending char 't', code 116, shift false
2015/03/07 01:31:17 packer-builder-qemu: 2015/03/07 01:31:17 Sending char 'n', code 110, shift false
2015/03/07 01:31:17 packer-builder-qemu: 2015/03/07 01:31:17 Sending char 'a', code 97, shift false
2015/03/07 01:31:17 packer-builder-qemu: 2015/03/07 01:31:17 Sending char 'm', code 109, shift false
2015/03/07 01:31:17 packer-builder-qemu: 2015/03/07 01:31:17 Sending char 'e', code 101, shift false
2015/03/07 01:31:17 packer-builder-qemu: 2015/03/07 01:31:17 Sending char '=', code 61, shift false
2015/03/07 01:31:17 packer-builder-qemu: 2015/03/07 01:31:17 Sending char 'p', code 112, shift false
2015/03/07 01:31:17 packer-builder-qemu: 2015/03/07 01:31:17 Sending char 'a', code 97, shift false
2015/03/07 01:31:17 packer-builder-qemu: 2015/03/07 01:31:17 Sending char 'c', code 99, shift false
2015/03/07 01:31:17 packer-builder-qemu: 2015/03/07 01:31:17 Sending char 'k', code 107, shift false
2015/03/07 01:31:18 packer-builder-qemu: 2015/03/07 01:31:18 Sending char 'e', code 101, shift false
2015/03/07 01:31:18 packer-builder-qemu: 2015/03/07 01:31:18 Sending char 'r', code 114, shift false
2015/03/07 01:31:18 packer-builder-qemu: 2015/03/07 01:31:18 Sending char '-', code 45, shift false
2015/03/07 01:31:18 packer-builder-qemu: 2015/03/07 01:31:18 Sending char 'j', code 106, shift false
2015/03/07 01:31:18 packer-builder-qemu: 2015/03/07 01:31:18 Sending char 'e', code 101, shift false
2015/03/07 01:31:18 packer-builder-qemu: 2015/03/07 01:31:18 Sending char 's', code 115, shift false
2015/03/07 01:31:18 packer-builder-qemu: 2015/03/07 01:31:18 Sending char 's', code 115, shift false
2015/03/07 01:31:18 packer-builder-qemu: 2015/03/07 01:31:18 Sending char 'i', code 105, shift false
2015/03/07 01:31:18 packer-builder-qemu: 2015/03/07 01:31:18 Sending char 'e', code 101, shift false
2015/03/07 01:31:18 packer-builder-qemu: 2015/03/07 01:31:18 Sending char ' ', code 32, shift false
2015/03/07 01:31:19 packer-builder-qemu: 2015/03/07 01:31:19 Special code '<wait>' found, sleeping one second
2015/03/07 01:31:20 packer-builder-qemu: 2015/03/07 01:31:20 Sending char 'n', code 110, shift false
2015/03/07 01:31:20 packer-builder-qemu: 2015/03/07 01:31:20 Sending char 'e', code 101, shift false
2015/03/07 01:31:20 packer-builder-qemu: 2015/03/07 01:31:20 Sending char 't', code 116, shift false
2015/03/07 01:31:20 packer-builder-qemu: 2015/03/07 01:31:20 Sending char 'c', code 99, shift false
2015/03/07 01:31:20 packer-builder-qemu: 2015/03/07 01:31:20 Sending char 'f', code 102, shift false
2015/03/07 01:31:20 packer-builder-qemu: 2015/03/07 01:31:20 Sending char 'g', code 103, shift false
2015/03/07 01:31:20 packer-builder-qemu: 2015/03/07 01:31:20 Sending char '/', code 47, shift false
2015/03/07 01:31:20 packer-builder-qemu: 2015/03/07 01:31:20 Sending char 'g', code 103, shift false
2015/03/07 01:31:20 packer-builder-qemu: 2015/03/07 01:31:20 Sending char 'e', code 101, shift false
2015/03/07 01:31:20 packer-builder-qemu: 2015/03/07 01:31:20 Sending char 't', code 116, shift false
2015/03/07 01:31:21 packer-builder-qemu: 2015/03/07 01:31:21 Sending char '_', code 95, shift true
2015/03/07 01:31:21 packer-builder-qemu: 2015/03/07 01:31:21 Sending char 'd', code 100, shift false
2015/03/07 01:31:21 packer-builder-qemu: 2015/03/07 01:31:21 Sending char 'o', code 111, shift false
2015/03/07 01:31:21 packer-builder-qemu: 2015/03/07 01:31:21 Sending char 'm', code 109, shift false
2015/03/07 01:31:21 packer-builder-qemu: 2015/03/07 01:31:21 Sending char 'a', code 97, shift false
2015/03/07 01:31:21 packer-builder-qemu: 2015/03/07 01:31:21 Sending char 'i', code 105, shift false
2015/03/07 01:31:21 packer-builder-qemu: 2015/03/07 01:31:21 Sending char 'n', code 110, shift false
2015/03/07 01:31:21 packer-builder-qemu: 2015/03/07 01:31:21 Sending char '=', code 61, shift false
2015/03/07 01:31:21 packer-builder-qemu: 2015/03/07 01:31:21 Sending char ' ', code 32, shift false
2015/03/07 01:31:21 packer-builder-qemu: 2015/03/07 01:31:21 Special code '<wait>' found, sleeping one second
2015/03/07 01:31:22 packer-builder-qemu: 2015/03/07 01:31:22 Sending char 'f', code 102, shift false
2015/03/07 01:31:23 packer-builder-qemu: 2015/03/07 01:31:23 Sending char 'b', code 98, shift false
2015/03/07 01:31:23 packer-builder-qemu: 2015/03/07 01:31:23 Sending char '=', code 61, shift false
2015/03/07 01:31:23 packer-builder-qemu: 2015/03/07 01:31:23 Sending char 'f', code 102, shift false
2015/03/07 01:31:23 packer-builder-qemu: 2015/03/07 01:31:23 Sending char 'a', code 97, shift false
2015/03/07 01:31:23 packer-builder-qemu: 2015/03/07 01:31:23 Sending char 'l', code 108, shift false
2015/03/07 01:31:23 packer-builder-qemu: 2015/03/07 01:31:23 Sending char 's', code 115, shift false
2015/03/07 01:31:23 packer-builder-qemu: 2015/03/07 01:31:23 Sending char 'e', code 101, shift false
2015/03/07 01:31:23 packer-builder-qemu: 2015/03/07 01:31:23 Sending char ' ', code 32, shift false
2015/03/07 01:31:23 packer-builder-qemu: 2015/03/07 01:31:23 Sending char 'd', code 100, shift false
2015/03/07 01:31:23 packer-builder-qemu: 2015/03/07 01:31:23 Sending char 'e', code 101, shift false
2015/03/07 01:31:24 packer-builder-qemu: 2015/03/07 01:31:24 Sending char 'b', code 98, shift false
2015/03/07 01:31:24 packer-builder-qemu: 2015/03/07 01:31:24 Sending char 'c', code 99, shift false
2015/03/07 01:31:24 packer-builder-qemu: 2015/03/07 01:31:24 Sending char 'o', code 111, shift false
2015/03/07 01:31:24 packer-builder-qemu: 2015/03/07 01:31:24 Sending char 'n', code 110, shift false
2015/03/07 01:31:24 packer-builder-qemu: 2015/03/07 01:31:24 Sending char 'f', code 102, shift false
2015/03/07 01:31:24 packer-builder-qemu: 2015/03/07 01:31:24 Sending char '/', code 47, shift false
2015/03/07 01:31:24 packer-builder-qemu: 2015/03/07 01:31:24 Sending char 'f', code 102, shift false
2015/03/07 01:31:24 packer-builder-qemu: 2015/03/07 01:31:24 Sending char 'r', code 114, shift false
2015/03/07 01:31:24 packer-builder-qemu: 2015/03/07 01:31:24 Sending char 'o', code 111, shift false
2015/03/07 01:31:24 packer-builder-qemu: 2015/03/07 01:31:24 Sending char 'n', code 110, shift false
2015/03/07 01:31:25 packer-builder-qemu: 2015/03/07 01:31:25 Sending char 't', code 116, shift false
2015/03/07 01:31:25 packer-builder-qemu: 2015/03/07 01:31:25 Sending char 'e', code 101, shift false
2015/03/07 01:31:25 packer-builder-qemu: 2015/03/07 01:31:25 Sending char 'n', code 110, shift false
2015/03/07 01:31:25 packer-builder-qemu: 2015/03/07 01:31:25 Sending char 'd', code 100, shift false
2015/03/07 01:31:25 packer-builder-qemu: 2015/03/07 01:31:25 Sending char '=', code 61, shift false
2015/03/07 01:31:25 packer-builder-qemu: 2015/03/07 01:31:25 Sending char 'n', code 110, shift false
2015/03/07 01:31:25 packer-builder-qemu: 2015/03/07 01:31:25 Sending char 'o', code 111, shift false
2015/03/07 01:31:25 packer-builder-qemu: 2015/03/07 01:31:25 Sending char 'n', code 110, shift false
2015/03/07 01:31:25 packer-builder-qemu: 2015/03/07 01:31:25 Sending char 'i', code 105, shift false
2015/03/07 01:31:25 packer-builder-qemu: 2015/03/07 01:31:25 Sending char 'n', code 110, shift false
2015/03/07 01:31:26 packer-builder-qemu: 2015/03/07 01:31:26 Sending char 't', code 116, shift false
2015/03/07 01:31:26 packer-builder-qemu: 2015/03/07 01:31:26 Sending char 'e', code 101, shift false
2015/03/07 01:31:26 packer-builder-qemu: 2015/03/07 01:31:26 Sending char 'r', code 114, shift false
2015/03/07 01:31:26 packer-builder-qemu: 2015/03/07 01:31:26 Sending char 'a', code 97, shift false
2015/03/07 01:31:26 packer-builder-qemu: 2015/03/07 01:31:26 Sending char 'c', code 99, shift false
2015/03/07 01:31:26 packer-builder-qemu: 2015/03/07 01:31:26 Sending char 't', code 116, shift false
2015/03/07 01:31:26 packer-builder-qemu: 2015/03/07 01:31:26 Sending char 'i', code 105, shift false
2015/03/07 01:31:26 packer-builder-qemu: 2015/03/07 01:31:26 Sending char 'v', code 118, shift false
2015/03/07 01:31:26 packer-builder-qemu: 2015/03/07 01:31:26 Sending char 'e', code 101, shift false
2015/03/07 01:31:26 packer-builder-qemu: 2015/03/07 01:31:26 Sending char ' ', code 32, shift false
2015/03/07 01:31:27 packer-builder-qemu: 2015/03/07 01:31:27 Special code '<wait>' found, sleeping one second
2015/03/07 01:31:28 packer-builder-qemu: 2015/03/07 01:31:28 Sending char 'p', code 112, shift false
2015/03/07 01:31:28 packer-builder-qemu: 2015/03/07 01:31:28 Sending char 'a', code 97, shift false
2015/03/07 01:31:28 packer-builder-qemu: 2015/03/07 01:31:28 Sending char 's', code 115, shift false
2015/03/07 01:31:28 packer-builder-qemu: 2015/03/07 01:31:28 Sending char 's', code 115, shift false
2015/03/07 01:31:28 packer-builder-qemu: 2015/03/07 01:31:28 Sending char 'w', code 119, shift false
2015/03/07 01:31:28 packer-builder-qemu: 2015/03/07 01:31:28 Sending char 'd', code 100, shift false
2015/03/07 01:31:28 packer-builder-qemu: 2015/03/07 01:31:28 Sending char '/', code 47, shift false
2015/03/07 01:31:28 packer-builder-qemu: 2015/03/07 01:31:28 Sending char 'u', code 117, shift false
2015/03/07 01:31:28 packer-builder-qemu: 2015/03/07 01:31:28 Sending char 's', code 115, shift false
2015/03/07 01:31:28 packer-builder-qemu: 2015/03/07 01:31:28 Sending char 'e', code 101, shift false
2015/03/07 01:31:29 packer-builder-qemu: 2015/03/07 01:31:29 Sending char 'r', code 114, shift false
2015/03/07 01:31:29 packer-builder-qemu: 2015/03/07 01:31:29 Sending char '-', code 45, shift false
2015/03/07 01:31:29 packer-builder-qemu: 2015/03/07 01:31:29 Sending char 'f', code 102, shift false
2015/03/07 01:31:29 packer-builder-qemu: 2015/03/07 01:31:29 Sending char 'u', code 117, shift false
2015/03/07 01:31:29 packer-builder-qemu: 2015/03/07 01:31:29 Sending char 'l', code 108, shift false
2015/03/07 01:31:29 packer-builder-qemu: 2015/03/07 01:31:29 Sending char 'l', code 108, shift false
2015/03/07 01:31:29 packer-builder-qemu: 2015/03/07 01:31:29 Sending char 'n', code 110, shift false
2015/03/07 01:31:29 packer-builder-qemu: 2015/03/07 01:31:29 Sending char 'a', code 97, shift false
2015/03/07 01:31:29 packer-builder-qemu: 2015/03/07 01:31:29 Sending char 'm', code 109, shift false
2015/03/07 01:31:29 packer-builder-qemu: 2015/03/07 01:31:29 Sending char 'e', code 101, shift false
2015/03/07 01:31:30 packer-builder-qemu: 2015/03/07 01:31:30 Sending char '=', code 61, shift false
2015/03/07 01:31:30 packer-builder-qemu: 2015/03/07 01:31:30 Sending char 'p', code 112, shift false
2015/03/07 01:31:30 packer-builder-qemu: 2015/03/07 01:31:30 Sending char 'a', code 97, shift false
2015/03/07 01:31:30 packer-builder-qemu: 2015/03/07 01:31:30 Sending char 'c', code 99, shift false
2015/03/07 01:31:30 packer-builder-qemu: 2015/03/07 01:31:30 Sending char 'k', code 107, shift false
2015/03/07 01:31:30 packer-builder-qemu: 2015/03/07 01:31:30 Sending char 'e', code 101, shift false
2015/03/07 01:31:30 packer-builder-qemu: 2015/03/07 01:31:30 Sending char 'r', code 114, shift false
2015/03/07 01:31:30 packer-builder-qemu: 2015/03/07 01:31:30 Sending char ' ', code 32, shift false
2015/03/07 01:31:30 packer-builder-qemu: 2015/03/07 01:31:30 Special code '<wait>' found, sleeping one second
2015/03/07 01:31:31 packer-builder-qemu: 2015/03/07 01:31:31 Sending char 'p', code 112, shift false
2015/03/07 01:31:31 packer-builder-qemu: 2015/03/07 01:31:31 Sending char 'a', code 97, shift false
2015/03/07 01:31:32 packer-builder-qemu: 2015/03/07 01:31:32 Sending char 's', code 115, shift false
2015/03/07 01:31:32 packer-builder-qemu: 2015/03/07 01:31:32 Sending char 's', code 115, shift false
2015/03/07 01:31:32 packer-builder-qemu: 2015/03/07 01:31:32 Sending char 'w', code 119, shift false
2015/03/07 01:31:32 packer-builder-qemu: 2015/03/07 01:31:32 Sending char 'd', code 100, shift false
2015/03/07 01:31:32 packer-builder-qemu: 2015/03/07 01:31:32 Sending char '/', code 47, shift false
2015/03/07 01:31:32 packer-builder-qemu: 2015/03/07 01:31:32 Sending char 'u', code 117, shift false
2015/03/07 01:31:32 packer-builder-qemu: 2015/03/07 01:31:32 Sending char 's', code 115, shift false
2015/03/07 01:31:32 packer-builder-qemu: 2015/03/07 01:31:32 Sending char 'e', code 101, shift false
2015/03/07 01:31:32 packer-builder-qemu: 2015/03/07 01:31:32 Sending char 'r', code 114, shift false
2015/03/07 01:31:32 packer-builder-qemu: 2015/03/07 01:31:32 Sending char '-', code 45, shift false
2015/03/07 01:31:33 packer-builder-qemu: 2015/03/07 01:31:33 Sending char 'p', code 112, shift false
2015/03/07 01:31:33 packer-builder-qemu: 2015/03/07 01:31:33 Sending char 'a', code 97, shift false
2015/03/07 01:31:33 packer-builder-qemu: 2015/03/07 01:31:33 Sending char 's', code 115, shift false
2015/03/07 01:31:33 packer-builder-qemu: 2015/03/07 01:31:33 Sending char 's', code 115, shift false
2015/03/07 01:31:33 packer-builder-qemu: 2015/03/07 01:31:33 Sending char 'w', code 119, shift false
2015/03/07 01:31:33 packer-builder-qemu: 2015/03/07 01:31:33 Sending char 'o', code 111, shift false
2015/03/07 01:31:33 packer-builder-qemu: 2015/03/07 01:31:33 Sending char 'r', code 114, shift false
2015/03/07 01:31:33 packer-builder-qemu: 2015/03/07 01:31:33 Sending char 'd', code 100, shift false
2015/03/07 01:31:33 packer-builder-qemu: 2015/03/07 01:31:33 Sending char '=', code 61, shift false
2015/03/07 01:31:33 packer-builder-qemu: 2015/03/07 01:31:33 Sending char 'p', code 112, shift false
2015/03/07 01:31:34 packer-builder-qemu: 2015/03/07 01:31:34 Sending char 'a', code 97, shift false
2015/03/07 01:31:34 packer-builder-qemu: 2015/03/07 01:31:34 Sending char 'c', code 99, shift false
2015/03/07 01:31:34 packer-builder-qemu: 2015/03/07 01:31:34 Sending char 'k', code 107, shift false
2015/03/07 01:31:34 packer-builder-qemu: 2015/03/07 01:31:34 Sending char 'e', code 101, shift false
2015/03/07 01:31:34 packer-builder-qemu: 2015/03/07 01:31:34 Sending char 'r', code 114, shift false
2015/03/07 01:31:34 packer-builder-qemu: 2015/03/07 01:31:34 Sending char ' ', code 32, shift false
2015/03/07 01:31:34 packer-builder-qemu: 2015/03/07 01:31:34 Special code '<wait>' found, sleeping one second
2015/03/07 01:31:35 packer-builder-qemu: 2015/03/07 01:31:35 Sending char 'p', code 112, shift false
2015/03/07 01:31:35 packer-builder-qemu: 2015/03/07 01:31:35 Sending char 'a', code 97, shift false
2015/03/07 01:31:35 packer-builder-qemu: 2015/03/07 01:31:35 Sending char 's', code 115, shift false
2015/03/07 01:31:35 packer-builder-qemu: 2015/03/07 01:31:35 Sending char 's', code 115, shift false
2015/03/07 01:31:36 packer-builder-qemu: 2015/03/07 01:31:36 Sending char 'w', code 119, shift false
2015/03/07 01:31:36 packer-builder-qemu: 2015/03/07 01:31:36 Sending char 'd', code 100, shift false
2015/03/07 01:31:36 packer-builder-qemu: 2015/03/07 01:31:36 Sending char '/', code 47, shift false
2015/03/07 01:31:36 packer-builder-qemu: 2015/03/07 01:31:36 Sending char 'u', code 117, shift false
2015/03/07 01:31:36 packer-builder-qemu: 2015/03/07 01:31:36 Sending char 's', code 115, shift false
2015/03/07 01:31:36 packer-builder-qemu: 2015/03/07 01:31:36 Sending char 'e', code 101, shift false
2015/03/07 01:31:36 packer-builder-qemu: 2015/03/07 01:31:36 Sending char 'r', code 114, shift false
2015/03/07 01:31:36 packer-builder-qemu: 2015/03/07 01:31:36 Sending char '-', code 45, shift false
2015/03/07 01:31:36 packer-builder-qemu: 2015/03/07 01:31:36 Sending char 'p', code 112, shift false
2015/03/07 01:31:36 packer-builder-qemu: 2015/03/07 01:31:36 Sending char 'a', code 97, shift false
2015/03/07 01:31:37 packer-builder-qemu: 2015/03/07 01:31:37 Sending char 's', code 115, shift false
2015/03/07 01:31:37 packer-builder-qemu: 2015/03/07 01:31:37 Sending char 's', code 115, shift false
2015/03/07 01:31:37 packer-builder-qemu: 2015/03/07 01:31:37 Sending char 'w', code 119, shift false
2015/03/07 01:31:37 packer-builder-qemu: 2015/03/07 01:31:37 Sending char 'o', code 111, shift false
2015/03/07 01:31:37 packer-builder-qemu: 2015/03/07 01:31:37 Sending char 'r', code 114, shift false
2015/03/07 01:31:37 packer-builder-qemu: 2015/03/07 01:31:37 Sending char 'd', code 100, shift false
2015/03/07 01:31:37 packer-builder-qemu: 2015/03/07 01:31:37 Sending char '-', code 45, shift false
2015/03/07 01:31:37 packer-builder-qemu: 2015/03/07 01:31:37 Sending char 'a', code 97, shift false
2015/03/07 01:31:37 packer-builder-qemu: 2015/03/07 01:31:37 Sending char 'g', code 103, shift false
2015/03/07 01:31:37 packer-builder-qemu: 2015/03/07 01:31:37 Sending char 'a', code 97, shift false
2015/03/07 01:31:38 packer-builder-qemu: 2015/03/07 01:31:38 Sending char 'i', code 105, shift false
2015/03/07 01:31:38 packer-builder-qemu: 2015/03/07 01:31:38 Sending char 'n', code 110, shift false
2015/03/07 01:31:38 packer-builder-qemu: 2015/03/07 01:31:38 Sending char '=', code 61, shift false
2015/03/07 01:31:38 packer-builder-qemu: 2015/03/07 01:31:38 Sending char 'p', code 112, shift false
2015/03/07 01:31:38 packer-builder-qemu: 2015/03/07 01:31:38 Sending char 'a', code 97, shift false
2015/03/07 01:31:38 packer-builder-qemu: 2015/03/07 01:31:38 Sending char 'c', code 99, shift false
2015/03/07 01:31:38 packer-builder-qemu: 2015/03/07 01:31:38 Sending char 'k', code 107, shift false
2015/03/07 01:31:38 packer-builder-qemu: 2015/03/07 01:31:38 Sending char 'e', code 101, shift false
2015/03/07 01:31:38 packer-builder-qemu: 2015/03/07 01:31:38 Sending char 'r', code 114, shift false
2015/03/07 01:31:38 packer-builder-qemu: 2015/03/07 01:31:38 Sending char ' ', code 32, shift false
2015/03/07 01:31:39 packer-builder-qemu: 2015/03/07 01:31:39 Special code '<wait>' found, sleeping one second
2015/03/07 01:31:40 packer-builder-qemu: 2015/03/07 01:31:40 Sending char 'p', code 112, shift false
2015/03/07 01:31:40 packer-builder-qemu: 2015/03/07 01:31:40 Sending char 'a', code 97, shift false
2015/03/07 01:31:40 packer-builder-qemu: 2015/03/07 01:31:40 Sending char 's', code 115, shift false
2015/03/07 01:31:40 packer-builder-qemu: 2015/03/07 01:31:40 Sending char 's', code 115, shift false
2015/03/07 01:31:40 packer-builder-qemu: 2015/03/07 01:31:40 Sending char 'w', code 119, shift false
2015/03/07 01:31:40 packer-builder-qemu: 2015/03/07 01:31:40 Sending char 'd', code 100, shift false
2015/03/07 01:31:40 packer-builder-qemu: 2015/03/07 01:31:40 Sending char '/', code 47, shift false
2015/03/07 01:31:40 packer-builder-qemu: 2015/03/07 01:31:40 Sending char 'u', code 117, shift false
2015/03/07 01:31:40 packer-builder-qemu: 2015/03/07 01:31:40 Sending char 's', code 115, shift false
2015/03/07 01:31:40 packer-builder-qemu: 2015/03/07 01:31:40 Sending char 'e', code 101, shift false
2015/03/07 01:31:41 packer-builder-qemu: 2015/03/07 01:31:41 Sending char 'r', code 114, shift false
2015/03/07 01:31:41 packer-builder-qemu: 2015/03/07 01:31:41 Sending char 'n', code 110, shift false
2015/03/07 01:31:41 packer-builder-qemu: 2015/03/07 01:31:41 Sending char 'a', code 97, shift false
2015/03/07 01:31:41 packer-builder-qemu: 2015/03/07 01:31:41 Sending char 'm', code 109, shift false
2015/03/07 01:31:41 packer-builder-qemu: 2015/03/07 01:31:41 Sending char 'e', code 101, shift false
2015/03/07 01:31:41 packer-builder-qemu: 2015/03/07 01:31:41 Sending char '=', code 61, shift false
2015/03/07 01:31:41 packer-builder-qemu: 2015/03/07 01:31:41 Sending char 'p', code 112, shift false
2015/03/07 01:31:41 packer-builder-qemu: 2015/03/07 01:31:41 Sending char 'a', code 97, shift false
2015/03/07 01:31:41 packer-builder-qemu: 2015/03/07 01:31:41 Sending char 'c', code 99, shift false
2015/03/07 01:31:41 packer-builder-qemu: 2015/03/07 01:31:41 Sending char 'k', code 107, shift false
2015/03/07 01:31:42 packer-builder-qemu: 2015/03/07 01:31:42 Sending char 'e', code 101, shift false
2015/03/07 01:31:42 packer-builder-qemu: 2015/03/07 01:31:42 Sending char 'r', code 114, shift false
2015/03/07 01:31:42 packer-builder-qemu: 2015/03/07 01:31:42 Sending char ' ', code 32, shift false
2015/03/07 01:31:42 packer-builder-qemu: 2015/03/07 01:31:42 Special code '<wait>' found, sleeping one second
2015/03/07 01:31:43 packer-builder-qemu: 2015/03/07 01:31:43 Special code '<enter>' found, replacing with: 65293
2015/03/07 01:31:43 packer-builder-qemu: 2015/03/07 01:31:43 Special code '<wait>' found, sleeping one second
2015/03/07 01:31:44 packer-builder-qemu: 2015/03/07 01:31:44 Waiting for SSH, up to timeout: 20m0s
2015/03/07 01:31:44 ui: ==> jessie: Waiting for SSH to become available...
2015/03/07 01:31:44 packer-builder-qemu: 2015/03/07 01:31:44 Attempting SSH connection...
2015/03/07 01:31:44 packer-builder-qemu: 2015/03/07 01:31:44 reconnecting to TCP connection for SSH
2015/03/07 01:31:44 packer-builder-qemu: 2015/03/07 01:31:44 handshaking with SSH
==> jessie: Waiting for SSH to become available...
2015/03/07 01:32:21 packer-builder-qemu: 2015/03/07 01:32:21 handshake error: ssh: handshake failed: read tcp 127.0.0.1:3463: connection reset by peer
2015/03/07 01:32:21 packer-builder-qemu: 2015/03/07 01:32:21 SSH handshake err: ssh: handshake failed: read tcp 127.0.0.1:3463: connection reset by peer
2015/03/07 01:32:26 packer-builder-qemu: 2015/03/07 01:32:26 Attempting SSH connection...
2015/03/07 01:32:26 packer-builder-qemu: 2015/03/07 01:32:26 reconnecting to TCP connection for SSH
2015/03/07 01:32:26 packer-builder-qemu: 2015/03/07 01:32:26 handshaking with SSH
2015/03/07 01:32:26 packer-builder-qemu: 2015/03/07 01:32:26 handshake error: ssh: handshake failed: read tcp 127.0.0.1:3463: connection reset by peer
2015/03/07 01:32:26 packer-builder-qemu: 2015/03/07 01:32:26 SSH handshake err: ssh: handshake failed: read tcp 127.0.0.1:3463: connection reset by peer
2015/03/07 01:32:31 packer-builder-qemu: 2015/03/07 01:32:31 Attempting SSH connection...
2015/03/07 01:32:31 packer-builder-qemu: 2015/03/07 01:32:31 reconnecting to TCP connection for SSH
2015/03/07 01:32:31 packer-builder-qemu: 2015/03/07 01:32:31 handshaking with SSH
2015/03/07 01:32:31 packer-builder-qemu: 2015/03/07 01:32:31 handshake error: ssh: handshake failed: read tcp 127.0.0.1:3463: connection reset by peer
2015/03/07 01:32:31 packer-builder-qemu: 2015/03/07 01:32:31 SSH handshake err: ssh: handshake failed: read tcp 127.0.0.1:3463: connection reset by peer
2015/03/07 01:32:36 packer-builder-qemu: 2015/03/07 01:32:36 Attempting SSH connection...
2015/03/07 01:32:36 packer-builder-qemu: 2015/03/07 01:32:36 reconnecting to TCP connection for SSH
2015/03/07 01:32:36 packer-builder-qemu: 2015/03/07 01:32:36 handshaking with SSH
2015/03/07 01:32:36 packer-builder-qemu: 2015/03/07 01:32:36 handshake error: ssh: handshake failed: read tcp 127.0.0.1:3463: connection reset by peer
2015/03/07 01:32:36 packer-builder-qemu: 2015/03/07 01:32:36 SSH handshake err: ssh: handshake failed: read tcp 127.0.0.1:3463: connection reset by peer
2015/03/07 01:32:41 packer-builder-qemu: 2015/03/07 01:32:41 Attempting SSH connection...
2015/03/07 01:32:41 packer-builder-qemu: 2015/03/07 01:32:41 reconnecting to TCP connection for SSH
2015/03/07 01:32:41 packer-builder-qemu: 2015/03/07 01:32:41 handshaking with SSH
2015/03/07 01:32:41 packer-builder-qemu: 2015/03/07 01:32:41 handshake error: ssh: handshake failed: read tcp 127.0.0.1:3463: connection reset by peer
2015/03/07 01:32:41 packer-builder-qemu: 2015/03/07 01:32:41 SSH handshake err: ssh: handshake failed: read tcp 127.0.0.1:3463: connection reset by peer
2015/03/07 01:32:46 packer-builder-qemu: 2015/03/07 01:32:46 Attempting SSH connection...
2015/03/07 01:32:46 packer-builder-qemu: 2015/03/07 01:32:46 reconnecting to TCP connection for SSH
2015/03/07 01:32:46 packer-builder-qemu: 2015/03/07 01:32:46 handshaking with SSH
2015/03/07 01:32:46 packer-builder-qemu: 2015/03/07 01:32:46 handshake error: ssh: handshake failed: read tcp 127.0.0.1:3463: connection reset by peer
2015/03/07 01:32:46 packer-builder-qemu: 2015/03/07 01:32:46 SSH handshake err: ssh: handshake failed: read tcp 127.0.0.1:3463: connection reset by peer
2015/03/07 01:32:51 packer-builder-qemu: 2015/03/07 01:32:51 Attempting SSH connection...
2015/03/07 01:32:51 packer-builder-qemu: 2015/03/07 01:32:51 reconnecting to TCP connection for SSH
2015/03/07 01:32:51 packer-builder-qemu: 2015/03/07 01:32:51 handshaking with SSH
2015/03/07 01:32:51 packer-builder-qemu: 2015/03/07 01:32:51 handshake error: ssh: handshake failed: read tcp 127.0.0.1:3463: connection reset by peer
2015/03/07 01:32:51 packer-builder-qemu: 2015/03/07 01:32:51 SSH handshake err: ssh: handshake failed: read tcp 127.0.0.1:3463: connection reset by peer
2015/03/07 01:32:56 packer-builder-qemu: 2015/03/07 01:32:56 Attempting SSH connection...
2015/03/07 01:32:56 packer-builder-qemu: 2015/03/07 01:32:56 reconnecting to TCP connection for SSH
2015/03/07 01:32:56 packer-builder-qemu: 2015/03/07 01:32:56 handshaking with SSH
2015/03/07 01:32:56 packer-builder-qemu: 2015/03/07 01:32:56 handshake error: ssh: handshake failed: EOF
2015/03/07 01:32:56 packer-builder-qemu: 2015/03/07 01:32:56 SSH handshake err: ssh: handshake failed: EOF
2015/03/07 01:33:01 packer-builder-qemu: 2015/03/07 01:33:01 Attempting SSH connection...
2015/03/07 01:33:01 packer-builder-qemu: 2015/03/07 01:33:01 reconnecting to TCP connection for SSH
2015/03/07 01:33:01 packer-builder-qemu: 2015/03/07 01:33:01 handshaking with SSH
2015/03/07 01:33:01 packer-builder-qemu: 2015/03/07 01:33:01 handshake error: ssh: handshake failed: read tcp 127.0.0.1:3463: connection reset by peer
2015/03/07 01:33:01 packer-builder-qemu: 2015/03/07 01:33:01 SSH handshake err: ssh: handshake failed: read tcp 127.0.0.1:3463: connection reset by peer
2015/03/07 01:33:06 packer-builder-qemu: 2015/03/07 01:33:06 Attempting SSH connection...
2015/03/07 01:33:06 packer-builder-qemu: 2015/03/07 01:33:06 reconnecting to TCP connection for SSH
2015/03/07 01:33:06 packer-builder-qemu: 2015/03/07 01:33:06 handshaking with SSH
2015/03/07 01:33:06 packer-builder-qemu: 2015/03/07 01:33:06 handshake error: ssh: handshake failed: read tcp 127.0.0.1:3463: connection reset by peer
2015/03/07 01:33:06 packer-builder-qemu: 2015/03/07 01:33:06 SSH handshake err: ssh: handshake failed: read tcp 127.0.0.1:3463: connection reset by peer
2015/03/07 01:33:11 packer-builder-qemu: 2015/03/07 01:33:11 Attempting SSH connection...
2015/03/07 01:33:11 packer-builder-qemu: 2015/03/07 01:33:11 reconnecting to TCP connection for SSH
2015/03/07 01:33:11 packer-builder-qemu: 2015/03/07 01:33:11 handshaking with SSH
2015/03/07 01:33:11 packer-builder-qemu: 2015/03/07 01:33:11 handshake error: ssh: handshake failed: read tcp 127.0.0.1:3463: connection reset by peer
2015/03/07 01:33:11 packer-builder-qemu: 2015/03/07 01:33:11 SSH handshake err: ssh: handshake failed: read tcp 127.0.0.1:3463: connection reset by peer
2015/03/07 01:33:16 packer-builder-qemu: 2015/03/07 01:33:16 Attempting SSH connection...
2015/03/07 01:33:16 packer-builder-qemu: 2015/03/07 01:33:16 reconnecting to TCP connection for SSH
2015/03/07 01:33:16 packer-builder-qemu: 2015/03/07 01:33:16 handshaking with SSH
2015/03/07 01:33:16 packer-builder-qemu: 2015/03/07 01:33:16 handshake error: ssh: handshake failed: read tcp 127.0.0.1:3463: connection reset by peer
2015/03/07 01:33:16 packer-builder-qemu: 2015/03/07 01:33:16 SSH handshake err: ssh: handshake failed: read tcp 127.0.0.1:3463: connection reset by peer
2015/03/07 01:33:21 packer-builder-qemu: 2015/03/07 01:33:21 Attempting SSH connection...
2015/03/07 01:33:21 packer-builder-qemu: 2015/03/07 01:33:21 reconnecting to TCP connection for SSH
2015/03/07 01:33:21 packer-builder-qemu: 2015/03/07 01:33:21 handshaking with SSH
2015/03/07 01:33:21 packer-builder-qemu: 2015/03/07 01:33:21 handshake error: ssh: handshake failed: read tcp 127.0.0.1:3463: connection reset by peer
2015/03/07 01:33:21 packer-builder-qemu: 2015/03/07 01:33:21 SSH handshake err: ssh: handshake failed: read tcp 127.0.0.1:3463: connection reset by peer
2015/03/07 01:33:26 packer-builder-qemu: 2015/03/07 01:33:26 Attempting SSH connection...
2015/03/07 01:33:26 packer-builder-qemu: 2015/03/07 01:33:26 reconnecting to TCP connection for SSH
2015/03/07 01:33:26 packer-builder-qemu: 2015/03/07 01:33:26 handshaking with SSH
2015/03/07 01:33:26 packer-builder-qemu: 2015/03/07 01:33:26 handshake error: ssh: handshake failed: read tcp 127.0.0.1:3463: connection reset by peer
2015/03/07 01:33:26 packer-builder-qemu: 2015/03/07 01:33:26 SSH handshake err: ssh: handshake failed: read tcp 127.0.0.1:3463: connection reset by peer
2015/03/07 01:33:31 packer-builder-qemu: 2015/03/07 01:33:31 Attempting SSH connection...
2015/03/07 01:33:31 packer-builder-qemu: 2015/03/07 01:33:31 reconnecting to TCP connection for SSH
2015/03/07 01:33:31 packer-builder-qemu: 2015/03/07 01:33:31 handshaking with SSH
2015/03/07 01:33:31 packer-builder-qemu: 2015/03/07 01:33:31 handshake error: ssh: handshake failed: read tcp 127.0.0.1:3463: connection reset by peer
2015/03/07 01:33:31 packer-builder-qemu: 2015/03/07 01:33:31 SSH handshake err: ssh: handshake failed: read tcp 127.0.0.1:3463: connection reset by peer
2015/03/07 01:33:36 packer-builder-qemu: 2015/03/07 01:33:36 Attempting SSH connection...
2015/03/07 01:33:36 packer-builder-qemu: 2015/03/07 01:33:36 reconnecting to TCP connection for SSH
2015/03/07 01:33:36 packer-builder-qemu: 2015/03/07 01:33:36 handshaking with SSH
2015/03/07 01:33:36 packer-builder-qemu: 2015/03/07 01:33:36 handshake error: ssh: handshake failed: read tcp 127.0.0.1:3463: connection reset by peer
2015/03/07 01:33:36 packer-builder-qemu: 2015/03/07 01:33:36 SSH handshake err: ssh: handshake failed: read tcp 127.0.0.1:3463: connection reset by peer
2015/03/07 01:33:41 packer-builder-qemu: 2015/03/07 01:33:41 Attempting SSH connection...
2015/03/07 01:33:41 packer-builder-qemu: 2015/03/07 01:33:41 reconnecting to TCP connection for SSH
2015/03/07 01:33:41 packer-builder-qemu: 2015/03/07 01:33:41 handshaking with SSH
2015/03/07 01:33:41 packer-builder-qemu: 2015/03/07 01:33:41 handshake error: ssh: handshake failed: read tcp 127.0.0.1:3463: connection reset by peer
2015/03/07 01:33:41 packer-builder-qemu: 2015/03/07 01:33:41 SSH handshake err: ssh: handshake failed: read tcp 127.0.0.1:3463: connection reset by peer
2015/03/07 01:33:46 packer-builder-qemu: 2015/03/07 01:33:46 Attempting SSH connection...
2015/03/07 01:33:46 packer-builder-qemu: 2015/03/07 01:33:46 reconnecting to TCP connection for SSH
2015/03/07 01:33:46 packer-builder-qemu: 2015/03/07 01:33:46 handshaking with SSH
2015/03/07 01:33:46 packer-builder-qemu: 2015/03/07 01:33:46 handshake error: ssh: handshake failed: read tcp 127.0.0.1:3463: connection reset by peer
2015/03/07 01:33:46 packer-builder-qemu: 2015/03/07 01:33:46 SSH handshake err: ssh: handshake failed: read tcp 127.0.0.1:3463: connection reset by peer
2015/03/07 01:33:51 packer-builder-qemu: 2015/03/07 01:33:51 Attempting SSH connection...
2015/03/07 01:33:51 packer-builder-qemu: 2015/03/07 01:33:51 reconnecting to TCP connection for SSH
2015/03/07 01:33:51 packer-builder-qemu: 2015/03/07 01:33:51 handshaking with SSH
2015/03/07 01:33:51 packer-builder-qemu: 2015/03/07 01:33:51 handshake error: ssh: handshake failed: read tcp 127.0.0.1:3463: connection reset by peer
2015/03/07 01:33:51 packer-builder-qemu: 2015/03/07 01:33:51 SSH handshake err: ssh: handshake failed: read tcp 127.0.0.1:3463: connection reset by peer
2015/03/07 01:33:56 packer-builder-qemu: 2015/03/07 01:33:56 Attempting SSH connection...
2015/03/07 01:33:56 packer-builder-qemu: 2015/03/07 01:33:56 reconnecting to TCP connection for SSH
2015/03/07 01:33:56 packer-builder-qemu: 2015/03/07 01:33:56 handshaking with SSH
2015/03/07 01:33:56 packer-builder-qemu: 2015/03/07 01:33:56 handshake error: ssh: handshake failed: read tcp 127.0.0.1:3463: connection reset by peer
2015/03/07 01:33:56 packer-builder-qemu: 2015/03/07 01:33:56 SSH handshake err: ssh: handshake failed: read tcp 127.0.0.1:3463: connection reset by peer
2015/03/07 01:34:01 packer-builder-qemu: 2015/03/07 01:34:01 Attempting SSH connection...
2015/03/07 01:34:01 packer-builder-qemu: 2015/03/07 01:34:01 reconnecting to TCP connection for SSH
2015/03/07 01:34:01 packer-builder-qemu: 2015/03/07 01:34:01 handshaking with SSH
2015/03/07 01:34:01 packer-builder-qemu: 2015/03/07 01:34:01 handshake error: ssh: handshake failed: read tcp 127.0.0.1:3463: connection reset by peer
2015/03/07 01:34:01 packer-builder-qemu: 2015/03/07 01:34:01 SSH handshake err: ssh: handshake failed: read tcp 127.0.0.1:3463: connection reset by peer
2015/03/07 01:34:06 packer-builder-qemu: 2015/03/07 01:34:06 Attempting SSH connection...
2015/03/07 01:34:06 packer-builder-qemu: 2015/03/07 01:34:06 reconnecting to TCP connection for SSH
2015/03/07 01:34:06 packer-builder-qemu: 2015/03/07 01:34:06 handshaking with SSH
2015/03/07 01:34:06 packer-builder-qemu: 2015/03/07 01:34:06 handshake error: ssh: handshake failed: read tcp 127.0.0.1:3463: connection reset by peer
2015/03/07 01:34:06 packer-builder-qemu: 2015/03/07 01:34:06 SSH handshake err: ssh: handshake failed: read tcp 127.0.0.1:3463: connection reset by peer
2015/03/07 01:34:11 packer-builder-qemu: 2015/03/07 01:34:11 Attempting SSH connection...
2015/03/07 01:34:11 packer-builder-qemu: 2015/03/07 01:34:11 reconnecting to TCP connection for SSH
2015/03/07 01:34:11 packer-builder-qemu: 2015/03/07 01:34:11 handshaking with SSH
2015/03/07 01:34:11 packer-builder-qemu: 2015/03/07 01:34:11 handshake error: ssh: handshake failed: read tcp 127.0.0.1:3463: connection reset by peer
2015/03/07 01:34:11 packer-builder-qemu: 2015/03/07 01:34:11 SSH handshake err: ssh: handshake failed: read tcp 127.0.0.1:3463: connection reset by peer
2015/03/07 01:34:16 packer-builder-qemu: 2015/03/07 01:34:16 Attempting SSH connection...
2015/03/07 01:34:16 packer-builder-qemu: 2015/03/07 01:34:16 reconnecting to TCP connection for SSH
2015/03/07 01:34:16 packer-builder-qemu: 2015/03/07 01:34:16 handshaking with SSH
2015/03/07 01:34:16 packer-builder-qemu: 2015/03/07 01:34:16 handshake error: ssh: handshake failed: read tcp 127.0.0.1:3463: connection reset by peer
2015/03/07 01:34:16 packer-builder-qemu: 2015/03/07 01:34:16 SSH handshake err: ssh: handshake failed: read tcp 127.0.0.1:3463: connection reset by peer
2015/03/07 01:34:21 packer-builder-qemu: 2015/03/07 01:34:21 Attempting SSH connection...
2015/03/07 01:34:21 packer-builder-qemu: 2015/03/07 01:34:21 reconnecting to TCP connection for SSH
2015/03/07 01:34:21 packer-builder-qemu: 2015/03/07 01:34:21 handshaking with SSH
2015/03/07 01:34:21 packer-builder-qemu: 2015/03/07 01:34:21 handshake error: ssh: handshake failed: read tcp 127.0.0.1:3463: connection reset by peer
2015/03/07 01:34:21 packer-builder-qemu: 2015/03/07 01:34:21 SSH handshake err: ssh: handshake failed: read tcp 127.0.0.1:3463: connection reset by peer
2015/03/07 01:34:26 packer-builder-qemu: 2015/03/07 01:34:26 Attempting SSH connection...
2015/03/07 01:34:26 packer-builder-qemu: 2015/03/07 01:34:26 reconnecting to TCP connection for SSH
2015/03/07 01:34:26 packer-builder-qemu: 2015/03/07 01:34:26 handshaking with SSH
2015/03/07 01:34:26 packer-builder-qemu: 2015/03/07 01:34:26 handshake error: ssh: handshake failed: read tcp 127.0.0.1:3463: connection reset by peer
2015/03/07 01:34:26 packer-builder-qemu: 2015/03/07 01:34:26 SSH handshake err: ssh: handshake failed: read tcp 127.0.0.1:3463: connection reset by peer
2015/03/07 01:34:31 packer-builder-qemu: 2015/03/07 01:34:31 Attempting SSH connection...
2015/03/07 01:34:31 packer-builder-qemu: 2015/03/07 01:34:31 reconnecting to TCP connection for SSH
2015/03/07 01:34:31 packer-builder-qemu: 2015/03/07 01:34:31 handshaking with SSH
2015/03/07 01:34:31 packer-builder-qemu: 2015/03/07 01:34:31 handshake error: ssh: handshake failed: read tcp 127.0.0.1:3463: connection reset by peer
2015/03/07 01:34:31 packer-builder-qemu: 2015/03/07 01:34:31 SSH handshake err: ssh: handshake failed: read tcp 127.0.0.1:3463: connection reset by peer
2015/03/07 01:34:36 packer-builder-qemu: 2015/03/07 01:34:36 Attempting SSH connection...
2015/03/07 01:34:36 packer-builder-qemu: 2015/03/07 01:34:36 reconnecting to TCP connection for SSH
2015/03/07 01:34:36 packer-builder-qemu: 2015/03/07 01:34:36 handshaking with SSH
2015/03/07 01:34:36 packer-builder-qemu: 2015/03/07 01:34:36 handshake error: ssh: handshake failed: read tcp 127.0.0.1:3463: connection reset by peer
2015/03/07 01:34:36 packer-builder-qemu: 2015/03/07 01:34:36 SSH handshake err: ssh: handshake failed: read tcp 127.0.0.1:3463: connection reset by peer
2015/03/07 01:34:41 packer-builder-qemu: 2015/03/07 01:34:41 Attempting SSH connection...
2015/03/07 01:34:41 packer-builder-qemu: 2015/03/07 01:34:41 reconnecting to TCP connection for SSH
2015/03/07 01:34:41 packer-builder-qemu: 2015/03/07 01:34:41 handshaking with SSH
2015/03/07 01:34:41 packer-builder-qemu: 2015/03/07 01:34:41 handshake error: ssh: handshake failed: read tcp 127.0.0.1:3463: connection reset by peer
2015/03/07 01:34:41 packer-builder-qemu: 2015/03/07 01:34:41 SSH handshake err: ssh: handshake failed: read tcp 127.0.0.1:3463: connection reset by peer
2015/03/07 01:34:46 packer-builder-qemu: 2015/03/07 01:34:46 Attempting SSH connection...
2015/03/07 01:34:46 packer-builder-qemu: 2015/03/07 01:34:46 reconnecting to TCP connection for SSH
2015/03/07 01:34:46 packer-builder-qemu: 2015/03/07 01:34:46 handshaking with SSH
2015/03/07 01:34:46 packer-builder-qemu: 2015/03/07 01:34:46 handshake error: ssh: handshake failed: read tcp 127.0.0.1:3463: connection reset by peer
2015/03/07 01:34:46 packer-builder-qemu: 2015/03/07 01:34:46 SSH handshake err: ssh: handshake failed: read tcp 127.0.0.1:3463: connection reset by peer
2015/03/07 01:34:51 packer-builder-qemu: 2015/03/07 01:34:51 Attempting SSH connection...
2015/03/07 01:34:51 packer-builder-qemu: 2015/03/07 01:34:51 reconnecting to TCP connection for SSH
2015/03/07 01:34:51 packer-builder-qemu: 2015/03/07 01:34:51 handshaking with SSH
2015/03/07 01:34:51 packer-builder-qemu: 2015/03/07 01:34:51 handshake error: ssh: handshake failed: read tcp 127.0.0.1:3463: connection reset by peer
2015/03/07 01:34:51 packer-builder-qemu: 2015/03/07 01:34:51 SSH handshake err: ssh: handshake failed: read tcp 127.0.0.1:3463: connection reset by peer
2015/03/07 01:34:56 packer-builder-qemu: 2015/03/07 01:34:56 Attempting SSH connection...
2015/03/07 01:34:56 packer-builder-qemu: 2015/03/07 01:34:56 reconnecting to TCP connection for SSH
2015/03/07 01:34:56 packer-builder-qemu: 2015/03/07 01:34:56 handshaking with SSH
2015/03/07 01:34:56 packer-builder-qemu: 2015/03/07 01:34:56 handshake error: ssh: handshake failed: read tcp 127.0.0.1:3463: connection reset by peer
2015/03/07 01:34:56 packer-builder-qemu: 2015/03/07 01:34:56 SSH handshake err: ssh: handshake failed: read tcp 127.0.0.1:3463: connection reset by peer
2015/03/07 01:35:01 packer-builder-qemu: 2015/03/07 01:35:01 Attempting SSH connection...
2015/03/07 01:35:01 packer-builder-qemu: 2015/03/07 01:35:01 reconnecting to TCP connection for SSH
2015/03/07 01:35:01 packer-builder-qemu: 2015/03/07 01:35:01 handshaking with SSH
2015/03/07 01:35:01 packer-builder-qemu: 2015/03/07 01:35:01 handshake error: ssh: handshake failed: read tcp 127.0.0.1:3463: connection reset by peer
2015/03/07 01:35:01 packer-builder-qemu: 2015/03/07 01:35:01 SSH handshake err: ssh: handshake failed: read tcp 127.0.0.1:3463: connection reset by peer
2015/03/07 01:35:06 packer-builder-qemu: 2015/03/07 01:35:06 Attempting SSH connection...
2015/03/07 01:35:06 packer-builder-qemu: 2015/03/07 01:35:06 reconnecting to TCP connection for SSH
2015/03/07 01:35:06 packer-builder-qemu: 2015/03/07 01:35:06 handshaking with SSH
2015/03/07 01:35:06 packer-builder-qemu: 2015/03/07 01:35:06 handshake error: ssh: handshake failed: read tcp 127.0.0.1:3463: connection reset by peer
2015/03/07 01:35:06 packer-builder-qemu: 2015/03/07 01:35:06 SSH handshake err: ssh: handshake failed: read tcp 127.0.0.1:3463: connection reset by peer
2015/03/07 01:35:11 packer-builder-qemu: 2015/03/07 01:35:11 Attempting SSH connection...
2015/03/07 01:35:11 packer-builder-qemu: 2015/03/07 01:35:11 reconnecting to TCP connection for SSH
2015/03/07 01:35:11 packer-builder-qemu: 2015/03/07 01:35:11 handshaking with SSH
2015/03/07 01:35:11 packer-builder-qemu: 2015/03/07 01:35:11 handshake error: ssh: handshake failed: read tcp 127.0.0.1:3463: connection reset by peer
2015/03/07 01:35:11 packer-builder-qemu: 2015/03/07 01:35:11 SSH handshake err: ssh: handshake failed: read tcp 127.0.0.1:3463: connection reset by peer
2015/03/07 01:35:16 packer-builder-qemu: 2015/03/07 01:35:16 Attempting SSH connection...
2015/03/07 01:35:16 packer-builder-qemu: 2015/03/07 01:35:16 reconnecting to TCP connection for SSH
2015/03/07 01:35:16 packer-builder-qemu: 2015/03/07 01:35:16 handshaking with SSH
2015/03/07 01:35:16 packer-builder-qemu: 2015/03/07 01:35:16 handshake error: ssh: handshake failed: read tcp 127.0.0.1:3463: connection reset by peer
2015/03/07 01:35:16 packer-builder-qemu: 2015/03/07 01:35:16 SSH handshake err: ssh: handshake failed: read tcp 127.0.0.1:3463: connection reset by peer
2015/03/07 01:35:21 packer-builder-qemu: 2015/03/07 01:35:21 Attempting SSH connection...
2015/03/07 01:35:21 packer-builder-qemu: 2015/03/07 01:35:21 reconnecting to TCP connection for SSH
2015/03/07 01:35:21 packer-builder-qemu: 2015/03/07 01:35:21 handshaking with SSH
2015/03/07 01:35:21 packer-builder-qemu: 2015/03/07 01:35:21 handshake error: ssh: handshake failed: read tcp 127.0.0.1:3463: connection reset by peer
2015/03/07 01:35:21 packer-builder-qemu: 2015/03/07 01:35:21 SSH handshake err: ssh: handshake failed: read tcp 127.0.0.1:3463: connection reset by peer
2015/03/07 01:35:26 packer-builder-qemu: 2015/03/07 01:35:26 Attempting SSH connection...
2015/03/07 01:35:26 packer-builder-qemu: 2015/03/07 01:35:26 reconnecting to TCP connection for SSH
2015/03/07 01:35:26 packer-builder-qemu: 2015/03/07 01:35:26 handshaking with SSH
2015/03/07 01:35:26 packer-builder-qemu: 2015/03/07 01:35:26 handshake error: ssh: handshake failed: read tcp 127.0.0.1:3463: connection reset by peer
2015/03/07 01:35:26 packer-builder-qemu: 2015/03/07 01:35:26 SSH handshake err: ssh: handshake failed: read tcp 127.0.0.1:3463: connection reset by peer
2015/03/07 01:35:31 packer-builder-qemu: 2015/03/07 01:35:31 Attempting SSH connection...
2015/03/07 01:35:31 packer-builder-qemu: 2015/03/07 01:35:31 reconnecting to TCP connection for SSH
2015/03/07 01:35:31 packer-builder-qemu: 2015/03/07 01:35:31 handshaking with SSH
2015/03/07 01:35:31 packer-builder-qemu: 2015/03/07 01:35:31 handshake error: ssh: handshake failed: read tcp 127.0.0.1:3463: connection reset by peer
2015/03/07 01:35:31 packer-builder-qemu: 2015/03/07 01:35:31 SSH handshake err: ssh: handshake failed: read tcp 127.0.0.1:3463: connection reset by peer
2015/03/07 01:35:36 packer-builder-qemu: 2015/03/07 01:35:36 Attempting SSH connection...
2015/03/07 01:35:36 packer-builder-qemu: 2015/03/07 01:35:36 reconnecting to TCP connection for SSH
2015/03/07 01:35:36 packer-builder-qemu: 2015/03/07 01:35:36 handshaking with SSH
2015/03/07 01:35:36 packer-builder-qemu: 2015/03/07 01:35:36 handshake error: ssh: handshake failed: read tcp 127.0.0.1:3463: connection reset by peer
2015/03/07 01:35:36 packer-builder-qemu: 2015/03/07 01:35:36 SSH handshake err: ssh: handshake failed: read tcp 127.0.0.1:3463: connection reset by peer
2015/03/07 01:35:41 packer-builder-qemu: 2015/03/07 01:35:41 Attempting SSH connection...
2015/03/07 01:35:41 packer-builder-qemu: 2015/03/07 01:35:41 reconnecting to TCP connection for SSH
2015/03/07 01:35:41 packer-builder-qemu: 2015/03/07 01:35:41 handshaking with SSH
2015/03/07 01:35:41 packer-builder-qemu: 2015/03/07 01:35:41 handshake error: ssh: handshake failed: read tcp 127.0.0.1:3463: connection reset by peer
2015/03/07 01:35:41 packer-builder-qemu: 2015/03/07 01:35:41 SSH handshake err: ssh: handshake failed: read tcp 127.0.0.1:3463: connection reset by peer
2015/03/07 01:35:46 packer-builder-qemu: 2015/03/07 01:35:46 Attempting SSH connection...
2015/03/07 01:35:46 packer-builder-qemu: 2015/03/07 01:35:46 reconnecting to TCP connection for SSH
2015/03/07 01:35:46 packer-builder-qemu: 2015/03/07 01:35:46 handshaking with SSH
2015/03/07 01:35:46 packer-builder-qemu: 2015/03/07 01:35:46 handshake error: ssh: handshake failed: read tcp 127.0.0.1:3463: connection reset by peer
2015/03/07 01:35:46 packer-builder-qemu: 2015/03/07 01:35:46 SSH handshake err: ssh: handshake failed: read tcp 127.0.0.1:3463: connection reset by peer
2015/03/07 01:35:51 packer-builder-qemu: 2015/03/07 01:35:51 Attempting SSH connection...
2015/03/07 01:35:51 packer-builder-qemu: 2015/03/07 01:35:51 reconnecting to TCP connection for SSH
2015/03/07 01:35:51 packer-builder-qemu: 2015/03/07 01:35:51 handshaking with SSH
2015/03/07 01:35:51 packer-builder-qemu: 2015/03/07 01:35:51 handshake error: ssh: handshake failed: read tcp 127.0.0.1:3463: connection reset by peer
2015/03/07 01:35:51 packer-builder-qemu: 2015/03/07 01:35:51 SSH handshake err: ssh: handshake failed: read tcp 127.0.0.1:3463: connection reset by peer
2015/03/07 01:35:56 packer-builder-qemu: 2015/03/07 01:35:56 Attempting SSH connection...
2015/03/07 01:35:56 packer-builder-qemu: 2015/03/07 01:35:56 reconnecting to TCP connection for SSH
2015/03/07 01:35:56 packer-builder-qemu: 2015/03/07 01:35:56 handshaking with SSH
2015/03/07 01:35:56 packer-builder-qemu: 2015/03/07 01:35:56 handshake error: ssh: handshake failed: read tcp 127.0.0.1:3463: connection reset by peer
2015/03/07 01:35:56 packer-builder-qemu: 2015/03/07 01:35:56 SSH handshake err: ssh: handshake failed: read tcp 127.0.0.1:3463: connection reset by peer
2015/03/07 01:36:01 packer-builder-qemu: 2015/03/07 01:36:01 Attempting SSH connection...
2015/03/07 01:36:01 packer-builder-qemu: 2015/03/07 01:36:01 reconnecting to TCP connection for SSH
2015/03/07 01:36:01 packer-builder-qemu: 2015/03/07 01:36:01 handshaking with SSH
2015/03/07 01:36:01 packer-builder-qemu: 2015/03/07 01:36:01 handshake error: ssh: handshake failed: read tcp 127.0.0.1:3463: connection reset by peer
2015/03/07 01:36:01 packer-builder-qemu: 2015/03/07 01:36:01 SSH handshake err: ssh: handshake failed: read tcp 127.0.0.1:3463: connection reset by peer
2015/03/07 01:36:06 packer-builder-qemu: 2015/03/07 01:36:06 Attempting SSH connection...
2015/03/07 01:36:06 packer-builder-qemu: 2015/03/07 01:36:06 reconnecting to TCP connection for SSH
2015/03/07 01:36:06 packer-builder-qemu: 2015/03/07 01:36:06 handshaking with SSH
2015/03/07 01:36:13 packer-builder-qemu: 2015/03/07 01:36:13 handshake error: ssh: handshake failed: read tcp 127.0.0.1:3463: connection reset by peer
2015/03/07 01:36:13 packer-builder-qemu: 2015/03/07 01:36:13 SSH handshake err: ssh: handshake failed: read tcp 127.0.0.1:3463: connection reset by peer
2015/03/07 01:36:18 packer-builder-qemu: 2015/03/07 01:36:18 Attempting SSH connection...
2015/03/07 01:36:18 packer-builder-qemu: 2015/03/07 01:36:18 reconnecting to TCP connection for SSH
2015/03/07 01:36:18 packer-builder-qemu: 2015/03/07 01:36:18 handshaking with SSH
2015/03/07 01:36:18 ui: ==> jessie: Connected to SSH!
2015/03/07 01:36:18 packer-builder-qemu: 2015/03/07 01:36:18 Running the provision hook
==> jessie: Connected to SSH!
2015/03/07 01:36:18 ui: ==> jessie: Provisioning with shell script: scripts/update.sh
==> jessie: Provisioning with shell script: scripts/update.sh
2015/03/07 01:36:18 packer-provisioner-shell: 2015/03/07 01:36:18 Opening scripts/update.sh for reading
2015/03/07 01:36:18 packer-provisioner-shell: 2015/03/07 01:36:18 [INFO] 87 bytes written for 'uploadData'
2015/03/07 01:36:18 [INFO] 87 bytes written for 'uploadData'
2015/03/07 01:36:18 packer-builder-qemu: 2015/03/07 01:36:18 opening new ssh session
2015/03/07 01:36:18 packer-builder-qemu: 2015/03/07 01:36:18 Starting remote scp process:  scp -vt /tmp
2015/03/07 01:36:18 packer-builder-qemu: 2015/03/07 01:36:18 Started SCP session, beginning transfers...
2015/03/07 01:36:18 packer-builder-qemu: 2015/03/07 01:36:18 Copying input data into temporary file so we can read the length
2015/03/07 01:36:18 packer-builder-qemu: 2015/03/07 01:36:18 [DEBUG] Uploading script.sh: perms=C0644 size=87
2015/03/07 01:36:18 packer-builder-qemu: 2015/03/07 01:36:18 SCP session complete, closing stdin pipe.
2015/03/07 01:36:18 packer-builder-qemu: 2015/03/07 01:36:18 Waiting for SSH session to complete.
2015/03/07 01:36:18 packer-builder-qemu: 2015/03/07 01:36:18 scp stderr (length 25): Sink: C0644 87 script.sh
2015/03/07 01:36:18 packer-builder-qemu: 2015/03/07 01:36:18 opening new ssh session
2015/03/07 01:36:18 packer-builder-qemu: 2015/03/07 01:36:18 starting remote command: chmod 0777 /tmp/script.sh
2015/03/07 01:36:18 packer-builder-qemu: 2015/03/07 01:36:18 remote command exited with '0': chmod 0777 /tmp/script.sh
2015/03/07 01:36:18 packer-builder-qemu: 2015/03/07 01:36:18 [INFO] RPC endpoint: Communicator ended with: 0
2015/03/07 01:36:18 [INFO] RPC client: Communicator ended with: 0
2015/03/07 01:36:18 [INFO] RPC endpoint: Communicator ended with: 0
2015/03/07 01:36:18 packer-provisioner-shell: 2015/03/07 01:36:18 [INFO] RPC client: Communicator ended with: 0
2015/03/07 01:36:18 packer-builder-qemu: 2015/03/07 01:36:18 opening new ssh session
2015/03/07 01:36:18 packer-builder-qemu: 2015/03/07 01:36:18 starting remote command: echo 'packer' | PACKER_BUILD_NAME='jessie' PACKER_BUILDER_TYPE='qemu' sudo -E -S bash '/tmp/script.sh'
2015/03/07 01:36:18 ui:     jessie:
    jessie:
2015/03/07 01:36:18 ui:     jessie: We trust you have received the usual lecture from the local System
    jessie: We trust you have received the usual lecture from the local System
2015/03/07 01:36:18 ui:     jessie: Administrator. It usually boils down to these three things:
    jessie: Administrator. It usually boils down to these three things:
2015/03/07 01:36:18 ui:     jessie:
2015/03/07 01:36:18 ui:     jessie: #1) Respect the privacy of others.
    jessie:
    jessie: #1) Respect the privacy of others.
2015/03/07 01:36:18 ui:     jessie: #2) Think before you type.
2015/03/07 01:36:18 ui:     jessie: #3) With great power comes great responsibility.
    jessie: #2) Think before you type.
    jessie: #3) With great power comes great responsibility.
2015/03/07 01:36:18 ui:     jessie:
    jessie:
2015/03/07 01:36:18 ui:     jessie: Hit http://security.debian.org jessie/updates InRelease
    jessie: Hit http://security.debian.org jessie/updates InRelease
2015/03/07 01:36:18 ui:     jessie: Hit http://mirror.internode.on.net jessie InRelease
    jessie: Hit http://mirror.internode.on.net jessie InRelease
2015/03/07 01:36:18 ui:     jessie: Hit http://mirror.internode.on.net jessie-updates InRelease
2015/03/07 01:36:18 ui:     jessie: Hit http://mirror.internode.on.net jessie-backports InRelease
    jessie: Hit http://mirror.internode.on.net jessie-updates InRelease
    jessie: Hit http://mirror.internode.on.net jessie-backports InRelease
2015/03/07 01:36:18 ui:     jessie: Hit http://security.debian.org jessie/updates/main Sources
    jessie: Hit http://security.debian.org jessie/updates/main Sources
2015/03/07 01:36:18 ui:     jessie: Get:1 http://mirror.internode.on.net jessie/main Sources/DiffIndex [7,876 B]
    jessie: Get:1 http://mirror.internode.on.net jessie/main Sources/DiffIndex [7,876 B]
2015/03/07 01:36:18 ui:     jessie: Hit http://security.debian.org jessie/updates/contrib Sources
    jessie: Hit http://security.debian.org jessie/updates/contrib Sources
2015/03/07 01:36:18 ui:     jessie: Hit http://security.debian.org jessie/updates/non-free Sources
2015/03/07 01:36:18 ui:     jessie: Hit http://security.debian.org jessie/updates/main amd64 Packages
    jessie: Hit http://security.debian.org jessie/updates/non-free Sources
2015/03/07 01:36:18 ui:     jessie: Hit http://security.debian.org jessie/updates/contrib amd64 Packages
    jessie: Hit http://security.debian.org jessie/updates/main amd64 Packages
2015/03/07 01:36:18 ui:     jessie: Hit http://security.debian.org jessie/updates/non-free amd64 Packages
    jessie: Hit http://security.debian.org jessie/updates/contrib amd64 Packages
2015/03/07 01:36:18 ui:     jessie: Hit http://security.debian.org jessie/updates/contrib Translation-en
2015/03/07 01:36:18 ui:     jessie: Hit http://security.debian.org jessie/updates/main Translation-en
    jessie: Hit http://security.debian.org jessie/updates/non-free amd64 Packages
    jessie: Hit http://security.debian.org jessie/updates/contrib Translation-en
2015/03/07 01:36:18 ui:     jessie: Hit http://security.debian.org jessie/updates/non-free Translation-en
    jessie: Hit http://security.debian.org jessie/updates/main Translation-en
    jessie: Hit http://security.debian.org jessie/updates/non-free Translation-en
2015/03/07 01:36:18 ui:     jessie: Get:2 http://mirror.internode.on.net jessie/non-free Sources/DiffIndex [7,819 B]
    jessie: Get:2 http://mirror.internode.on.net jessie/non-free Sources/DiffIndex [7,819 B]
2015/03/07 01:36:18 ui:     jessie: Get:3 http://mirror.internode.on.net jessie/contrib Sources/DiffIndex [7,819 B]
    jessie: Get:3 http://mirror.internode.on.net jessie/contrib Sources/DiffIndex [7,819 B]
2015/03/07 01:36:18 ui:     jessie: Get:4 http://mirror.internode.on.net jessie/main amd64 Packages/DiffIndex [7,876 B]
    jessie: Get:4 http://mirror.internode.on.net jessie/main amd64 Packages/DiffIndex [7,876 B]
2015/03/07 01:36:18 ui:     jessie: Get:5 http://mirror.internode.on.net jessie/non-free amd64 Packages/DiffIndex [7,819 B]
    jessie: Get:5 http://mirror.internode.on.net jessie/non-free amd64 Packages/DiffIndex [7,819 B]
2015/03/07 01:36:18 ui:     jessie: Get:6 http://mirror.internode.on.net jessie/contrib amd64 Packages/DiffIndex [7,819 B]
    jessie: Get:6 http://mirror.internode.on.net jessie/contrib amd64 Packages/DiffIndex [7,819 B]
2015/03/07 01:36:18 ui:     jessie: Get:7 http://mirror.internode.on.net jessie/contrib Translation-en/DiffIndex [7,819 B]
    jessie: Get:7 http://mirror.internode.on.net jessie/contrib Translation-en/DiffIndex [7,819 B]
2015/03/07 01:36:18 ui:     jessie: Get:8 http://mirror.internode.on.net jessie/main Translation-en/DiffIndex [7,876 B]
    jessie: Get:8 http://mirror.internode.on.net jessie/main Translation-en/DiffIndex [7,876 B]
2015/03/07 01:36:19 ui:     jessie: Get:9 http://mirror.internode.on.net jessie/non-free Translation-en/DiffIndex [7,819 B]
    jessie: Get:9 http://mirror.internode.on.net jessie/non-free Translation-en/DiffIndex [7,819 B]
2015/03/07 01:36:19 ui:     jessie: Get:10 http://mirror.internode.on.net jessie-updates/main Sources [14 B]
    jessie: Get:10 http://mirror.internode.on.net jessie-updates/main Sources [14 B]
2015/03/07 01:36:19 ui:     jessie: Get:11 http://mirror.internode.on.net jessie-updates/contrib Sources [14 B]
2015/03/07 01:36:19 ui:     jessie: Get:12 http://mirror.internode.on.net jessie-updates/non-free Sources [14 B]
2015/03/07 01:36:19 ui:     jessie: Hit http://mirror.internode.on.net jessie-updates/main amd64 Packages
    jessie: Get:11 http://mirror.internode.on.net jessie-updates/contrib Sources [14 B]
    jessie: Get:12 http://mirror.internode.on.net jessie-updates/non-free Sources [14 B]
    jessie: Hit http://mirror.internode.on.net jessie-updates/main amd64 Packages
2015/03/07 01:36:19 ui:     jessie: Hit http://mirror.internode.on.net jessie-updates/contrib amd64 Packages
    jessie: Hit http://mirror.internode.on.net jessie-updates/contrib amd64 Packages
2015/03/07 01:36:19 ui:     jessie: Hit http://mirror.internode.on.net jessie-updates/non-free amd64 Packages
    jessie: Hit http://mirror.internode.on.net jessie-updates/non-free amd64 Packages
2015/03/07 01:36:19 ui:     jessie: Hit http://mirror.internode.on.net jessie-updates/contrib Translation-en
    jessie: Hit http://mirror.internode.on.net jessie-updates/contrib Translation-en
2015/03/07 01:36:19 ui:     jessie: Hit http://mirror.internode.on.net jessie-updates/main Translation-en
    jessie: Hit http://mirror.internode.on.net jessie-updates/main Translation-en
2015/03/07 01:36:19 ui:     jessie: Hit http://mirror.internode.on.net jessie-updates/non-free Translation-en
    jessie: Hit http://mirror.internode.on.net jessie-updates/non-free Translation-en
2015/03/07 01:36:19 ui:     jessie: Get:13 http://mirror.internode.on.net jessie-backports/main Sources [14 B]
    jessie: Get:13 http://mirror.internode.on.net jessie-backports/main Sources [14 B]
2015/03/07 01:36:19 ui:     jessie: Get:14 http://mirror.internode.on.net jessie-backports/contrib Sources [14 B]
    jessie: Get:14 http://mirror.internode.on.net jessie-backports/contrib Sources [14 B]
2015/03/07 01:36:19 ui:     jessie: Get:15 http://mirror.internode.on.net jessie-backports/non-free Sources [14 B]
    jessie: Get:15 http://mirror.internode.on.net jessie-backports/non-free Sources [14 B]
2015/03/07 01:36:19 ui:     jessie: Hit http://mirror.internode.on.net jessie-backports/main amd64 Packages
    jessie: Hit http://mirror.internode.on.net jessie-backports/main amd64 Packages
2015/03/07 01:36:19 ui:     jessie: Hit http://mirror.internode.on.net jessie-backports/contrib amd64 Packages
    jessie: Hit http://mirror.internode.on.net jessie-backports/contrib amd64 Packages
2015/03/07 01:36:19 ui:     jessie: Hit http://mirror.internode.on.net jessie-backports/non-free amd64 Packages
    jessie: Hit http://mirror.internode.on.net jessie-backports/non-free amd64 Packages
2015/03/07 01:36:19 ui:     jessie: Hit http://mirror.internode.on.net jessie-backports/contrib Translation-en
    jessie: Hit http://mirror.internode.on.net jessie-backports/contrib Translation-en
2015/03/07 01:36:19 ui:     jessie: Hit http://mirror.internode.on.net jessie-backports/main Translation-en
    jessie: Hit http://mirror.internode.on.net jessie-backports/main Translation-en
2015/03/07 01:36:19 ui:     jessie: Hit http://mirror.internode.on.net jessie-backports/non-free Translation-en
    jessie: Hit http://mirror.internode.on.net jessie-backports/non-free Translation-en
2015/03/07 01:36:19 ui:     jessie: Fetched 70.6 kB in 1s (61.1 kB/s)
    jessie: Fetched 70.6 kB in 1s (61.1 kB/s)
2015/03/07 01:36:21 ui:     jessie: Reading package lists... Done
    jessie: Reading package lists... Done
2015/03/07 01:36:21 ui:     jessie: Reading package lists... Done
    jessie: Reading package lists... Done
2015/03/07 01:36:21 ui:     jessie: Building dependency tree
    jessie: Building dependency tree
2015/03/07 01:36:21 ui:     jessie: Reading state information... Done
    jessie: Reading state information... Done
2015/03/07 01:36:21 ui:     jessie: Calculating upgrade... Done
    jessie: Calculating upgrade... Done
2015/03/07 01:36:21 ui:     jessie: The following packages will be upgraded:
2015/03/07 01:36:21 ui:     jessie: apt apt-utils bsdutils busybox dpkg
    jessie: The following packages will be upgraded:
2015/03/07 01:36:21 ui:     jessie: e2fslibs e2fsprogs gcc-4.8-base
    jessie: apt apt-utils bsdutils busybox dpkg
2015/03/07 01:36:21 ui:     jessie: gcc-4.9-base grep ifupdown
    jessie: e2fslibs e2fsprogs gcc-4.8-base
    jessie: gcc-4.9-base grep ifupdown
2015/03/07 01:36:21 ui:     jessie: isc-dhcp-client isc-dhcp-common
    jessie: isc-dhcp-client isc-dhcp-common
2015/03/07 01:36:21 ui:     jessie: libapt-inst1.5 libapt-pkg4.12
2015/03/07 01:36:21 ui:     jessie: libblkid1 libc-bin libc6 libcomerr2
    jessie: libapt-inst1.5 libapt-pkg4.12
2015/03/07 01:36:21 ui:     jessie: libcryptsetup4 libdb5.3
    jessie: libblkid1 libc-bin libc6 libcomerr2
    jessie: libcryptsetup4 libdb5.3
2015/03/07 01:36:21 ui:     jessie: libdns-export100 libgcc1
2015/03/07 01:36:21 ui:     jessie: libgnutls-deb0-28
    jessie: libdns-export100 libgcc1
2015/03/07 01:36:21 ui:     jessie: libgnutls-openssl27 libhogweed2
    jessie: libgnutls-deb0-28
2015/03/07 01:36:21 ui:     jessie: libicu52 libirs-export91
    jessie: libgnutls-openssl27 libhogweed2
2015/03/07 01:36:21 ui:     jessie: libisc-export95 libisccfg-export90
    jessie: libicu52 libirs-export91
2015/03/07 01:36:21 ui:     jessie: libmount1 libnettle4 libreadline6
2015/03/07 01:36:21 ui:     jessie: libsmartcols1 libss2 libssl1.0.0
    jessie: libisc-export95 libisccfg-export90
    jessie: libmount1 libnettle4 libreadline6
2015/03/07 01:36:21 ui:     jessie: libstdc++6 libsystemd0 libudev1
    jessie: libsmartcols1 libss2 libssl1.0.0
2015/03/07 01:36:21 ui:     jessie: libuuid1 linux-image-3.16.0-4-amd64
    jessie: libstdc++6 libsystemd0 libudev1
2015/03/07 01:36:21 ui:     jessie: locales mount multiarch-support
    jessie: libuuid1 linux-image-3.16.0-4-amd64
2015/03/07 01:36:21 ui:     jessie: systemd systemd-sysv tzdata udev
    jessie: locales mount multiarch-support
2015/03/07 01:36:21 ui:     jessie: util-linux
    jessie: systemd systemd-sysv tzdata udev
2015/03/07 01:36:21 ui:     jessie: 49 upgraded, 0 newly installed, 0 to remove and 0 not upgraded.
    jessie: util-linux
    jessie: 49 upgraded, 0 newly installed, 0 to remove and 0 not upgraded.
2015/03/07 01:36:21 ui:     jessie: Need to get 68.1 MB of archives.
2015/03/07 01:36:21 ui:     jessie: After this operation, 1,065 kB of additional disk space will be used.
    jessie: Need to get 68.1 MB of archives.
    jessie: After this operation, 1,065 kB of additional disk space will be used.
2015/03/07 01:36:21 ui:     jessie: Get:1 http://mirror.internode.on.net/pub/debian/ jessie/main bsdutils amd64 1:2.25.2-5 [93.9 kB]
    jessie: Get:1 http://mirror.internode.on.net/pub/debian/ jessie/main bsdutils amd64 1:2.25.2-5 [93.9 kB]
2015/03/07 01:36:21 ui:     jessie: Get:2 http://mirror.internode.on.net/pub/debian/ jessie/main dpkg amd64 1.17.24 [2,920 kB]
    jessie: Get:2 http://mirror.internode.on.net/pub/debian/ jessie/main dpkg amd64 1.17.24 [2,920 kB]
2015/03/07 01:36:22 ui:     jessie: Get:3 http://mirror.internode.on.net/pub/debian/ jessie/main libc-bin amd64 2.19-15 [1,283 kB]
    jessie: Get:3 http://mirror.internode.on.net/pub/debian/ jessie/main libc-bin amd64 2.19-15 [1,283 kB]
2015/03/07 01:36:22 ui:     jessie: Get:4 http://mirror.internode.on.net/pub/debian/ jessie/main gcc-4.9-base amd64 4.9.2-10 [160 kB]
    jessie: Get:4 http://mirror.internode.on.net/pub/debian/ jessie/main gcc-4.9-base amd64 4.9.2-10 [160 kB]
2015/03/07 01:36:22 ui:     jessie: Get:5 http://mirror.internode.on.net/pub/debian/ jessie/main libgcc1 amd64 1:4.9.2-10 [39.5 kB]
    jessie: Get:5 http://mirror.internode.on.net/pub/debian/ jessie/main libgcc1 amd64 1:4.9.2-10 [39.5 kB]
2015/03/07 01:36:22 ui:     jessie: Get:6 http://mirror.internode.on.net/pub/debian/ jessie/main libstdc++6 amd64 4.9.2-10 [273 kB]
    jessie: Get:6 http://mirror.internode.on.net/pub/debian/ jessie/main libstdc++6 amd64 4.9.2-10 [273 kB]
2015/03/07 01:36:22 ui:     jessie: Get:7 http://mirror.internode.on.net/pub/debian/ jessie/main libc6 amd64 2.19-15 [4,810 kB]
    jessie: Get:7 http://mirror.internode.on.net/pub/debian/ jessie/main libc6 amd64 2.19-15 [4,810 kB]
2015/03/07 01:36:22 ui:     jessie: Get:8 http://mirror.internode.on.net/pub/debian/ jessie/main e2fslibs amd64 1.42.12-1.1 [186 kB]
    jessie: Get:8 http://mirror.internode.on.net/pub/debian/ jessie/main e2fslibs amd64 1.42.12-1.1 [186 kB]
2015/03/07 01:36:22 ui:     jessie: Get:9 http://mirror.internode.on.net/pub/debian/ jessie/main e2fsprogs amd64 1.42.12-1.1 [752 kB]
    jessie: Get:9 http://mirror.internode.on.net/pub/debian/ jessie/main e2fsprogs amd64 1.42.12-1.1 [752 kB]
2015/03/07 01:36:23 ui:     jessie: Get:10 http://mirror.internode.on.net/pub/debian/ jessie/main grep amd64 2.20-4.1 [325 kB]
    jessie: Get:10 http://mirror.internode.on.net/pub/debian/ jessie/main grep amd64 2.20-4.1 [325 kB]
2015/03/07 01:36:23 ui:     jessie: Get:11 http://mirror.internode.on.net/pub/debian/ jessie/main mount amd64 2.25.2-5 [169 kB]
    jessie: Get:11 http://mirror.internode.on.net/pub/debian/ jessie/main mount amd64 2.25.2-5 [169 kB]
2015/03/07 01:36:23 ui:     jessie: Get:12 http://mirror.internode.on.net/pub/debian/ jessie/main tzdata all 2015a-1 [190 kB]
    jessie: Get:12 http://mirror.internode.on.net/pub/debian/ jessie/main tzdata all 2015a-1 [190 kB]
2015/03/07 01:36:23 ui:     jessie: Get:13 http://mirror.internode.on.net/pub/debian/ jessie/main util-linux amd64 2.25.2-5 [845 kB]
    jessie: Get:13 http://mirror.internode.on.net/pub/debian/ jessie/main util-linux amd64 2.25.2-5 [845 kB]
2015/03/07 01:36:23 ui:     jessie: Get:14 http://mirror.internode.on.net/pub/debian/ jessie/main libapt-pkg4.12 amd64 1.0.9.7 [790 kB]
    jessie: Get:14 http://mirror.internode.on.net/pub/debian/ jessie/main libapt-pkg4.12 amd64 1.0.9.7 [790 kB]
2015/03/07 01:36:23 ui:     jessie: Get:15 http://mirror.internode.on.net/pub/debian/ jessie/main apt amd64 1.0.9.7 [1,108 kB]
    jessie: Get:15 http://mirror.internode.on.net/pub/debian/ jessie/main apt amd64 1.0.9.7 [1,108 kB]
2015/03/07 01:36:23 ui:     jessie: Get:16 http://mirror.internode.on.net/pub/debian/ jessie/main libreadline6 amd64 6.3-8+b3 [143 kB]
    jessie: Get:16 http://mirror.internode.on.net/pub/debian/ jessie/main libreadline6 amd64 6.3-8+b3 [143 kB]
2015/03/07 01:36:23 ui:     jessie: Get:17 http://mirror.internode.on.net/pub/debian/ jessie/main libuuid1 amd64 2.25.2-5 [64.5 kB]
    jessie: Get:17 http://mirror.internode.on.net/pub/debian/ jessie/main libuuid1 amd64 2.25.2-5 [64.5 kB]
2015/03/07 01:36:23 ui:     jessie: Get:18 http://mirror.internode.on.net/pub/debian/ jessie/main libblkid1 amd64 2.25.2-5 [156 kB]
    jessie: Get:18 http://mirror.internode.on.net/pub/debian/ jessie/main libblkid1 amd64 2.25.2-5 [156 kB]
2015/03/07 01:36:23 ui:     jessie: Get:19 http://mirror.internode.on.net/pub/debian/ jessie/main libudev1 amd64 215-12 [53.7 kB]
    jessie: Get:19 http://mirror.internode.on.net/pub/debian/ jessie/main libudev1 amd64 215-12 [53.7 kB]
2015/03/07 01:36:23 ui:     jessie: Get:20 http://mirror.internode.on.net/pub/debian/ jessie/main udev amd64 215-12 [873 kB]
    jessie: Get:20 http://mirror.internode.on.net/pub/debian/ jessie/main udev amd64 215-12 [873 kB]
2015/03/07 01:36:23 ui:     jessie: Get:21 http://mirror.internode.on.net/pub/debian/ jessie/main libsystemd0 amd64 215-12 [85.4 kB]
    jessie: Get:21 http://mirror.internode.on.net/pub/debian/ jessie/main libsystemd0 amd64 215-12 [85.4 kB]
2015/03/07 01:36:23 ui:     jessie: Get:22 http://mirror.internode.on.net/pub/debian/ jessie/main systemd amd64 215-12 [2,536 kB]
    jessie: Get:22 http://mirror.internode.on.net/pub/debian/ jessie/main systemd amd64 215-12 [2,536 kB]
2015/03/07 01:36:23 ui:     jessie: Get:23 http://mirror.internode.on.net/pub/debian/ jessie/main systemd-sysv amd64 215-12 [32.7 kB]
    jessie: Get:23 http://mirror.internode.on.net/pub/debian/ jessie/main systemd-sysv amd64 215-12 [32.7 kB]
2015/03/07 01:36:23 ui:     jessie: Get:24 http://mirror.internode.on.net/pub/debian/ jessie/main libcryptsetup4 amd64 2:1.6.6-5 [103 kB]
    jessie: Get:24 http://mirror.internode.on.net/pub/debian/ jessie/main libcryptsetup4 amd64 2:1.6.6-5 [103 kB]
2015/03/07 01:36:24 ui:     jessie: Get:25 http://mirror.internode.on.net/pub/debian/ jessie/main libcomerr2 amd64 1.42.12-1.1 [60.5 kB]
    jessie: Get:25 http://mirror.internode.on.net/pub/debian/ jessie/main libcomerr2 amd64 1.42.12-1.1 [60.5 kB]
2015/03/07 01:36:24 ui:     jessie: Get:26 http://mirror.internode.on.net/pub/debian/ jessie/main libmount1 amd64 2.25.2-5 [164 kB]
    jessie: Get:26 http://mirror.internode.on.net/pub/debian/ jessie/main libmount1 amd64 2.25.2-5 [164 kB]
2015/03/07 01:36:24 ui:     jessie: Get:27 http://mirror.internode.on.net/pub/debian/ jessie/main libsmartcols1 amd64 2.25.2-5 [110 kB]
    jessie: Get:27 http://mirror.internode.on.net/pub/debian/ jessie/main libsmartcols1 amd64 2.25.2-5 [110 kB]
2015/03/07 01:36:24 ui:     jessie: Get:28 http://mirror.internode.on.net/pub/debian/ jessie/main libss2 amd64 1.42.12-1.1 [64.8 kB]
    jessie: Get:28 http://mirror.internode.on.net/pub/debian/ jessie/main libss2 amd64 1.42.12-1.1 [64.8 kB]
2015/03/07 01:36:24 ui:     jessie: Get:29 http://mirror.internode.on.net/pub/debian/ jessie/main libdb5.3 amd64 5.3.28-9 [680 kB]
    jessie: Get:29 http://mirror.internode.on.net/pub/debian/ jessie/main libdb5.3 amd64 5.3.28-9 [680 kB]
2015/03/07 01:36:24 ui:     jessie: Get:30 http://mirror.internode.on.net/pub/debian/ jessie/main libapt-inst1.5 amd64 1.0.9.7 [168 kB]
    jessie: Get:30 http://mirror.internode.on.net/pub/debian/ jessie/main libapt-inst1.5 amd64 1.0.9.7 [168 kB]
2015/03/07 01:36:24 ui:     jessie: Get:31 http://mirror.internode.on.net/pub/debian/ jessie/main libssl1.0.0 amd64 1.0.1k-1 [1,037 kB]
    jessie: Get:31 http://mirror.internode.on.net/pub/debian/ jessie/main libssl1.0.0 amd64 1.0.1k-1 [1,037 kB]
2015/03/07 01:36:24 ui:     jessie: Get:32 http://mirror.internode.on.net/pub/debian/ jessie/main libgnutls-openssl27 amd64 3.3.8-6 [142 kB]
    jessie: Get:32 http://mirror.internode.on.net/pub/debian/ jessie/main libgnutls-openssl27 amd64 3.3.8-6 [142 kB]
2015/03/07 01:36:24 ui:     jessie: Get:33 http://mirror.internode.on.net/pub/debian/ jessie/main libhogweed2 amd64 2.7.1-5 [125 kB]
    jessie: Get:33 http://mirror.internode.on.net/pub/debian/ jessie/main libhogweed2 amd64 2.7.1-5 [125 kB]
2015/03/07 01:36:24 ui:     jessie: Get:34 http://mirror.internode.on.net/pub/debian/ jessie/main libnettle4 amd64 2.7.1-5 [176 kB]
    jessie: Get:34 http://mirror.internode.on.net/pub/debian/ jessie/main libnettle4 amd64 2.7.1-5 [176 kB]
2015/03/07 01:36:24 ui:     jessie: Get:35 http://mirror.internode.on.net/pub/debian/ jessie/main libgnutls-deb0-28 amd64 3.3.8-6 [694 kB]
    jessie: Get:35 http://mirror.internode.on.net/pub/debian/ jessie/main libgnutls-deb0-28 amd64 3.3.8-6 [694 kB]
2015/03/07 01:36:24 ui:     jessie: Get:36 http://mirror.internode.on.net/pub/debian/ jessie/main libisc-export95 amd64 1:9.9.5.dfsg-9 [140 kB]
    jessie: Get:36 http://mirror.internode.on.net/pub/debian/ jessie/main libisc-export95 amd64 1:9.9.5.dfsg-9 [140 kB]
2015/03/07 01:36:24 ui:     jessie: Get:37 http://mirror.internode.on.net/pub/debian/ jessie/main libdns-export100 amd64 1:9.9.5.dfsg-9 [455 kB]
    jessie: Get:37 http://mirror.internode.on.net/pub/debian/ jessie/main libdns-export100 amd64 1:9.9.5.dfsg-9 [455 kB]
2015/03/07 01:36:24 ui:     jessie: Get:38 http://mirror.internode.on.net/pub/debian/ jessie/main libicu52 amd64 52.1-7.1 [6,783 kB]
    jessie: Get:38 http://mirror.internode.on.net/pub/debian/ jessie/main libicu52 amd64 52.1-7.1 [6,783 kB]
2015/03/07 01:36:25 ui:     jessie: Get:39 http://mirror.internode.on.net/pub/debian/ jessie/main libisccfg-export90 amd64 1:9.9.5.dfsg-9 [39.9 kB]
    jessie: Get:39 http://mirror.internode.on.net/pub/debian/ jessie/main libisccfg-export90 amd64 1:9.9.5.dfsg-9 [39.9 kB]
2015/03/07 01:36:25 ui:     jessie: Get:40 http://mirror.internode.on.net/pub/debian/ jessie/main libirs-export91 amd64 1:9.9.5.dfsg-9 [37.6 kB]
    jessie: Get:40 http://mirror.internode.on.net/pub/debian/ jessie/main libirs-export91 amd64 1:9.9.5.dfsg-9 [37.6 kB]
2015/03/07 01:36:25 ui:     jessie: Get:41 http://mirror.internode.on.net/pub/debian/ jessie/main linux-image-3.16.0-4-amd64 amd64 3.16.7-ckt4-3 [33.7 MB]
    jessie: Get:41 http://mirror.internode.on.net/pub/debian/ jessie/main linux-image-3.16.0-4-amd64 amd64 3.16.7-ckt4-3 [33.7 MB]
2015/03/07 01:36:28 ui:     jessie: Get:42 http://mirror.internode.on.net/pub/debian/ jessie/main multiarch-support amd64 2.19-15 [178 kB]
    jessie: Get:42 http://mirror.internode.on.net/pub/debian/ jessie/main multiarch-support amd64 2.19-15 [178 kB]
2015/03/07 01:36:28 ui:     jessie: Get:43 http://mirror.internode.on.net/pub/debian/ jessie/main apt-utils amd64 1.0.9.7 [368 kB]
    jessie: Get:43 http://mirror.internode.on.net/pub/debian/ jessie/main apt-utils amd64 1.0.9.7 [368 kB]
2015/03/07 01:36:28 ui:     jessie: Get:44 http://mirror.internode.on.net/pub/debian/ jessie/main ifupdown amd64 0.7.52 [67.0 kB]
    jessie: Get:44 http://mirror.internode.on.net/pub/debian/ jessie/main ifupdown amd64 0.7.52 [67.0 kB]
2015/03/07 01:36:28 ui:     jessie: Get:45 http://mirror.internode.on.net/pub/debian/ jessie/main isc-dhcp-client amd64 4.3.1-6 [250 kB]
    jessie: Get:45 http://mirror.internode.on.net/pub/debian/ jessie/main isc-dhcp-client amd64 4.3.1-6 [250 kB]
2015/03/07 01:36:28 ui:     jessie: Get:46 http://mirror.internode.on.net/pub/debian/ jessie/main isc-dhcp-common amd64 4.3.1-6 [211 kB]
    jessie: Get:46 http://mirror.internode.on.net/pub/debian/ jessie/main isc-dhcp-common amd64 4.3.1-6 [211 kB]
2015/03/07 01:36:28 ui:     jessie: Get:47 http://mirror.internode.on.net/pub/debian/ jessie/main gcc-4.8-base amd64 4.8.4-1 [155 kB]
    jessie: Get:47 http://mirror.internode.on.net/pub/debian/ jessie/main gcc-4.8-base amd64 4.8.4-1 [155 kB]
2015/03/07 01:36:28 ui:     jessie: Get:48 http://mirror.internode.on.net/pub/debian/ jessie/main locales all 2.19-15 [3,937 kB]
    jessie: Get:48 http://mirror.internode.on.net/pub/debian/ jessie/main locales all 2.19-15 [3,937 kB]
2015/03/07 01:36:28 ui:     jessie: Get:49 http://mirror.internode.on.net/pub/debian/ jessie/main busybox amd64 1:1.22.0-9+deb8u1 [391 kB]
    jessie: Get:49 http://mirror.internode.on.net/pub/debian/ jessie/main busybox amd64 1:1.22.0-9+deb8u1 [391 kB]
2015/03/07 01:36:28 ui:     jessie: Fetched 68.1 MB in 7s (9,562 kB/s)
    jessie: Fetched 68.1 MB in 7s (9,562 kB/s)
2015/03/07 01:36:34 ui:     jessie: Reading changelogs... Done
    jessie: Reading changelogs... Done
2015/03/07 01:36:35 ui:     jessie: Extracting templates from packages: 100%
    jessie: Extracting templates from packages: 100%
2015/03/07 01:36:35 ui:     jessie: Preconfiguring packages ...
    jessie: Preconfiguring packages ...
2015/03/07 01:36:35 ui:     jessie: (Reading database ... 30552 files and directories currently installed.)
    jessie: (Reading database ... 30552 files and directories currently installed.)
2015/03/07 01:36:35 ui:     jessie: Preparing to unpack .../bsdutils_1%3a2.25.2-5_amd64.deb ...
    jessie: Preparing to unpack .../bsdutils_1%3a2.25.2-5_amd64.deb ...
2015/03/07 01:36:35 ui:     jessie: Unpacking bsdutils (1:2.25.2-5) over (1:2.25.2-4) ...
    jessie: Unpacking bsdutils (1:2.25.2-5) over (1:2.25.2-4) ...
2015/03/07 01:36:35 ui:     jessie: Processing triggers for man-db (2.7.0.2-5) ...
    jessie: Processing triggers for man-db (2.7.0.2-5) ...
2015/03/07 01:36:36 ui:     jessie: Setting up bsdutils (1:2.25.2-5) ...
    jessie: Setting up bsdutils (1:2.25.2-5) ...
2015/03/07 01:36:36 ui:     jessie: (Reading database ... 30552 files and directories currently installed.)
2015/03/07 01:36:36 ui:     jessie: Preparing to unpack .../dpkg_1.17.24_amd64.deb ...
    jessie: (Reading database ... 30552 files and directories currently installed.)
    jessie: Preparing to unpack .../dpkg_1.17.24_amd64.deb ...
2015/03/07 01:36:36 ui:     jessie: Unpacking dpkg (1.17.24) over (1.17.23) ...
    jessie: Unpacking dpkg (1.17.24) over (1.17.23) ...
2015/03/07 01:36:36 ui:     jessie: Setting up dpkg (1.17.24) ...
    jessie: Setting up dpkg (1.17.24) ...
2015/03/07 01:36:36 ui:     jessie: Processing triggers for man-db (2.7.0.2-5) ...
    jessie: Processing triggers for man-db (2.7.0.2-5) ...
2015/03/07 01:36:37 ui:     jessie: (Reading database ... 30552 files and directories currently installed.)
    jessie: (Reading database ... 30552 files and directories currently installed.)
2015/03/07 01:36:37 ui:     jessie: Preparing to unpack .../libc-bin_2.19-15_amd64.deb ...
    jessie: Preparing to unpack .../libc-bin_2.19-15_amd64.deb ...
2015/03/07 01:36:37 ui:     jessie: Unpacking libc-bin (2.19-15) over (2.19-13) ...
    jessie: Unpacking libc-bin (2.19-15) over (2.19-13) ...
2015/03/07 01:36:37 ui:     jessie: Processing triggers for man-db (2.7.0.2-5) ...
    jessie: Processing triggers for man-db (2.7.0.2-5) ...
2015/03/07 01:36:37 ui:     jessie: Setting up libc-bin (2.19-15) ...
    jessie: Setting up libc-bin (2.19-15) ...
2015/03/07 01:36:37 ui:     jessie: (Reading database ... 30552 files and directories currently installed.)
    jessie: (Reading database ... 30552 files and directories currently installed.)
2015/03/07 01:36:37 ui:     jessie: Preparing to unpack .../gcc-4.9-base_4.9.2-10_amd64.deb ...
    jessie: Preparing to unpack .../gcc-4.9-base_4.9.2-10_amd64.deb ...
2015/03/07 01:36:37 ui:     jessie: Unpacking gcc-4.9-base:amd64 (4.9.2-10) over (4.9.1-19) ...
    jessie: Unpacking gcc-4.9-base:amd64 (4.9.2-10) over (4.9.1-19) ...
2015/03/07 01:36:37 ui:     jessie: Setting up gcc-4.9-base:amd64 (4.9.2-10) ...
    jessie: Setting up gcc-4.9-base:amd64 (4.9.2-10) ...
2015/03/07 01:36:38 ui:     jessie: (Reading database ... 30552 files and directories currently installed.)
    jessie: (Reading database ... 30552 files and directories currently installed.)
2015/03/07 01:36:38 ui:     jessie: Preparing to unpack .../libgcc1_1%3a4.9.2-10_amd64.deb ...
    jessie: Preparing to unpack .../libgcc1_1%3a4.9.2-10_amd64.deb ...
2015/03/07 01:36:38 ui:     jessie: Unpacking libgcc1:amd64 (1:4.9.2-10) over (1:4.9.1-19) ...
    jessie: Unpacking libgcc1:amd64 (1:4.9.2-10) over (1:4.9.1-19) ...
2015/03/07 01:36:38 ui:     jessie: Setting up libgcc1:amd64 (1:4.9.2-10) ...
    jessie: Setting up libgcc1:amd64 (1:4.9.2-10) ...
2015/03/07 01:36:38 ui:     jessie: Processing triggers for libc-bin (2.19-15) ...
    jessie: Processing triggers for libc-bin (2.19-15) ...
2015/03/07 01:36:38 ui:     jessie: (Reading database ... 30552 files and directories currently installed.)
    jessie: (Reading database ... 30552 files and directories currently installed.)
2015/03/07 01:36:38 ui:     jessie: Preparing to unpack .../libstdc++6_4.9.2-10_amd64.deb ...
    jessie: Preparing to unpack .../libstdc++6_4.9.2-10_amd64.deb ...
2015/03/07 01:36:38 ui:     jessie: Unpacking libstdc++6:amd64 (4.9.2-10) over (4.9.1-19) ...
    jessie: Unpacking libstdc++6:amd64 (4.9.2-10) over (4.9.1-19) ...
2015/03/07 01:36:38 ui:     jessie: Setting up libstdc++6:amd64 (4.9.2-10) ...
    jessie: Setting up libstdc++6:amd64 (4.9.2-10) ...
2015/03/07 01:36:38 ui:     jessie: Processing triggers for libc-bin (2.19-15) ...
    jessie: Processing triggers for libc-bin (2.19-15) ...
2015/03/07 01:36:38 ui:     jessie: (Reading database ... 30552 files and directories currently installed.)
    jessie: (Reading database ... 30552 files and directories currently installed.)
2015/03/07 01:36:38 ui:     jessie: Preparing to unpack .../libc6_2.19-15_amd64.deb ...
    jessie: Preparing to unpack .../libc6_2.19-15_amd64.deb ...
2015/03/07 01:36:39 ui:     jessie: Unpacking libc6:amd64 (2.19-15) over (2.19-13) ...
    jessie: Unpacking libc6:amd64 (2.19-15) over (2.19-13) ...
2015/03/07 01:36:39 ui:     jessie: Setting up libc6:amd64 (2.19-15) ...
    jessie: Setting up libc6:amd64 (2.19-15) ...
2015/03/07 01:36:39 ui:     jessie: Processing triggers for libc-bin (2.19-15) ...
    jessie: Processing triggers for libc-bin (2.19-15) ...
2015/03/07 01:36:40 ui:     jessie: (Reading database ... 30552 files and directories currently installed.)
    jessie: (Reading database ... 30552 files and directories currently installed.)
2015/03/07 01:36:40 ui:     jessie: Preparing to unpack .../e2fslibs_1.42.12-1.1_amd64.deb ...
    jessie: Preparing to unpack .../e2fslibs_1.42.12-1.1_amd64.deb ...
2015/03/07 01:36:40 ui:     jessie: Unpacking e2fslibs:amd64 (1.42.12-1.1) over (1.42.12-1) ...
    jessie: Unpacking e2fslibs:amd64 (1.42.12-1.1) over (1.42.12-1) ...
2015/03/07 01:36:40 ui:     jessie: Setting up e2fslibs:amd64 (1.42.12-1.1) ...
    jessie: Setting up e2fslibs:amd64 (1.42.12-1.1) ...
2015/03/07 01:36:40 ui:     jessie: Processing triggers for libc-bin (2.19-15) ...
    jessie: Processing triggers for libc-bin (2.19-15) ...
2015/03/07 01:36:40 ui:     jessie: (Reading database ... 30552 files and directories currently installed.)
    jessie: (Reading database ... 30552 files and directories currently installed.)
2015/03/07 01:36:40 ui:     jessie: Preparing to unpack .../e2fsprogs_1.42.12-1.1_amd64.deb ...
    jessie: Preparing to unpack .../e2fsprogs_1.42.12-1.1_amd64.deb ...
2015/03/07 01:36:40 ui:     jessie: Unpacking e2fsprogs (1.42.12-1.1) over (1.42.12-1) ...
    jessie: Unpacking e2fsprogs (1.42.12-1.1) over (1.42.12-1) ...
2015/03/07 01:36:40 ui:     jessie: Processing triggers for man-db (2.7.0.2-5) ...
    jessie: Processing triggers for man-db (2.7.0.2-5) ...
2015/03/07 01:36:40 ui:     jessie: Setting up e2fsprogs (1.42.12-1.1) ...
    jessie: Setting up e2fsprogs (1.42.12-1.1) ...
2015/03/07 01:36:40 ui:     jessie: (Reading database ... 30552 files and directories currently installed.)
    jessie: (Reading database ... 30552 files and directories currently installed.)
2015/03/07 01:36:40 ui:     jessie: Preparing to unpack .../grep_2.20-4.1_amd64.deb ...
    jessie: Preparing to unpack .../grep_2.20-4.1_amd64.deb ...
2015/03/07 01:36:40 ui:     jessie: Unpacking grep (2.20-4.1) over (2.20-4) ...
    jessie: Unpacking grep (2.20-4.1) over (2.20-4) ...
2015/03/07 01:36:41 ui:     jessie: Processing triggers for man-db (2.7.0.2-5) ...
    jessie: Processing triggers for man-db (2.7.0.2-5) ...
2015/03/07 01:36:41 ui:     jessie: Processing triggers for install-info (5.2.0.dfsg.1-6) ...
    jessie: Processing triggers for install-info (5.2.0.dfsg.1-6) ...
2015/03/07 01:36:41 ui:     jessie: Setting up grep (2.20-4.1) ...
    jessie: Setting up grep (2.20-4.1) ...
2015/03/07 01:36:41 ui:     jessie: (Reading database ... 30552 files and directories currently installed.)
    jessie: (Reading database ... 30552 files and directories currently installed.)
2015/03/07 01:36:41 ui:     jessie: Preparing to unpack .../mount_2.25.2-5_amd64.deb ...
    jessie: Preparing to unpack .../mount_2.25.2-5_amd64.deb ...
2015/03/07 01:36:41 ui:     jessie: Unpacking mount (2.25.2-5) over (2.25.2-4) ...
    jessie: Unpacking mount (2.25.2-5) over (2.25.2-4) ...
2015/03/07 01:36:41 ui:     jessie: Processing triggers for man-db (2.7.0.2-5) ...
    jessie: Processing triggers for man-db (2.7.0.2-5) ...
2015/03/07 01:36:41 ui:     jessie: Setting up mount (2.25.2-5) ...
    jessie: Setting up mount (2.25.2-5) ...
2015/03/07 01:36:41 ui:     jessie: (Reading database ... 30552 files and directories currently installed.)
    jessie: (Reading database ... 30552 files and directories currently installed.)
2015/03/07 01:36:41 ui:     jessie: Preparing to unpack .../tzdata_2015a-1_all.deb ...
    jessie: Preparing to unpack .../tzdata_2015a-1_all.deb ...
2015/03/07 01:36:41 ui:     jessie: Unpacking tzdata (2015a-1) over (2014j-1) ...
    jessie: Unpacking tzdata (2015a-1) over (2014j-1) ...
2015/03/07 01:36:42 ui:     jessie: Setting up tzdata (2015a-1) ...
    jessie: Setting up tzdata (2015a-1) ...
2015/03/07 01:36:42 ui:     jessie:
    jessie:
2015/03/07 01:36:42 ui:     jessie: Current default time zone: 'Australia/Melbourne'
    jessie: Current default time zone: 'Australia/Melbourne'
2015/03/07 01:36:42 ui:     jessie: Local time is now:      Sat Mar  7 01:29:33 AEDT 2015.
    jessie: Local time is now:      Sat Mar  7 01:29:33 AEDT 2015.
2015/03/07 01:36:42 ui:     jessie: Universal Time is now:  Fri Mar  6 14:29:33 UTC 2015.
2015/03/07 01:36:42 ui:     jessie: Run 'dpkg-reconfigure tzdata' if you wish to change it.
    jessie: Universal Time is now:  Fri Mar  6 14:29:33 UTC 2015.
    jessie: Run 'dpkg-reconfigure tzdata' if you wish to change it.
2015/03/07 01:36:42 ui:     jessie:
    jessie:
2015/03/07 01:36:42 ui:     jessie: (Reading database ... 30552 files and directories currently installed.)
    jessie: (Reading database ... 30552 files and directories currently installed.)
2015/03/07 01:36:42 ui:     jessie: Preparing to unpack .../util-linux_2.25.2-5_amd64.deb ...
    jessie: Preparing to unpack .../util-linux_2.25.2-5_amd64.deb ...
2015/03/07 01:36:42 ui:     jessie: Unpacking util-linux (2.25.2-5) over (2.25.2-4) ...
    jessie: Unpacking util-linux (2.25.2-5) over (2.25.2-4) ...
2015/03/07 01:36:43 ui:     jessie: Processing triggers for mime-support (3.58) ...
    jessie: Processing triggers for mime-support (3.58) ...
2015/03/07 01:36:43 ui:     jessie: Processing triggers for man-db (2.7.0.2-5) ...
    jessie: Processing triggers for man-db (2.7.0.2-5) ...
2015/03/07 01:36:43 ui:     jessie: Setting up util-linux (2.25.2-5) ...
    jessie: Setting up util-linux (2.25.2-5) ...
2015/03/07 01:36:43 ui:     jessie: (Reading database ... 30552 files and directories currently installed.)
    jessie: (Reading database ... 30552 files and directories currently installed.)
2015/03/07 01:36:43 ui:     jessie: Preparing to unpack .../libapt-pkg4.12_1.0.9.7_amd64.deb ...
    jessie: Preparing to unpack .../libapt-pkg4.12_1.0.9.7_amd64.deb ...
2015/03/07 01:36:43 ui:     jessie: Unpacking libapt-pkg4.12:amd64 (1.0.9.7) over (1.0.9.5) ...
    jessie: Unpacking libapt-pkg4.12:amd64 (1.0.9.7) over (1.0.9.5) ...
2015/03/07 01:36:43 ui:     jessie: Setting up libapt-pkg4.12:amd64 (1.0.9.7) ...
    jessie: Setting up libapt-pkg4.12:amd64 (1.0.9.7) ...
2015/03/07 01:36:43 ui:     jessie: Processing triggers for libc-bin (2.19-15) ...
    jessie: Processing triggers for libc-bin (2.19-15) ...
2015/03/07 01:36:44 ui:     jessie: (Reading database ... 30552 files and directories currently installed.)
    jessie: (Reading database ... 30552 files and directories currently installed.)
2015/03/07 01:36:44 ui:     jessie: Preparing to unpack .../archives/apt_1.0.9.7_amd64.deb ...
    jessie: Preparing to unpack .../archives/apt_1.0.9.7_amd64.deb ...
2015/03/07 01:36:44 ui:     jessie: Unpacking apt (1.0.9.7) over (1.0.9.5) ...
    jessie: Unpacking apt (1.0.9.7) over (1.0.9.5) ...
2015/03/07 01:36:44 ui:     jessie: Processing triggers for man-db (2.7.0.2-5) ...
    jessie: Processing triggers for man-db (2.7.0.2-5) ...
2015/03/07 01:36:44 ui:     jessie: Setting up apt (1.0.9.7) ...
    jessie: Setting up apt (1.0.9.7) ...
2015/03/07 01:36:44 ui:     jessie: Processing triggers for libc-bin (2.19-15) ...
    jessie: Processing triggers for libc-bin (2.19-15) ...
2015/03/07 01:36:45 ui:     jessie: (Reading database ... 30552 files and directories currently installed.)
    jessie: (Reading database ... 30552 files and directories currently installed.)
2015/03/07 01:36:45 ui:     jessie: Preparing to unpack .../libreadline6_6.3-8+b3_amd64.deb ...
    jessie: Preparing to unpack .../libreadline6_6.3-8+b3_amd64.deb ...
2015/03/07 01:36:45 ui:     jessie: Unpacking libreadline6:amd64 (6.3-8+b3) over (6.3-8+b2) ...
    jessie: Unpacking libreadline6:amd64 (6.3-8+b3) over (6.3-8+b2) ...
2015/03/07 01:36:45 ui:     jessie: Setting up libreadline6:amd64 (6.3-8+b3) ...
    jessie: Setting up libreadline6:amd64 (6.3-8+b3) ...
2015/03/07 01:36:45 ui:     jessie: Processing triggers for libc-bin (2.19-15) ...
    jessie: Processing triggers for libc-bin (2.19-15) ...
2015/03/07 01:36:45 ui:     jessie: (Reading database ... 30552 files and directories currently installed.)
    jessie: (Reading database ... 30552 files and directories currently installed.)
2015/03/07 01:36:45 ui:     jessie: Preparing to unpack .../libuuid1_2.25.2-5_amd64.deb ...
    jessie: Preparing to unpack .../libuuid1_2.25.2-5_amd64.deb ...
2015/03/07 01:36:45 ui:     jessie: Unpacking libuuid1:amd64 (2.25.2-5) over (2.25.2-4) ...
    jessie: Unpacking libuuid1:amd64 (2.25.2-5) over (2.25.2-4) ...
2015/03/07 01:36:45 ui:     jessie: Setting up libuuid1:amd64 (2.25.2-5) ...
    jessie: Setting up libuuid1:amd64 (2.25.2-5) ...
2015/03/07 01:36:45 ui:     jessie: Processing triggers for libc-bin (2.19-15) ...
    jessie: Processing triggers for libc-bin (2.19-15) ...
2015/03/07 01:36:45 ui:     jessie: (Reading database ... 30552 files and directories currently installed.)
    jessie: (Reading database ... 30552 files and directories currently installed.)
2015/03/07 01:36:45 ui:     jessie: Preparing to unpack .../libblkid1_2.25.2-5_amd64.deb ...
    jessie: Preparing to unpack .../libblkid1_2.25.2-5_amd64.deb ...
2015/03/07 01:36:45 ui:     jessie: Unpacking libblkid1:amd64 (2.25.2-5) over (2.25.2-4) ...
    jessie: Unpacking libblkid1:amd64 (2.25.2-5) over (2.25.2-4) ...
2015/03/07 01:36:45 ui:     jessie: Setting up libblkid1:amd64 (2.25.2-5) ...
    jessie: Setting up libblkid1:amd64 (2.25.2-5) ...
2015/03/07 01:36:45 ui:     jessie: Processing triggers for libc-bin (2.19-15) ...
    jessie: Processing triggers for libc-bin (2.19-15) ...
2015/03/07 01:36:45 ui:     jessie: (Reading database ... 30552 files and directories currently installed.)
    jessie: (Reading database ... 30552 files and directories currently installed.)
2015/03/07 01:36:45 ui:     jessie: Preparing to unpack .../libudev1_215-12_amd64.deb ...
    jessie: Preparing to unpack .../libudev1_215-12_amd64.deb ...
2015/03/07 01:36:45 ui:     jessie: Unpacking libudev1:amd64 (215-12) over (215-8) ...
    jessie: Unpacking libudev1:amd64 (215-12) over (215-8) ...
2015/03/07 01:36:46 ui:     jessie: Setting up libudev1:amd64 (215-12) ...
    jessie: Setting up libudev1:amd64 (215-12) ...
2015/03/07 01:36:46 ui:     jessie: Processing triggers for libc-bin (2.19-15) ...
    jessie: Processing triggers for libc-bin (2.19-15) ...
2015/03/07 01:36:46 ui:     jessie: (Reading database ... 30553 files and directories currently installed.)
    jessie: (Reading database ... 30553 files and directories currently installed.)
2015/03/07 01:36:46 ui:     jessie: Preparing to unpack .../archives/udev_215-12_amd64.deb ...
    jessie: Preparing to unpack .../archives/udev_215-12_amd64.deb ...
2015/03/07 01:36:46 ui:     jessie: Unpacking udev (215-12) over (215-8) ...
    jessie: Unpacking udev (215-12) over (215-8) ...
2015/03/07 01:36:46 ui:     jessie: Processing triggers for man-db (2.7.0.2-5) ...
    jessie: Processing triggers for man-db (2.7.0.2-5) ...
2015/03/07 01:36:47 ui:     jessie: Setting up udev (215-12) ...
    jessie: Setting up udev (215-12) ...
2015/03/07 01:36:47 ui:     jessie: update-initramfs: deferring update (trigger activated)
    jessie: update-initramfs: deferring update (trigger activated)
2015/03/07 01:36:47 ui:     jessie: Processing triggers for initramfs-tools (0.116) ...
    jessie: Processing triggers for initramfs-tools (0.116) ...
2015/03/07 01:36:47 ui:     jessie: update-initramfs: Generating /boot/initrd.img-3.16.0-4-amd64
    jessie: update-initramfs: Generating /boot/initrd.img-3.16.0-4-amd64
2015/03/07 01:36:52 ui:     jessie: (Reading database ... 30553 files and directories currently installed.)
    jessie: (Reading database ... 30553 files and directories currently installed.)
2015/03/07 01:36:52 ui:     jessie: Preparing to unpack .../libsystemd0_215-12_amd64.deb ...
    jessie: Preparing to unpack .../libsystemd0_215-12_amd64.deb ...
2015/03/07 01:36:52 ui:     jessie: Unpacking libsystemd0:amd64 (215-12) over (215-8) ...
    jessie: Unpacking libsystemd0:amd64 (215-12) over (215-8) ...
2015/03/07 01:36:52 ui:     jessie: Setting up libsystemd0:amd64 (215-12) ...
    jessie: Setting up libsystemd0:amd64 (215-12) ...
2015/03/07 01:36:52 ui:     jessie: Processing triggers for libc-bin (2.19-15) ...
    jessie: Processing triggers for libc-bin (2.19-15) ...
2015/03/07 01:36:52 ui:     jessie: (Reading database ... 30553 files and directories currently installed.)
    jessie: (Reading database ... 30553 files and directories currently installed.)
2015/03/07 01:36:52 ui:     jessie: Preparing to unpack .../systemd_215-12_amd64.deb ...
    jessie: Preparing to unpack .../systemd_215-12_amd64.deb ...
2015/03/07 01:36:52 ui:     jessie: Unpacking systemd (215-12) over (215-8) ...
    jessie: Unpacking systemd (215-12) over (215-8) ...
2015/03/07 01:36:53 ui:     jessie: Processing triggers for dbus (1.8.16-1) ...
    jessie: Processing triggers for dbus (1.8.16-1) ...
2015/03/07 01:36:53 ui:     jessie: Processing triggers for man-db (2.7.0.2-5) ...
    jessie: Processing triggers for man-db (2.7.0.2-5) ...
2015/03/07 01:36:54 ui:     jessie: Setting up systemd (215-12) ...
    jessie: Setting up systemd (215-12) ...
2015/03/07 01:36:54 ui:     jessie: Installing new version of config file /etc/pam.d/systemd-user ...
    jessie: Installing new version of config file /etc/pam.d/systemd-user ...
2015/03/07 01:36:54 ui:     jessie: (Reading database ... 30558 files and directories currently installed.)
    jessie: (Reading database ... 30558 files and directories currently installed.)
2015/03/07 01:36:54 ui:     jessie: Preparing to unpack .../systemd-sysv_215-12_amd64.deb ...
    jessie: Preparing to unpack .../systemd-sysv_215-12_amd64.deb ...
2015/03/07 01:36:54 ui:     jessie: Unpacking systemd-sysv (215-12) over (215-8) ...
    jessie: Unpacking systemd-sysv (215-12) over (215-8) ...
    jessie: Processing triggers for man-db (2.7.0.2-5) ...
2015/03/07 01:36:54 ui:     jessie: Processing triggers for man-db (2.7.0.2-5) ...
2015/03/07 01:36:55 ui:     jessie: Setting up systemd-sysv (215-12) ...
    jessie: Setting up systemd-sysv (215-12) ...
2015/03/07 01:36:55 ui:     jessie: (Reading database ... 30558 files and directories currently installed.)
    jessie: (Reading database ... 30558 files and directories currently installed.)
2015/03/07 01:36:55 ui:     jessie: Preparing to unpack .../libcryptsetup4_2%3a1.6.6-5_amd64.deb ...
    jessie: Preparing to unpack .../libcryptsetup4_2%3a1.6.6-5_amd64.deb ...
2015/03/07 01:36:55 ui:     jessie: Unpacking libcryptsetup4:amd64 (2:1.6.6-5) over (2:1.6.6-4) ...
    jessie: Unpacking libcryptsetup4:amd64 (2:1.6.6-5) over (2:1.6.6-4) ...
2015/03/07 01:36:55 ui:     jessie: Setting up libcryptsetup4:amd64 (2:1.6.6-5) ...
    jessie: Setting up libcryptsetup4:amd64 (2:1.6.6-5) ...
2015/03/07 01:36:55 ui:     jessie: Processing triggers for libc-bin (2.19-15) ...
    jessie: Processing triggers for libc-bin (2.19-15) ...
2015/03/07 01:36:55 ui:     jessie: (Reading database ... 30558 files and directories currently installed.)
    jessie: (Reading database ... 30558 files and directories currently installed.)
2015/03/07 01:36:55 ui:     jessie: Preparing to unpack .../libcomerr2_1.42.12-1.1_amd64.deb ...
    jessie: Preparing to unpack .../libcomerr2_1.42.12-1.1_amd64.deb ...
2015/03/07 01:36:55 ui:     jessie: Unpacking libcomerr2:amd64 (1.42.12-1.1) over (1.42.12-1) ...
    jessie: Unpacking libcomerr2:amd64 (1.42.12-1.1) over (1.42.12-1) ...
2015/03/07 01:36:55 ui:     jessie: Setting up libcomerr2:amd64 (1.42.12-1.1) ...
    jessie: Setting up libcomerr2:amd64 (1.42.12-1.1) ...
2015/03/07 01:36:55 ui:     jessie: Processing triggers for libc-bin (2.19-15) ...
    jessie: Processing triggers for libc-bin (2.19-15) ...
2015/03/07 01:36:55 ui:     jessie: (Reading database ... 30558 files and directories currently installed.)
    jessie: (Reading database ... 30558 files and directories currently installed.)
2015/03/07 01:36:55 ui:     jessie: Preparing to unpack .../libmount1_2.25.2-5_amd64.deb ...
    jessie: Preparing to unpack .../libmount1_2.25.2-5_amd64.deb ...
2015/03/07 01:36:55 ui:     jessie: Unpacking libmount1:amd64 (2.25.2-5) over (2.25.2-4) ...
    jessie: Unpacking libmount1:amd64 (2.25.2-5) over (2.25.2-4) ...
2015/03/07 01:36:55 ui:     jessie: Setting up libmount1:amd64 (2.25.2-5) ...
    jessie: Setting up libmount1:amd64 (2.25.2-5) ...
2015/03/07 01:36:55 ui:     jessie: Processing triggers for libc-bin (2.19-15) ...
    jessie: Processing triggers for libc-bin (2.19-15) ...
2015/03/07 01:36:56 ui:     jessie: (Reading database ... 30558 files and directories currently installed.)
    jessie: (Reading database ... 30558 files and directories currently installed.)
2015/03/07 01:36:56 ui:     jessie: Preparing to unpack .../libsmartcols1_2.25.2-5_amd64.deb ...
    jessie: Preparing to unpack .../libsmartcols1_2.25.2-5_amd64.deb ...
2015/03/07 01:36:56 ui:     jessie: Unpacking libsmartcols1:amd64 (2.25.2-5) over (2.25.2-4) ...
    jessie: Unpacking libsmartcols1:amd64 (2.25.2-5) over (2.25.2-4) ...
2015/03/07 01:36:56 ui:     jessie: Setting up libsmartcols1:amd64 (2.25.2-5) ...
    jessie: Setting up libsmartcols1:amd64 (2.25.2-5) ...
2015/03/07 01:36:56 ui:     jessie: Processing triggers for libc-bin (2.19-15) ...
    jessie: Processing triggers for libc-bin (2.19-15) ...
2015/03/07 01:36:56 ui:     jessie: (Reading database ... 30558 files and directories currently installed.)
    jessie: (Reading database ... 30558 files and directories currently installed.)
2015/03/07 01:36:56 ui:     jessie: Preparing to unpack .../libss2_1.42.12-1.1_amd64.deb ...
    jessie: Preparing to unpack .../libss2_1.42.12-1.1_amd64.deb ...
2015/03/07 01:36:56 ui:     jessie: Unpacking libss2:amd64 (1.42.12-1.1) over (1.42.12-1) ...
    jessie: Unpacking libss2:amd64 (1.42.12-1.1) over (1.42.12-1) ...
2015/03/07 01:36:56 ui:     jessie: Setting up libss2:amd64 (1.42.12-1.1) ...
    jessie: Setting up libss2:amd64 (1.42.12-1.1) ...
2015/03/07 01:36:56 ui:     jessie: Processing triggers for libc-bin (2.19-15) ...
    jessie: Processing triggers for libc-bin (2.19-15) ...
2015/03/07 01:36:56 ui:     jessie: (Reading database ... 30558 files and directories currently installed.)
    jessie: (Reading database ... 30558 files and directories currently installed.)
2015/03/07 01:36:56 ui:     jessie: Preparing to unpack .../libdb5.3_5.3.28-9_amd64.deb ...
    jessie: Preparing to unpack .../libdb5.3_5.3.28-9_amd64.deb ...
2015/03/07 01:36:56 ui:     jessie: Unpacking libdb5.3:amd64 (5.3.28-9) over (5.3.28-7~deb8u1) ...
    jessie: Unpacking libdb5.3:amd64 (5.3.28-9) over (5.3.28-7~deb8u1) ...
2015/03/07 01:36:56 ui:     jessie: Setting up libdb5.3:amd64 (5.3.28-9) ...
    jessie: Setting up libdb5.3:amd64 (5.3.28-9) ...
2015/03/07 01:36:56 ui:     jessie: Processing triggers for libc-bin (2.19-15) ...
    jessie: Processing triggers for libc-bin (2.19-15) ...
2015/03/07 01:36:57 ui:     jessie: (Reading database ... 30558 files and directories currently installed.)
    jessie: (Reading database ... 30558 files and directories currently installed.)
2015/03/07 01:36:57 ui:     jessie: Preparing to unpack .../libapt-inst1.5_1.0.9.7_amd64.deb ...
    jessie: Preparing to unpack .../libapt-inst1.5_1.0.9.7_amd64.deb ...
2015/03/07 01:36:57 ui:     jessie: Unpacking libapt-inst1.5:amd64 (1.0.9.7) over (1.0.9.5) ...
    jessie: Unpacking libapt-inst1.5:amd64 (1.0.9.7) over (1.0.9.5) ...
2015/03/07 01:36:57 ui:     jessie: Preparing to unpack .../libssl1.0.0_1.0.1k-1_amd64.deb ...
    jessie: Preparing to unpack .../libssl1.0.0_1.0.1k-1_amd64.deb ...
2015/03/07 01:36:57 ui:     jessie: Unpacking libssl1.0.0:amd64 (1.0.1k-1) over (1.0.1j-1) ...
    jessie: Unpacking libssl1.0.0:amd64 (1.0.1k-1) over (1.0.1j-1) ...
2015/03/07 01:36:57 ui:     jessie: Preparing to unpack .../libgnutls-openssl27_3.3.8-6_amd64.deb ...
    jessie: Preparing to unpack .../libgnutls-openssl27_3.3.8-6_amd64.deb ...
2015/03/07 01:36:57 ui:     jessie: Unpacking libgnutls-openssl27:amd64 (3.3.8-6) over (3.3.8-5) ...
    jessie: Unpacking libgnutls-openssl27:amd64 (3.3.8-6) over (3.3.8-5) ...
2015/03/07 01:36:57 ui:     jessie: Preparing to unpack .../libhogweed2_2.7.1-5_amd64.deb ...
    jessie: Preparing to unpack .../libhogweed2_2.7.1-5_amd64.deb ...
2015/03/07 01:36:57 ui:     jessie: Unpacking libhogweed2:amd64 (2.7.1-5) over (2.7.1-4) ...
    jessie: Unpacking libhogweed2:amd64 (2.7.1-5) over (2.7.1-4) ...
2015/03/07 01:36:57 ui:     jessie: Preparing to unpack .../libnettle4_2.7.1-5_amd64.deb ...
    jessie: Preparing to unpack .../libnettle4_2.7.1-5_amd64.deb ...
2015/03/07 01:36:57 ui:     jessie: Unpacking libnettle4:amd64 (2.7.1-5) over (2.7.1-4) ...
    jessie: Unpacking libnettle4:amd64 (2.7.1-5) over (2.7.1-4) ...
2015/03/07 01:36:57 ui:     jessie: Preparing to unpack .../libgnutls-deb0-28_3.3.8-6_amd64.deb ...
    jessie: Preparing to unpack .../libgnutls-deb0-28_3.3.8-6_amd64.deb ...
2015/03/07 01:36:57 ui:     jessie: Unpacking libgnutls-deb0-28:amd64 (3.3.8-6) over (3.3.8-5) ...
    jessie: Unpacking libgnutls-deb0-28:amd64 (3.3.8-6) over (3.3.8-5) ...
2015/03/07 01:36:57 ui:     jessie: Preparing to unpack .../libisc-export95_1%3a9.9.5.dfsg-9_amd64.deb ...
    jessie: Preparing to unpack .../libisc-export95_1%3a9.9.5.dfsg-9_amd64.deb ...
2015/03/07 01:36:58 ui:     jessie: Unpacking libisc-export95 (1:9.9.5.dfsg-9) over (1:9.9.5.dfsg-8) ...
    jessie: Unpacking libisc-export95 (1:9.9.5.dfsg-9) over (1:9.9.5.dfsg-8) ...
2015/03/07 01:36:58 ui:     jessie: Preparing to unpack .../libdns-export100_1%3a9.9.5.dfsg-9_amd64.deb ...
    jessie: Preparing to unpack .../libdns-export100_1%3a9.9.5.dfsg-9_amd64.deb ...
2015/03/07 01:36:58 ui:     jessie: Unpacking libdns-export100 (1:9.9.5.dfsg-9) over (1:9.9.5.dfsg-8) ...
    jessie: Unpacking libdns-export100 (1:9.9.5.dfsg-9) over (1:9.9.5.dfsg-8) ...
2015/03/07 01:36:58 ui:     jessie: Preparing to unpack .../libicu52_52.1-7.1_amd64.deb ...
    jessie: Preparing to unpack .../libicu52_52.1-7.1_amd64.deb ...
2015/03/07 01:36:58 ui:     jessie: Unpacking libicu52:amd64 (52.1-7.1) over (52.1-6) ...
    jessie: Unpacking libicu52:amd64 (52.1-7.1) over (52.1-6) ...
2015/03/07 01:36:59 ui:     jessie: Preparing to unpack .../libisccfg-export90_1%3a9.9.5.dfsg-9_amd64.deb ...
    jessie: Preparing to unpack .../libisccfg-export90_1%3a9.9.5.dfsg-9_amd64.deb ...
2015/03/07 01:36:59 ui:     jessie: Unpacking libisccfg-export90 (1:9.9.5.dfsg-9) over (1:9.9.5.dfsg-8) ...
    jessie: Unpacking libisccfg-export90 (1:9.9.5.dfsg-9) over (1:9.9.5.dfsg-8) ...
2015/03/07 01:37:00 ui:     jessie: Preparing to unpack .../libirs-export91_1%3a9.9.5.dfsg-9_amd64.deb ...
    jessie: Preparing to unpack .../libirs-export91_1%3a9.9.5.dfsg-9_amd64.deb ...
2015/03/07 01:37:00 ui:     jessie: Unpacking libirs-export91 (1:9.9.5.dfsg-9) over (1:9.9.5.dfsg-8) ...
    jessie: Unpacking libirs-export91 (1:9.9.5.dfsg-9) over (1:9.9.5.dfsg-8) ...
2015/03/07 01:37:00 ui:     jessie: Preparing to unpack .../linux-image-3.16.0-4-amd64_3.16.7-ckt4-3_amd64.deb ...
    jessie: Preparing to unpack .../linux-image-3.16.0-4-amd64_3.16.7-ckt4-3_amd64.deb ...
2015/03/07 01:37:00 ui:     jessie: Unpacking linux-image-3.16.0-4-amd64 (3.16.7-ckt4-3) over (3.16.7-ckt2-1) ...
    jessie: Unpacking linux-image-3.16.0-4-amd64 (3.16.7-ckt4-3) over (3.16.7-ckt2-1) ...
2015/03/07 01:37:08 ui:     jessie: Preparing to unpack .../multiarch-support_2.19-15_amd64.deb ...
    jessie: Preparing to unpack .../multiarch-support_2.19-15_amd64.deb ...
2015/03/07 01:37:08 ui:     jessie: Unpacking multiarch-support (2.19-15) over (2.19-13) ...
    jessie: Unpacking multiarch-support (2.19-15) over (2.19-13) ...
2015/03/07 01:37:08 ui:     jessie: Setting up multiarch-support (2.19-15) ...
    jessie: Setting up multiarch-support (2.19-15) ...
2015/03/07 01:37:08 ui:     jessie: (Reading database ... 30559 files and directories currently installed.)
    jessie: (Reading database ... 30559 files and directories currently installed.)
2015/03/07 01:37:08 ui:     jessie: Preparing to unpack .../apt-utils_1.0.9.7_amd64.deb ...
    jessie: Preparing to unpack .../apt-utils_1.0.9.7_amd64.deb ...
2015/03/07 01:37:08 ui:     jessie: Unpacking apt-utils (1.0.9.7) over (1.0.9.5) ...
    jessie: Unpacking apt-utils (1.0.9.7) over (1.0.9.5) ...
2015/03/07 01:37:09 ui:     jessie: Preparing to unpack .../ifupdown_0.7.52_amd64.deb ...
    jessie: Preparing to unpack .../ifupdown_0.7.52_amd64.deb ...
2015/03/07 01:37:09 ui:     jessie: Unpacking ifupdown (0.7.52) over (0.7.51) ...
    jessie: Unpacking ifupdown (0.7.52) over (0.7.51) ...
2015/03/07 01:37:09 ui:     jessie: Preparing to unpack .../isc-dhcp-client_4.3.1-6_amd64.deb ...
    jessie: Preparing to unpack .../isc-dhcp-client_4.3.1-6_amd64.deb ...
2015/03/07 01:37:09 ui:     jessie: Unpacking isc-dhcp-client (4.3.1-6) over (4.3.1-5) ...
    jessie: Unpacking isc-dhcp-client (4.3.1-6) over (4.3.1-5) ...
2015/03/07 01:37:09 ui:     jessie: Preparing to unpack .../isc-dhcp-common_4.3.1-6_amd64.deb ...
    jessie: Preparing to unpack .../isc-dhcp-common_4.3.1-6_amd64.deb ...
2015/03/07 01:37:09 ui:     jessie: Unpacking isc-dhcp-common (4.3.1-6) over (4.3.1-5) ...
    jessie: Unpacking isc-dhcp-common (4.3.1-6) over (4.3.1-5) ...
2015/03/07 01:37:09 ui:     jessie: Preparing to unpack .../gcc-4.8-base_4.8.4-1_amd64.deb ...
    jessie: Preparing to unpack .../gcc-4.8-base_4.8.4-1_amd64.deb ...
2015/03/07 01:37:09 ui:     jessie: Unpacking gcc-4.8-base:amd64 (4.8.4-1) over (4.8.3-13) ...
    jessie: Unpacking gcc-4.8-base:amd64 (4.8.4-1) over (4.8.3-13) ...
2015/03/07 01:37:09 ui:     jessie: Preparing to unpack .../locales_2.19-15_all.deb ...
    jessie: Preparing to unpack .../locales_2.19-15_all.deb ...
2015/03/07 01:37:09 ui:     jessie: Unpacking locales (2.19-15) over (2.19-13) ...
    jessie: Unpacking locales (2.19-15) over (2.19-13) ...
2015/03/07 01:37:10 ui:     jessie: Preparing to unpack .../busybox_1%3a1.22.0-9+deb8u1_amd64.deb ...
    jessie: Preparing to unpack .../busybox_1%3a1.22.0-9+deb8u1_amd64.deb ...
2015/03/07 01:37:10 ui:     jessie: Unpacking busybox (1:1.22.0-9+deb8u1) over (1:1.22.0-9+b1) ...
    jessie: Unpacking busybox (1:1.22.0-9+deb8u1) over (1:1.22.0-9+b1) ...
2015/03/07 01:37:10 ui:     jessie: Processing triggers for man-db (2.7.0.2-5) ...
    jessie: Processing triggers for man-db (2.7.0.2-5) ...
2015/03/07 01:37:11 ui:     jessie: Setting up libapt-inst1.5:amd64 (1.0.9.7) ...
    jessie: Setting up libapt-inst1.5:amd64 (1.0.9.7) ...
2015/03/07 01:37:11 ui:     jessie: Setting up libssl1.0.0:amd64 (1.0.1k-1) ...
    jessie: Setting up libssl1.0.0:amd64 (1.0.1k-1) ...
2015/03/07 01:37:11 ui:     jessie: Setting up libnettle4:amd64 (2.7.1-5) ...
    jessie: Setting up libnettle4:amd64 (2.7.1-5) ...
2015/03/07 01:37:11 ui:     jessie: Setting up libhogweed2:amd64 (2.7.1-5) ...
    jessie: Setting up libhogweed2:amd64 (2.7.1-5) ...
2015/03/07 01:37:11 ui:     jessie: Setting up libgnutls-deb0-28:amd64 (3.3.8-6) ...
    jessie: Setting up libgnutls-deb0-28:amd64 (3.3.8-6) ...
2015/03/07 01:37:11 ui:     jessie: Setting up libgnutls-openssl27:amd64 (3.3.8-6) ...
    jessie: Setting up libgnutls-openssl27:amd64 (3.3.8-6) ...
2015/03/07 01:37:11 ui:     jessie: Setting up libisc-export95 (1:9.9.5.dfsg-9) ...
    jessie: Setting up libisc-export95 (1:9.9.5.dfsg-9) ...
2015/03/07 01:37:11 ui:     jessie: Setting up libdns-export100 (1:9.9.5.dfsg-9) ...
    jessie: Setting up libdns-export100 (1:9.9.5.dfsg-9) ...
2015/03/07 01:37:11 ui:     jessie: Setting up libicu52:amd64 (52.1-7.1) ...
    jessie: Setting up libicu52:amd64 (52.1-7.1) ...
2015/03/07 01:37:11 ui:     jessie: Setting up libisccfg-export90 (1:9.9.5.dfsg-9) ...
    jessie: Setting up libisccfg-export90 (1:9.9.5.dfsg-9) ...
2015/03/07 01:37:11 ui:     jessie: Setting up libirs-export91 (1:9.9.5.dfsg-9) ...
    jessie: Setting up libirs-export91 (1:9.9.5.dfsg-9) ...
2015/03/07 01:37:11 ui:     jessie: Setting up linux-image-3.16.0-4-amd64 (3.16.7-ckt4-3) ...
    jessie: Setting up linux-image-3.16.0-4-amd64 (3.16.7-ckt4-3) ...
2015/03/07 01:37:12 ui:     jessie: /etc/kernel/postinst.d/initramfs-tools:
    jessie: /etc/kernel/postinst.d/initramfs-tools:
2015/03/07 01:37:12 ui:     jessie: update-initramfs: Generating /boot/initrd.img-3.16.0-4-amd64
    jessie: update-initramfs: Generating /boot/initrd.img-3.16.0-4-amd64
2015/03/07 01:37:16 ui:     jessie: /etc/kernel/postinst.d/zz-update-grub:
2015/03/07 01:37:16 ui:     jessie: Generating grub configuration file ...
    jessie: /etc/kernel/postinst.d/zz-update-grub:
    jessie: Generating grub configuration file ...
2015/03/07 01:37:16 ui:     jessie: Found linux image: /boot/vmlinuz-3.16.0-4-amd64
    jessie: Found linux image: /boot/vmlinuz-3.16.0-4-amd64
2015/03/07 01:37:16 ui:     jessie: Found initrd image: /boot/initrd.img-3.16.0-4-amd64
    jessie: Found initrd image: /boot/initrd.img-3.16.0-4-amd64
2015/03/07 01:37:17 ui:     jessie: done
    jessie: done
2015/03/07 01:37:17 ui:     jessie: Setting up apt-utils (1.0.9.7) ...
    jessie: Setting up apt-utils (1.0.9.7) ...
2015/03/07 01:37:17 ui:     jessie: Setting up ifupdown (0.7.52) ...
    jessie: Setting up ifupdown (0.7.52) ...
2015/03/07 01:37:17 ui:     jessie: Setting up isc-dhcp-common (4.3.1-6) ...
    jessie: Setting up isc-dhcp-common (4.3.1-6) ...
2015/03/07 01:37:17 ui:     jessie: Setting up isc-dhcp-client (4.3.1-6) ...
    jessie: Setting up isc-dhcp-client (4.3.1-6) ...
2015/03/07 01:37:17 ui:     jessie: Setting up gcc-4.8-base:amd64 (4.8.4-1) ...
    jessie: Setting up gcc-4.8-base:amd64 (4.8.4-1) ...
2015/03/07 01:37:17 ui:     jessie: Setting up locales (2.19-15) ...
    jessie: Setting up locales (2.19-15) ...
2015/03/07 01:37:18 ui:     jessie: Generating locales (this might take a while)...
    jessie: Generating locales (this might take a while)...
2015/03/07 01:37:19 ui:     jessie: en_AU.UTF-8... done
2015/03/07 01:37:19 ui:     jessie: Generation complete.
    jessie: en_AU.UTF-8... done
    jessie: Generation complete.
2015/03/07 01:37:19 ui:     jessie: Setting up busybox (1:1.22.0-9+deb8u1) ...
    jessie: Setting up busybox (1:1.22.0-9+deb8u1) ...
2015/03/07 01:37:19 ui:     jessie: Processing triggers for libc-bin (2.19-15) ...
    jessie: Processing triggers for libc-bin (2.19-15) ...
2015/03/07 01:37:20 ui:     jessie: Reading package lists... Done
    jessie: Reading package lists... Done
2015/03/07 01:37:20 ui:     jessie: Building dependency tree
    jessie: Building dependency tree
2015/03/07 01:37:20 ui:     jessie: Reading state information... Done
    jessie: Reading state information... Done
2015/03/07 01:37:20 ui:     jessie: 0 upgraded, 0 newly installed, 0 to remove and 0 not upgraded.
    jessie: 0 upgraded, 0 newly installed, 0 to remove and 0 not upgraded.
2015/03/07 01:37:20 packer-builder-qemu: 2015/03/07 01:37:20 remote command exited with '0': echo 'packer' | PACKER_BUILD_NAME='jessie' PACKER_BUILDER_TYPE='qemu' sudo -E -S bash '/tmp/script.sh'
2015/03/07 01:37:20 packer-builder-qemu: 2015/03/07 01:37:20 [INFO] RPC endpoint: Communicator ended with: 0
2015/03/07 01:37:20 [INFO] 0 bytes written for 'stderr'
2015/03/07 01:37:20 [INFO] 52456 bytes written for 'stdout'
2015/03/07 01:37:20 [INFO] RPC client: Communicator ended with: 0
2015/03/07 01:37:20 [INFO] RPC endpoint: Communicator ended with: 0
2015/03/07 01:37:20 packer-provisioner-shell: 2015/03/07 01:37:20 [INFO] 0 bytes written for 'stderr'
2015/03/07 01:37:20 packer-provisioner-shell: 2015/03/07 01:37:20 [INFO] 52456 bytes written for 'stdout'
2015/03/07 01:37:20 packer-provisioner-shell: 2015/03/07 01:37:20 [INFO] RPC client: Communicator ended with: 0
2015/03/07 01:37:20 ui: ==> jessie: Provisioning with shell script: scripts/packages.sh
2015/03/07 01:37:20 packer-provisioner-shell: 2015/03/07 01:37:20 Opening scripts/packages.sh for reading
==> jessie: Provisioning with shell script: scripts/packages.sh
2015/03/07 01:37:20 [INFO] 151 bytes written for 'uploadData'
2015/03/07 01:37:20 packer-provisioner-shell: 2015/03/07 01:37:20 [INFO] 151 bytes written for 'uploadData'
2015/03/07 01:37:20 packer-builder-qemu: 2015/03/07 01:37:20 opening new ssh session
2015/03/07 01:37:20 packer-builder-qemu: 2015/03/07 01:37:20 Starting remote scp process:  scp -vt /tmp
2015/03/07 01:37:20 packer-builder-qemu: 2015/03/07 01:37:20 Started SCP session, beginning transfers...
2015/03/07 01:37:20 packer-builder-qemu: 2015/03/07 01:37:20 Copying input data into temporary file so we can read the length
2015/03/07 01:37:21 packer-builder-qemu: 2015/03/07 01:37:21 [DEBUG] Uploading script.sh: perms=C0644 size=151
2015/03/07 01:37:21 packer-builder-qemu: 2015/03/07 01:37:21 SCP session complete, closing stdin pipe.
2015/03/07 01:37:21 packer-builder-qemu: 2015/03/07 01:37:21 Waiting for SSH session to complete.
2015/03/07 01:37:21 packer-builder-qemu: 2015/03/07 01:37:21 scp stderr (length 26): Sink: C0644 151 script.sh
2015/03/07 01:37:21 packer-builder-qemu: 2015/03/07 01:37:21 opening new ssh session
2015/03/07 01:37:21 packer-builder-qemu: 2015/03/07 01:37:21 starting remote command: chmod 0777 /tmp/script.sh
2015/03/07 01:37:21 packer-builder-qemu: 2015/03/07 01:37:21 remote command exited with '0': chmod 0777 /tmp/script.sh
2015/03/07 01:37:21 packer-builder-qemu: 2015/03/07 01:37:21 [INFO] RPC endpoint: Communicator ended with: 0
2015/03/07 01:37:21 [INFO] RPC client: Communicator ended with: 0
2015/03/07 01:37:21 [INFO] RPC endpoint: Communicator ended with: 0
2015/03/07 01:37:21 packer-provisioner-shell: 2015/03/07 01:37:21 [INFO] RPC client: Communicator ended with: 0
2015/03/07 01:37:21 packer-builder-qemu: 2015/03/07 01:37:21 opening new ssh session
2015/03/07 01:37:21 packer-builder-qemu: 2015/03/07 01:37:21 starting remote command: echo 'packer' | PACKER_BUILD_NAME='jessie' PACKER_BUILDER_TYPE='qemu' sudo -E -S bash '/tmp/script.sh'
2015/03/07 01:37:24 ui:     jessie: The following NEW packages will be installed:
2015/03/07 01:37:24 ui:     jessie: curl libcurl3{a} unzip
    jessie: The following NEW packages will be installed:
2015/03/07 01:37:24 ui:     jessie: 0 packages upgraded, 3 newly installed, 0 to remove and 0 not upgraded.
    jessie: curl libcurl3{a} unzip
    jessie: 0 packages upgraded, 3 newly installed, 0 to remove and 0 not upgraded.
2015/03/07 01:37:24 ui:     jessie: Need to get 620 kB of archives. After unpacking 1,323 kB will be used.
    jessie: Need to get 620 kB of archives. After unpacking 1,323 kB will be used.
2015/03/07 01:37:24 ui:     jessie: Get: 1 http://mirror.internode.on.net/pub/debian/ jessie/main libcurl3 amd64 7.38.0-4 [259 kB]
    jessie: Get: 1 http://mirror.internode.on.net/pub/debian/ jessie/main libcurl3 amd64 7.38.0-4 [259 kB]
2015/03/07 01:37:24 ui:     jessie: Get: 2 http://mirror.internode.on.net/pub/debian/ jessie/main curl amd64 7.38.0-4 [200 kB]
    jessie: Get: 2 http://mirror.internode.on.net/pub/debian/ jessie/main curl amd64 7.38.0-4 [200 kB]
2015/03/07 01:37:24 ui:     jessie: Get: 3 http://mirror.internode.on.net/pub/debian/ jessie/main unzip amd64 6.0-16 [161 kB]
    jessie: Get: 3 http://mirror.internode.on.net/pub/debian/ jessie/main unzip amd64 6.0-16 [161 kB]
2015/03/07 01:37:24 ui:     jessie: Fetched 620 kB in 0s (3,607 kB/s)
    jessie: Fetched 620 kB in 0s (3,607 kB/s)
2015/03/07 01:37:24 ui:     jessie: Selecting previously unselected package libcurl3:amd64.
    jessie: Selecting previously unselected package libcurl3:amd64.
2015/03/07 01:37:25 ui:     jessie: (Reading database ... 30558 files and directories currently installed.)
    jessie: (Reading database ... 30558 files and directories currently installed.)
2015/03/07 01:37:25 ui:     jessie: Preparing to unpack .../libcurl3_7.38.0-4_amd64.deb ...
    jessie: Preparing to unpack .../libcurl3_7.38.0-4_amd64.deb ...
2015/03/07 01:37:25 ui:     jessie: Unpacking libcurl3:amd64 (7.38.0-4) ...
    jessie: Unpacking libcurl3:amd64 (7.38.0-4) ...
2015/03/07 01:37:25 ui:     jessie: Selecting previously unselected package curl.
2015/03/07 01:37:25 ui:     jessie: Preparing to unpack .../curl_7.38.0-4_amd64.deb ...
    jessie: Selecting previously unselected package curl.
    jessie: Preparing to unpack .../curl_7.38.0-4_amd64.deb ...
2015/03/07 01:37:25 ui:     jessie: Unpacking curl (7.38.0-4) ...
    jessie: Unpacking curl (7.38.0-4) ...
2015/03/07 01:37:25 ui:     jessie: Selecting previously unselected package unzip.
2015/03/07 01:37:25 ui:     jessie: Preparing to unpack .../unzip_6.0-16_amd64.deb ...
    jessie: Selecting previously unselected package unzip.
    jessie: Preparing to unpack .../unzip_6.0-16_amd64.deb ...
2015/03/07 01:37:25 ui:     jessie: Unpacking unzip (6.0-16) ...
    jessie: Unpacking unzip (6.0-16) ...
2015/03/07 01:37:25 ui:     jessie: Processing triggers for man-db (2.7.0.2-5) ...
    jessie: Processing triggers for man-db (2.7.0.2-5) ...
2015/03/07 01:37:25 ui:     jessie: Processing triggers for mime-support (3.58) ...
    jessie: Processing triggers for mime-support (3.58) ...
2015/03/07 01:37:26 ui:     jessie: Setting up libcurl3:amd64 (7.38.0-4) ...
    jessie: Setting up libcurl3:amd64 (7.38.0-4) ...
2015/03/07 01:37:26 ui:     jessie: Setting up curl (7.38.0-4) ...
    jessie: Setting up curl (7.38.0-4) ...
2015/03/07 01:37:26 ui:     jessie: Setting up unzip (6.0-16) ...
    jessie: Setting up unzip (6.0-16) ...
2015/03/07 01:37:26 ui:     jessie: Processing triggers for libc-bin (2.19-15) ...
    jessie: Processing triggers for libc-bin (2.19-15) ...
2015/03/07 01:37:28 ui:     jessie: [  0%] Building tag database
    jessie: [  0%] Building tag database
2015/03/07 01:37:28 packer-builder-qemu: 2015/03/07 01:37:28 remote command exited with '0': echo 'packer' | PACKER_BUILD_NAME='jessie' PACKER_BUILDER_TYPE='qemu' sudo -E -S bash '/tmp/script.sh'
2015/03/07 01:37:28 packer-builder-qemu: 2015/03/07 01:37:28 [INFO] RPC endpoint: Communicator ended with: 0
2015/03/07 01:37:28 [INFO] 0 bytes written for 'stderr'
2015/03/07 01:37:28 [INFO] 3719 bytes written for 'stdout'
2015/03/07 01:37:28 [INFO] RPC client: Communicator ended with: 0
2015/03/07 01:37:28 [INFO] RPC endpoint: Communicator ended with: 0
2015/03/07 01:37:28 packer-provisioner-shell: 2015/03/07 01:37:28 [INFO] 3719 bytes written for 'stdout'
2015/03/07 01:37:28 packer-provisioner-shell: 2015/03/07 01:37:28 [INFO] 0 bytes written for 'stderr'
2015/03/07 01:37:28 packer-provisioner-shell: 2015/03/07 01:37:28 [INFO] RPC client: Communicator ended with: 0
2015/03/07 01:37:28 ui: ==> jessie: Provisioning with shell script: scripts/cleanup.sh
2015/03/07 01:37:28 packer-provisioner-shell: 2015/03/07 01:37:28 Opening scripts/cleanup.sh for reading
2015/03/07 01:37:28 packer-builder-qemu: 2015/03/07 01:37:28 opening new ssh session
2015/03/07 01:37:28 packer-provisioner-shell: 2015/03/07 01:37:28 [INFO] 1602 bytes written for 'uploadData'
2015/03/07 01:37:28 [INFO] 1602 bytes written for 'uploadData'
2015/03/07 01:37:28 packer-builder-qemu: 2015/03/07 01:37:28 Starting remote scp process:  scp -vt /tmp
==> jessie: Provisioning with shell script: scripts/cleanup.sh
2015/03/07 01:37:28 packer-builder-qemu: 2015/03/07 01:37:28 Started SCP session, beginning transfers...
2015/03/07 01:37:28 packer-builder-qemu: 2015/03/07 01:37:28 Copying input data into temporary file so we can read the length
2015/03/07 01:37:28 packer-builder-qemu: 2015/03/07 01:37:28 [DEBUG] Uploading script.sh: perms=C0644 size=1602
2015/03/07 01:37:28 packer-builder-qemu: 2015/03/07 01:37:28 SCP session complete, closing stdin pipe.
2015/03/07 01:37:28 packer-builder-qemu: 2015/03/07 01:37:28 Waiting for SSH session to complete.
2015/03/07 01:37:28 packer-builder-qemu: 2015/03/07 01:37:28 scp stderr (length 27): Sink: C0644 1602 script.sh
2015/03/07 01:37:28 packer-builder-qemu: 2015/03/07 01:37:28 opening new ssh session
2015/03/07 01:37:28 packer-builder-qemu: 2015/03/07 01:37:28 starting remote command: chmod 0777 /tmp/script.sh
2015/03/07 01:37:28 packer-builder-qemu: 2015/03/07 01:37:28 remote command exited with '0': chmod 0777 /tmp/script.sh
2015/03/07 01:37:28 packer-builder-qemu: 2015/03/07 01:37:28 [INFO] RPC endpoint: Communicator ended with: 0
2015/03/07 01:37:28 [INFO] RPC client: Communicator ended with: 0
2015/03/07 01:37:28 [INFO] RPC endpoint: Communicator ended with: 0
2015/03/07 01:37:28 packer-provisioner-shell: 2015/03/07 01:37:28 [INFO] RPC client: Communicator ended with: 0
2015/03/07 01:37:28 packer-builder-qemu: 2015/03/07 01:37:28 opening new ssh session
2015/03/07 01:37:28 packer-builder-qemu: 2015/03/07 01:37:28 starting remote command: echo 'packer' | PACKER_BUILD_NAME='jessie' PACKER_BUILDER_TYPE='qemu' sudo -E -S bash '/tmp/script.sh'
2015/03/07 01:37:28 ui:     jessie: [sudo] password for packer: ==> Pausing for 0 seconds...
    jessie: [sudo] password for packer: ==> Pausing for 0 seconds...
2015/03/07 01:37:28 ui:     jessie: cleaning up udev rules
    jessie: cleaning up udev rules
2015/03/07 01:37:28 ui:     jessie: ==> Cleaning up leftover dhcp leases
    jessie: ==> Cleaning up leftover dhcp leases
2015/03/07 01:37:28 ui:     jessie: ==> Cleaning up tmp
    jessie: ==> Cleaning up tmp
2015/03/07 01:37:28 ui:     jessie: Reading package lists... Done
    jessie: Reading package lists... Done
2015/03/07 01:37:28 ui:     jessie: Building dependency tree
2015/03/07 01:37:28 ui:     jessie: Reading state information... Done
    jessie: Building dependency tree
    jessie: Reading state information... Done
2015/03/07 01:37:28 ui:     jessie: 0 upgraded, 0 newly installed, 0 to remove and 0 not upgraded.
    jessie: 0 upgraded, 0 newly installed, 0 to remove and 0 not upgraded.
2015/03/07 01:37:31 ui:     jessie: Reading package lists... Done
    jessie: Reading package lists... Done
2015/03/07 01:37:31 ui:     jessie: Building dependency tree
    jessie: Building dependency tree
2015/03/07 01:37:31 ui:     jessie: Reading state information... Done
    jessie: Reading state information... Done
2015/03/07 01:37:31 ui:     jessie: ==> Installed packages
    jessie: ==> Installed packages
2015/03/07 01:37:31 ui:     jessie: acl           install
    jessie: acl           install
2015/03/07 01:37:31 ui:     jessie: acpi            install
    jessie: acpi            install
2015/03/07 01:37:31 ui:     jessie: acpi-support-base       install
    jessie: acpi-support-base       install
2015/03/07 01:37:31 ui:     jessie: acpid           install
    jessie: acpid           install
    jessie: adduser           install
2015/03/07 01:37:31 ui:     jessie: adduser           install
2015/03/07 01:37:31 ui:     jessie: apt           install
    jessie: apt           install
2015/03/07 01:37:31 ui:     jessie: apt-listchanges         install
2015/03/07 01:37:31 ui:     jessie: apt-utils         install
    jessie: apt-listchanges         install
2015/03/07 01:37:31 ui:     jessie: aptitude          install
2015/03/07 01:37:31 ui:     jessie: aptitude-common         install
    jessie: apt-utils         install
    jessie: aptitude          install
2015/03/07 01:37:31 ui:     jessie: aptitude-doc-en         install
    jessie: aptitude-common         install
    jessie: aptitude-doc-en         install
2015/03/07 01:37:31 ui:     jessie: at            install
    jessie: at            install
2015/03/07 01:37:31 ui:     jessie: base-files          install
2015/03/07 01:37:31 ui:     jessie: base-passwd         install
    jessie: base-files          install
2015/03/07 01:37:31 ui:     jessie: bash            install
    jessie: base-passwd         install
2015/03/07 01:37:31 ui:     jessie: bash-completion         install
    jessie: bash            install
2015/03/07 01:37:31 ui:     jessie: bc            install
    jessie: bash-completion         install
    jessie: bc            install
2015/03/07 01:37:31 ui:     jessie: bind9-host          install
    jessie: bind9-host          install
2015/03/07 01:37:31 ui:     jessie: bsd-mailx         install
2015/03/07 01:37:31 ui:     jessie: bsdmainutils          install
    jessie: bsd-mailx         install
2015/03/07 01:37:31 ui:     jessie: bsdutils          install
    jessie: bsdmainutils          install
    jessie: bsdutils          install
2015/03/07 01:37:31 ui:     jessie: busybox           install
    jessie: busybox           install
2015/03/07 01:37:31 ui:     jessie: bzip2           install
2015/03/07 01:37:31 ui:     jessie: ca-certificates         install
    jessie: bzip2           install
2015/03/07 01:37:31 ui:     jessie: console-setup         install
    jessie: ca-certificates         install
2015/03/07 01:37:31 ui:     jessie: console-setup-linux       install
    jessie: console-setup         install
2015/03/07 01:37:31 ui:     jessie: coreutils         install
    jessie: console-setup-linux       install
2015/03/07 01:37:31 ui:     jessie: cpio            install
    jessie: coreutils         install
    jessie: cpio            install
2015/03/07 01:37:31 ui:     jessie: cron            install
    jessie: cron            install
2015/03/07 01:37:31 ui:     jessie: curl            install
    jessie: curl            install
2015/03/07 01:37:31 ui:     jessie: dash            install
    jessie: dash            install
2015/03/07 01:37:31 ui:     jessie: dbus            install
    jessie: dbus            install
2015/03/07 01:37:31 ui:     jessie: dc            install
2015/03/07 01:37:31 ui:     jessie: debconf           install
    jessie: dc            install
2015/03/07 01:37:31 ui:     jessie: debconf-i18n          install
    jessie: debconf           install
    jessie: debconf-i18n          install
2015/03/07 01:37:31 ui:     jessie: debian-archive-keyring        install
    jessie: debian-archive-keyring        install
2015/03/07 01:37:31 ui:     jessie: debian-faq          install
    jessie: debian-faq          install
2015/03/07 01:37:31 ui:     jessie: debianutils         install
2015/03/07 01:37:31 ui:     jessie: dictionaries-common       install
2015/03/07 01:37:31 ui:     jessie: diffutils         install
    jessie: debianutils         install
    jessie: dictionaries-common       install
    jessie: diffutils         install
2015/03/07 01:37:31 ui:     jessie: discover          install
2015/03/07 01:37:31 ui:     jessie: discover-data         install
    jessie: discover          install
    jessie: discover-data         install
2015/03/07 01:37:31 ui:     jessie: dmeventd          install
2015/03/07 01:37:31 ui:     jessie: dmidecode         install
    jessie: dmeventd          install
    jessie: dmidecode         install
2015/03/07 01:37:31 ui:     jessie: dmsetup           install
    jessie: dmsetup           install
2015/03/07 01:37:31 ui:     jessie: dnsutils          install
2015/03/07 01:37:31 ui:     jessie: doc-debian          install
    jessie: dnsutils          install
2015/03/07 01:37:31 ui:     jessie: docutils-common         install
    jessie: doc-debian          install
    jessie: docutils-common         install
2015/03/07 01:37:31 ui:     jessie: docutils-doc          install
    jessie: docutils-doc          install
2015/03/07 01:37:31 ui:     jessie: dpkg            install
    jessie: dpkg            install
2015/03/07 01:37:31 ui:     jessie: e2fslibs:amd64          install
2015/03/07 01:37:31 ui:     jessie: e2fsprogs         install
2015/03/07 01:37:31 ui:     jessie: eject           install
    jessie: e2fslibs:amd64          install
    jessie: e2fsprogs         install
2015/03/07 01:37:31 ui:     jessie: emacsen-common          install
    jessie: eject           install
2015/03/07 01:37:31 ui:     jessie: exim4           install
    jessie: emacsen-common          install
2015/03/07 01:37:31 ui:     jessie: exim4-base          install
    jessie: exim4           install
    jessie: exim4-base          install
    jessie: exim4-config          install
2015/03/07 01:37:31 ui:     jessie: exim4-config          install
    jessie: exim4-daemon-light        install
2015/03/07 01:37:31 ui:     jessie: exim4-daemon-light        install
2015/03/07 01:37:31 ui:     jessie: file            install
2015/03/07 01:37:31 ui:     jessie: findutils         install
2015/03/07 01:37:31 ui:     jessie: fontconfig          install
    jessie: file            install
    jessie: findutils         install
2015/03/07 01:37:31 ui:     jessie: fontconfig-config       install
    jessie: fontconfig          install
    jessie: fontconfig-config       install
2015/03/07 01:37:31 ui:     jessie: fonts-dejavu-core       install
2015/03/07 01:37:31 ui:     jessie: ftp           install
    jessie: fonts-dejavu-core       install
2015/03/07 01:37:31 ui:     jessie: gcc-4.8-base:amd64        install
    jessie: ftp           install
2015/03/07 01:37:31 ui:     jessie: gcc-4.9-base:amd64        install
    jessie: gcc-4.8-base:amd64        install
    jessie: gcc-4.9-base:amd64        install
2015/03/07 01:37:31 ui:     jessie: geoip-database          install
2015/03/07 01:37:31 ui:     jessie: gettext-base          install
    jessie: geoip-database          install
2015/03/07 01:37:31 ui:     jessie: gnupg           install
2015/03/07 01:37:31 ui:     jessie: gnupg-agent         install
    jessie: gettext-base          install
    jessie: gnupg           install
2015/03/07 01:37:31 ui:     jessie: gnupg2            install
    jessie: gnupg-agent         install
2015/03/07 01:37:31 ui:     jessie: gpgv            install
    jessie: gnupg2            install
    jessie: gpgv            install
2015/03/07 01:37:31 ui:     jessie: grep            install
2015/03/07 01:37:31 ui:     jessie: groff-base          install
    jessie: grep            install
2015/03/07 01:37:31 ui:     jessie: grub-common         install
    jessie: groff-base          install
2015/03/07 01:37:31 ui:     jessie: grub-pc           install
    jessie: grub-common         install
2015/03/07 01:37:31 ui:     jessie: grub-pc-bin         install
    jessie: grub-pc           install
2015/03/07 01:37:31 ui:     jessie: grub2-common          install
    jessie: grub-pc-bin         install
2015/03/07 01:37:31 ui:     jessie: guile-2.0-libs:amd64        install
    jessie: grub2-common          install
    jessie: guile-2.0-libs:amd64        install
2015/03/07 01:37:31 ui:     jessie: gzip            install
2015/03/07 01:37:31 ui:     jessie: hicolor-icon-theme        install
    jessie: gzip            install
2015/03/07 01:37:31 ui:     jessie: host            install
    jessie: hicolor-icon-theme        install
2015/03/07 01:37:31 ui:     jessie: hostname          install
    jessie: host            install
2015/03/07 01:37:31 ui:     jessie: iamerican         install
    jessie: hostname          install
2015/03/07 01:37:31 ui:     jessie: ibritish          install
    jessie: iamerican         install
    jessie: ibritish          install
2015/03/07 01:37:31 ui:     jessie: ienglish-common         install
2015/03/07 01:37:31 ui:     jessie: ifupdown          install
    jessie: ienglish-common         install
2015/03/07 01:37:31 ui:     jessie: info            install
    jessie: ifupdown          install
2015/03/07 01:37:31 ui:     jessie: init            install
    jessie: info            install
2015/03/07 01:37:31 ui:     jessie: init-system-helpers       install
    jessie: init            install
2015/03/07 01:37:31 ui:     jessie: initramfs-tools         install
    jessie: init-system-helpers       install
2015/03/07 01:37:31 ui:     jessie: initscripts         install
2015/03/07 01:37:31 ui:     jessie: insserv           install
    jessie: initramfs-tools         install
    jessie: initscripts         install
2015/03/07 01:37:31 ui:     jessie: install-info          install
    jessie: insserv           install
2015/03/07 01:37:31 ui:     jessie: installation-report       install
    jessie: install-info          install
    jessie: installation-report       install
    jessie: iproute2          install
2015/03/07 01:37:31 ui:     jessie: iproute2          install
2015/03/07 01:37:31 ui:     jessie: iptables          install
    jessie: iptables          install
2015/03/07 01:37:31 ui:     jessie: iputils-ping          install
    jessie: iputils-ping          install
2015/03/07 01:37:31 ui:     jessie: isc-dhcp-client         install
2015/03/07 01:37:31 ui:     jessie: isc-dhcp-common         install
    jessie: isc-dhcp-client         install
2015/03/07 01:37:31 ui:     jessie: iso-codes         install
    jessie: isc-dhcp-common         install
    jessie: iso-codes         install
2015/03/07 01:37:31 ui:     jessie: ispell            install
    jessie: ispell            install
2015/03/07 01:37:31 ui:     jessie: kbd           install
2015/03/07 01:37:31 ui:     jessie: keyboard-configuration        install
    jessie: kbd           install
2015/03/07 01:37:31 ui:     jessie: klibc-utils         install
    jessie: keyboard-configuration        install
2015/03/07 01:37:31 ui:     jessie: kmod            install
2015/03/07 01:37:31 ui:     jessie: krb5-locales          install
    jessie: klibc-utils         install
    jessie: kmod            install
    jessie: krb5-locales          install
    jessie: laptop-detect         install
2015/03/07 01:37:31 ui:     jessie: laptop-detect         install
2015/03/07 01:37:31 ui:     jessie: less            install
2015/03/07 01:37:31 ui:     jessie: libacl1:amd64         install
    jessie: less            install
2015/03/07 01:37:31 ui:     jessie: libalgorithm-c3-perl        install
    jessie: libacl1:amd64         install
    jessie: libalgorithm-c3-perl        install
2015/03/07 01:37:31 ui:     jessie: libapt-inst1.5:amd64        install
2015/03/07 01:37:31 ui:     jessie: libapt-pkg4.12:amd64        install
    jessie: libapt-inst1.5:amd64        install
    jessie: libapt-pkg4.12:amd64        install
2015/03/07 01:37:31 ui:     jessie: libarchive-extract-perl       install
    jessie: libarchive-extract-perl       install
2015/03/07 01:37:31 ui:     jessie: libasprintf0c2:amd64        install
2015/03/07 01:37:31 ui:     jessie: libassuan0:amd64        install
    jessie: libasprintf0c2:amd64        install
2015/03/07 01:37:31 ui:     jessie: libatk1.0-0:amd64       install
    jessie: libassuan0:amd64        install
2015/03/07 01:37:31 ui:     jessie: libatk1.0-data          install
    jessie: libatk1.0-0:amd64       install
    jessie: libatk1.0-data          install
2015/03/07 01:37:31 ui:     jessie: libattr1:amd64          install
2015/03/07 01:37:31 ui:     jessie: libaudit-common         install
    jessie: libattr1:amd64          install
2015/03/07 01:37:31 ui:     jessie: libaudit1:amd64         install
    jessie: libaudit-common         install
2015/03/07 01:37:31 ui:     jessie: libauthen-sasl-perl       install
    jessie: libaudit1:amd64         install
    jessie: libauthen-sasl-perl       install
2015/03/07 01:37:31 ui:     jessie: libavahi-client3:amd64        install
2015/03/07 01:37:31 ui:     jessie: libavahi-common-data:amd64      install
    jessie: libavahi-client3:amd64        install
2015/03/07 01:37:31 ui:     jessie: libavahi-common3:amd64        install
    jessie: libavahi-common-data:amd64      install
2015/03/07 01:37:31 ui:     jessie: libbind9-90         install
    jessie: libavahi-common3:amd64        install
2015/03/07 01:37:31 ui:     jessie: libblkid1:amd64         install
    jessie: libbind9-90         install
2015/03/07 01:37:31 ui:     jessie: libboost-iostreams1.55.0:amd64      install
    jessie: libblkid1:amd64         install
2015/03/07 01:37:31 packer-builder-qemu: 2015/03/07 01:37:31 remote command exited with '0': echo 'packer' | PACKER_BUILD_NAME='jessie' PACKER_BUILDER_TYPE='qemu' sudo -E -S bash '/tmp/script.sh'
2015/03/07 01:37:31 packer-builder-qemu: 2015/03/07 01:37:31 [INFO] RPC endpoint: Communicator ended with: 0
2015/03/07 01:37:31 [INFO] 0 bytes written for 'stderr'
2015/03/07 01:37:31 [INFO] 15585 bytes written for 'stdout'
2015/03/07 01:37:31 [INFO] RPC client: Communicator ended with: 0
2015/03/07 01:37:31 [INFO] RPC endpoint: Communicator ended with: 0
2015/03/07 01:37:31 ui:     jessie: libbsd0:amd64         install
    jessie: libboost-iostreams1.55.0:amd64      install
2015/03/07 01:37:31 packer-provisioner-shell: 2015/03/07 01:37:31 [INFO] RPC client: Communicator ended with: 0
2015/03/07 01:37:31 packer-provisioner-shell: 2015/03/07 01:37:31 [INFO] 0 bytes written for 'stderr'
    jessie: libbsd0:amd64         install
2015/03/07 01:37:31 ui:     jessie: libbz2-1.0:amd64        install
2015/03/07 01:37:31 ui:     jessie:
    jessie: libbz2-1.0:amd64        install
2015/03/07 01:37:31 ui:     jessie: libc-bin          install
    jessie:
    jessie: libc-bin          install
2015/03/07 01:37:31 ui:     jessie: libc6:amd64         install
2015/03/07 01:37:31 ui:     jessie: libcairo2:amd64         install
    jessie: libc6:amd64         install
2015/03/07 01:37:31 ui:     jessie: libcap-ng0:amd64        install
    jessie: libcairo2:amd64         install
2015/03/07 01:37:31 ui:     jessie: libcap2:amd64         install
2015/03/07 01:37:31 ui:     jessie: libcap2-bin         install
    jessie: libcap-ng0:amd64        install
2015/03/07 01:37:31 ui:     jessie: libcgi-fast-perl        install
    jessie: libcap2:amd64         install
2015/03/07 01:37:31 ui:     jessie: libcgi-pm-perl          install
    jessie: libcap2-bin         install
2015/03/07 01:37:31 ui:     jessie: libclass-accessor-perl        install
    jessie: libcgi-fast-perl        install
2015/03/07 01:37:31 ui:     jessie: libclass-c3-perl        install
    jessie: libcgi-pm-perl          install
2015/03/07 01:37:31 ui:     jessie: libclass-c3-xs-perl       install
    jessie: libclass-accessor-perl        install
    jessie: libclass-c3-perl        install
2015/03/07 01:37:31 ui:     jessie: libclass-isa-perl       install
    jessie: libclass-c3-xs-perl       install
2015/03/07 01:37:31 ui:     jessie: libcomerr2:amd64        install
    jessie: libclass-isa-perl       install
2015/03/07 01:37:31 ui:     jessie: libcpan-meta-perl       install
    jessie: libcomerr2:amd64        install
2015/03/07 01:37:31 ui:     jessie: libcryptsetup4:amd64        install
2015/03/07 01:37:31 ui:     jessie: libcups2:amd64          install
2015/03/07 01:37:31 ui:     jessie: libcurl3:amd64          install
2015/03/07 01:37:31 ui:     jessie: libcurl3-gnutls:amd64       install
2015/03/07 01:37:31 ui:     jessie: libcwidget3:amd64       install
2015/03/07 01:37:31 ui:     jessie: libdata-optlist-perl        install
2015/03/07 01:37:31 ui:     jessie: libdata-section-perl        install
    jessie: libcpan-meta-perl       install
    jessie: libcryptsetup4:amd64        install
    jessie: libcups2:amd64          install
2015/03/07 01:37:31 ui:     jessie: libdatrie1:amd64        install
2015/03/07 01:37:31 ui:     jessie: libdb5.3:amd64          install
    jessie: libcurl3:amd64          install
    jessie: libcurl3-gnutls:amd64       install
2015/03/07 01:37:31 ui:     jessie: libdbus-1-3:amd64       install
    jessie: libcwidget3:amd64       install
2015/03/07 01:37:31 ui:     jessie: libdebconfclient0:amd64       install
    jessie: libdata-optlist-perl        install
    jessie: libdata-section-perl        install
2015/03/07 01:37:31 ui:     jessie: libdevmapper-event1.02.1:amd64      install
    jessie: libdatrie1:amd64        install
2015/03/07 01:37:31 ui:     jessie: libdevmapper1.02.1:amd64      install
    jessie: libdb5.3:amd64          install
2015/03/07 01:37:31 ui:     jessie: libdiscover2          install
    jessie: libdbus-1-3:amd64       install
    jessie: libdebconfclient0:amd64       install
2015/03/07 01:37:31 ui:     jessie: libdns-export100        install
    jessie: libdevmapper-event1.02.1:amd64      install
2015/03/07 01:37:31 ui:     jessie: libdns100         install
    jessie: libdevmapper1.02.1:amd64      install
    jessie: libdiscover2          install
    jessie: libdns-export100        install
2015/03/07 01:37:31 ui:     jessie: libedit2:amd64          install
    jessie: libdns100         install
2015/03/07 01:37:31 ui:     jessie: libencode-locale-perl       install
    jessie: libedit2:amd64          install
2015/03/07 01:37:31 ui:     jessie: libestr0          install
    jessie: libencode-locale-perl       install
2015/03/07 01:37:31 ui:     jessie: libevent-2.0-5:amd64        install
    jessie: libestr0          install
2015/03/07 01:37:31 ui:     jessie: libexpat1:amd64         install
    jessie: libevent-2.0-5:amd64        install
    jessie: libexpat1:amd64         install
2015/03/07 01:37:31 ui:     jessie: libfcgi-perl          install
    jessie: libfcgi-perl          install
2015/03/07 01:37:31 ui:     jessie: libffi6:amd64         install
2015/03/07 01:37:31 ui:     jessie: libfile-listing-perl        install
    jessie: libffi6:amd64         install
2015/03/07 01:37:31 ui:     jessie: libfont-afm-perl        install
    jessie: libfile-listing-perl        install
2015/03/07 01:37:31 ui:     jessie: libfontconfig1:amd64        install
    jessie: libfont-afm-perl        install
2015/03/07 01:37:31 ui:     jessie: libfreetype6:amd64        install
2015/03/07 01:37:31 ui:     jessie: libfuse2:amd64          install
    jessie: libfontconfig1:amd64        install
    jessie: libfreetype6:amd64        install
2015/03/07 01:37:31 ui:     jessie: libgc1c2:amd64          install
    jessie: libfuse2:amd64          install
2015/03/07 01:37:31 ui:     jessie: libgcc1:amd64         install
2015/03/07 01:37:31 ui:     jessie: libgcrypt20:amd64       install
    jessie: libgc1c2:amd64          install
    jessie: libgcc1:amd64         install
2015/03/07 01:37:31 ui:     jessie: libgdbm3:amd64          install
    jessie: libgcrypt20:amd64       install
2015/03/07 01:37:31 ui:     jessie: libgdk-pixbuf2.0-0:amd64      install
    jessie: libgdbm3:amd64          install
2015/03/07 01:37:31 ui:     jessie: libgdk-pixbuf2.0-common       install
    jessie: libgdk-pixbuf2.0-0:amd64      install
2015/03/07 01:37:31 ui:     jessie: libgeoip1:amd64         install
    jessie: libgdk-pixbuf2.0-common       install
2015/03/07 01:37:31 ui:     jessie: libglib2.0-0:amd64        install
    jessie: libgeoip1:amd64         install
    jessie: libglib2.0-0:amd64        install
2015/03/07 01:37:31 ui:     jessie: libglib2.0-data         install
2015/03/07 01:37:31 ui:     jessie: libgmp10:amd64          install
    jessie: libglib2.0-data         install
2015/03/07 01:37:31 ui:     jessie: libgnutls-deb0-28:amd64       install
    jessie: libgmp10:amd64          install
    jessie: libgnutls-deb0-28:amd64       install
2015/03/07 01:37:31 ui:     jessie: libgnutls-openssl27:amd64     install
    jessie: libgnutls-openssl27:amd64     install
2015/03/07 01:37:31 ui:     jessie: libgpg-error0:amd64       install
2015/03/07 01:37:31 ui:     jessie: libgpgme11:amd64        install
    jessie: libgpg-error0:amd64       install
2015/03/07 01:37:31 ui:     jessie: libgpm2:amd64         install
    jessie: libgpgme11:amd64        install
2015/03/07 01:37:31 ui:     jessie: libgraphite2-3:amd64        install
    jessie: libgpm2:amd64         install
2015/03/07 01:37:31 ui:     jessie: libgssapi-krb5-2:amd64        install
    jessie: libgraphite2-3:amd64        install
    jessie: libgssapi-krb5-2:amd64        install
2015/03/07 01:37:31 ui:     jessie: libgtk2.0-0:amd64       install
2015/03/07 01:37:31 ui:     jessie: libgtk2.0-bin         install
    jessie: libgtk2.0-0:amd64       install
2015/03/07 01:37:31 ui:     jessie: libgtk2.0-common        install
    jessie: libgtk2.0-bin         install
2015/03/07 01:37:31 ui:     jessie: libharfbuzz0b:amd64       install
    jessie: libgtk2.0-common        install
2015/03/07 01:37:31 ui:     jessie: libhogweed2:amd64       install
    jessie: libharfbuzz0b:amd64       install
2015/03/07 01:37:31 ui:     jessie: libhtml-form-perl       install
    jessie: libhogweed2:amd64       install
2015/03/07 01:37:31 ui:     jessie: libhtml-format-perl       install
    jessie: libhtml-form-perl       install
2015/03/07 01:37:31 ui:     jessie: libhtml-parser-perl       install
    jessie: libhtml-format-perl       install
2015/03/07 01:37:31 ui:     jessie: libhtml-tagset-perl       install
2015/03/07 01:37:31 ui:     jessie: libhtml-tree-perl       install
    jessie: libhtml-parser-perl       install
2015/03/07 01:37:31 ui:     jessie: libhttp-cookies-perl        install
    jessie: libhtml-tagset-perl       install
    jessie: libhtml-tree-perl       install
2015/03/07 01:37:31 ui:     jessie: libhttp-daemon-perl       install
    jessie: libhttp-cookies-perl        install
2015/03/07 01:37:31 ui:     jessie: libhttp-date-perl       install
    jessie: libhttp-daemon-perl       install
2015/03/07 01:37:31 ui:     jessie: libhttp-message-perl        install
2015/03/07 01:37:31 ui:     jessie: libhttp-negotiate-perl        install
    jessie: libhttp-date-perl       install
    jessie: libhttp-message-perl        install
2015/03/07 01:37:31 ui:     jessie: libicu52:amd64          install
    jessie: libhttp-negotiate-perl        install
2015/03/07 01:37:31 ui:     jessie: libidn11:amd64          install
    jessie: libicu52:amd64          install
2015/03/07 01:37:31 ui:     jessie: libintl-perl          install
2015/03/07 01:37:31 ui:     jessie: libio-html-perl         install
    jessie: libidn11:amd64          install
2015/03/07 01:37:31 ui:     jessie: libio-socket-ip-perl        install
    jessie: libintl-perl          install
2015/03/07 01:37:31 ui:     jessie: libio-socket-ssl-perl       install
    jessie: libio-html-perl         install
2015/03/07 01:37:31 ui:     jessie: libio-string-perl       install
2015/03/07 01:37:31 ui:     jessie: libirs-export91         install
    jessie: libio-socket-ip-perl        install
2015/03/07 01:37:31 ui:     jessie: libisc-export95         install
    jessie: libio-socket-ssl-perl       install
2015/03/07 01:37:31 ui:     jessie: libisc95          install
    jessie: libio-string-perl       install
2015/03/07 01:37:31 ui:     jessie: libisccc90          install
    jessie: libirs-export91         install
    jessie: libisc-export95         install
2015/03/07 01:37:31 ui:     jessie: libisccfg-export90        install
    jessie: libisc95          install
2015/03/07 01:37:31 ui:     jessie: libisccfg90         install
2015/03/07 01:37:31 ui:     jessie: libjasper1:amd64        install
    jessie: libisccc90          install
    jessie: libisccfg-export90        install
    jessie: libisccfg90         install
    jessie: libjasper1:amd64        install
2015/03/07 01:37:31 ui:     jessie: libjbig0:amd64          install
2015/03/07 01:37:31 ui:     jessie: libjpeg62-turbo:amd64       install
    jessie: libjbig0:amd64          install
2015/03/07 01:37:31 ui:     jessie: libjson-c2:amd64        install
    jessie: libjpeg62-turbo:amd64       install
2015/03/07 01:37:31 ui:     jessie: libk5crypto3:amd64        install
    jessie: libjson-c2:amd64        install
    jessie: libk5crypto3:amd64        install
2015/03/07 01:37:31 ui:     jessie: libkeyutils1:amd64        install
2015/03/07 01:37:31 ui:     jessie: libklibc          install
    jessie: libkeyutils1:amd64        install
2015/03/07 01:37:31 ui:     jessie: libkmod2:amd64          install
    jessie: libklibc          install
2015/03/07 01:37:31 ui:     jessie: libkrb5-3:amd64         install
    jessie: libkmod2:amd64          install
    jessie: libkrb5-3:amd64         install
2015/03/07 01:37:31 ui:     jessie: libkrb5support0:amd64       install
    jessie: libkrb5support0:amd64       install
2015/03/07 01:37:31 ui:     jessie: libksba8:amd64          install
2015/03/07 01:37:31 ui:     jessie: liblcms2-2:amd64        install
    jessie: libksba8:amd64          install
2015/03/07 01:37:31 ui:     jessie: libldap-2.4-2:amd64       install
2015/03/07 01:37:31 ui:     jessie: liblocale-gettext-perl        install
    jessie: liblcms2-2:amd64        install
    jessie: libldap-2.4-2:amd64       install
2015/03/07 01:37:31 ui:     jessie: liblockfile-bin         install
2015/03/07 01:37:31 ui:     jessie: liblockfile1:amd64        install
    jessie: liblocale-gettext-perl        install
    jessie: liblockfile-bin         install
    jessie: liblockfile1:amd64        install
2015/03/07 01:37:31 ui:     jessie: liblog-message-perl       install
    jessie: liblog-message-perl       install
2015/03/07 01:37:31 ui:     jessie: liblog-message-simple-perl      install
    jessie: liblog-message-simple-perl      install
2015/03/07 01:37:31 ui:     jessie: liblogging-stdlog0:amd64      install
2015/03/07 01:37:31 ui:     jessie: liblognorm1:amd64       install
    jessie: liblogging-stdlog0:amd64      install
2015/03/07 01:37:31 ui:     jessie: libltdl7:amd64          install
    jessie: liblognorm1:amd64       install
2015/03/07 01:37:31 ui:     jessie: liblvm2cmd2.02:amd64        install
    jessie: libltdl7:amd64          install
2015/03/07 01:37:31 ui:     jessie: liblwp-mediatypes-perl        install
    jessie: liblvm2cmd2.02:amd64        install
    jessie: liblwp-mediatypes-perl        install
2015/03/07 01:37:31 ui:     jessie: liblwp-protocol-https-perl      install
2015/03/07 01:37:31 ui:     jessie: liblwres90          install
    jessie: liblwp-protocol-https-perl      install
2015/03/07 01:37:31 ui:     jessie: liblzma5:amd64          install
    jessie: liblwres90          install
2015/03/07 01:37:31 ui:     jessie: libmagic1:amd64         install
    jessie: liblzma5:amd64          install
2015/03/07 01:37:31 ui:     jessie: libmailtools-perl       install
    jessie: libmagic1:amd64         install
2015/03/07 01:37:31 ui:     jessie: libmnl0:amd64         install
    jessie: libmailtools-perl       install
2015/03/07 01:37:31 ui:     jessie: libmodule-build-perl        install
    jessie: libmnl0:amd64         install
2015/03/07 01:37:31 ui:     jessie: libmodule-pluggable-perl      install
    jessie: libmodule-build-perl        install
2015/03/07 01:37:31 ui:     jessie: libmodule-signature-perl      install
    jessie: libmodule-pluggable-perl      install
2015/03/07 01:37:31 ui:     jessie: libmount1:amd64         install
    jessie: libmodule-signature-perl      install
    jessie: libmount1:amd64         install
2015/03/07 01:37:31 ui:     jessie: libmro-compat-perl        install
2015/03/07 01:37:31 ui:     jessie: libncurses5:amd64       install
    jessie: libmro-compat-perl        install
2015/03/07 01:37:31 ui:     jessie: libncursesw5:amd64        install
    jessie: libncurses5:amd64       install
2015/03/07 01:37:31 ui:     jessie: libnet-http-perl        install
    jessie: libncursesw5:amd64        install
2015/03/07 01:37:31 ui:     jessie: libnet-smtp-ssl-perl        install
    jessie: libnet-http-perl        install
2015/03/07 01:37:31 ui:     jessie: libnet-ssleay-perl        install
    jessie: libnet-smtp-ssl-perl        install
2015/03/07 01:37:31 ui:     jessie: libnetfilter-acct1:amd64      install
    jessie: libnet-ssleay-perl        install
2015/03/07 01:37:31 ui:     jessie: libnettle4:amd64        install
    jessie: libnetfilter-acct1:amd64      install
2015/03/07 01:37:31 ui:     jessie: libnewt0.52:amd64       install
    jessie: libnettle4:amd64        install
2015/03/07 01:37:31 ui:     jessie: libnfnetlink0:amd64       install
    jessie: libnewt0.52:amd64       install
2015/03/07 01:37:31 ui:     jessie: libnfsidmap2:amd64        install
    jessie: libnfnetlink0:amd64       install
2015/03/07 01:37:31 ui:     jessie: libp11-kit0:amd64       install
    jessie: libnfsidmap2:amd64        install
    jessie: libp11-kit0:amd64       install
2015/03/07 01:37:31 ui:     jessie: libpackage-constants-perl     install
2015/03/07 01:37:31 ui:     jessie: libpam-modules:amd64        install
    jessie: libpackage-constants-perl     install
    jessie: libpam-modules:amd64        install
2015/03/07 01:37:31 ui:     jessie: libpam-modules-bin        install
2015/03/07 01:37:31 ui:     jessie: libpam-runtime          install
    jessie: libpam-modules-bin        install
2015/03/07 01:37:31 ui:     jessie: libpam0g:amd64          install
    jessie: libpam-runtime          install
    jessie: libpam0g:amd64          install
2015/03/07 01:37:31 ui:     jessie: libpango-1.0-0:amd64        install
2015/03/07 01:37:31 ui:     jessie: libpangocairo-1.0-0:amd64     install
    jessie: libpango-1.0-0:amd64        install
2015/03/07 01:37:31 ui:     jessie: libpangoft2-1.0-0:amd64       install
    jessie: libpangocairo-1.0-0:amd64     install
2015/03/07 01:37:31 ui:     jessie: libpaper-utils          install
    jessie: libpangoft2-1.0-0:amd64       install
2015/03/07 01:37:31 ui:     jessie: libpaper1:amd64         install
    jessie: libpaper-utils          install
2015/03/07 01:37:31 ui:     jessie: libparams-util-perl       install
    jessie: libpaper1:amd64         install
2015/03/07 01:37:31 ui:     jessie: libparse-debianchangelog-perl     install
    jessie: libparams-util-perl       install
2015/03/07 01:37:31 ui:     jessie: libpci3:amd64         install
2015/03/07 01:37:31 ui:     jessie: libpcre3:amd64          install
    jessie: libparse-debianchangelog-perl     install
    jessie: libpci3:amd64         install
2015/03/07 01:37:31 ui:     jessie: libperl4-corelibs-perl        install
    jessie: libpcre3:amd64          install
2015/03/07 01:37:31 ui:     jessie: libpipeline1:amd64        install
    jessie: libperl4-corelibs-perl        install
    jessie: libpipeline1:amd64        install
2015/03/07 01:37:31 ui:     jessie: libpixman-1-0:amd64       install
2015/03/07 01:37:31 ui:     jessie: libpng12-0:amd64        install
    jessie: libpixman-1-0:amd64       install
    jessie: libpng12-0:amd64        install
2015/03/07 01:37:31 ui:     jessie: libpod-latex-perl       install
2015/03/07 01:37:31 ui:     jessie: libpod-readme-perl        install
    jessie: libpod-latex-perl       install
2015/03/07 01:37:31 ui:     jessie: libpopt0:amd64          install
    jessie: libpod-readme-perl        install
2015/03/07 01:37:31 ui:     jessie: libprocps3:amd64        install
    jessie: libpopt0:amd64          install
2015/03/07 01:37:31 ui:     jessie: libpsl0:amd64         install
    jessie: libprocps3:amd64        install
2015/03/07 01:37:31 ui:     jessie: libpth20:amd64          install
    jessie: libpsl0:amd64         install
2015/03/07 01:37:31 ui:     jessie: libpython-stdlib:amd64        install
2015/03/07 01:37:31 ui:     jessie: libpython2.7-minimal:amd64      install
    jessie: libpth20:amd64          install
2015/03/07 01:37:31 ui:     jessie: libpython2.7-stdlib:amd64     install
    jessie: libpython-stdlib:amd64        install
2015/03/07 01:37:31 ui:     jessie: libreadline5:amd64        install
    jessie: libpython2.7-minimal:amd64      install
2015/03/07 01:37:31 ui:     jessie: libreadline6:amd64        install
    jessie: libpython2.7-stdlib:amd64     install
    jessie: libreadline5:amd64        install
2015/03/07 01:37:31 ui:     jessie: libregexp-common-perl       install
    jessie: libreadline6:amd64        install
2015/03/07 01:37:31 ui:     jessie: librtmp1:amd64          install
    jessie: libregexp-common-perl       install
2015/03/07 01:37:31 ui:     jessie: libsasl2-2:amd64        install
    jessie: librtmp1:amd64          install
2015/03/07 01:37:31 ui:     jessie: libsasl2-modules:amd64        install
    jessie: libsasl2-2:amd64        install
2015/03/07 01:37:31 ui:     jessie: libsasl2-modules-db:amd64     install
    jessie: libsasl2-modules:amd64        install
2015/03/07 01:37:31 ui:     jessie: libselinux1:amd64       install
2015/03/07 01:37:31 ui:     jessie: libsemanage-common        install
    jessie: libsasl2-modules-db:amd64     install
    jessie: libselinux1:amd64       install
2015/03/07 01:37:31 ui:     jessie: libsemanage1:amd64        install
    jessie: libsemanage-common        install
2015/03/07 01:37:31 ui:     jessie: libsepol1:amd64         install
    jessie: libsemanage1:amd64        install
2015/03/07 01:37:31 ui:     jessie: libsigc++-2.0-0c2a:amd64      install
    jessie: libsepol1:amd64         install
2015/03/07 01:37:31 ui:     jessie: libsigsegv2:amd64       install
    jessie: libsigc++-2.0-0c2a:amd64      install
2015/03/07 01:37:31 ui:     jessie: libslang2:amd64         install
    jessie: libsigsegv2:amd64       install
    jessie: libslang2:amd64         install
2015/03/07 01:37:31 ui:     jessie: libsmartcols1:amd64       install
2015/03/07 01:37:31 ui:     jessie: libsoftware-license-perl      install
    jessie: libsmartcols1:amd64       install
2015/03/07 01:37:31 ui:     jessie: libsqlite3-0:amd64        install
    jessie: libsoftware-license-perl      install
2015/03/07 01:37:31 ui:     jessie: libss2:amd64          install
    jessie: libsqlite3-0:amd64        install
2015/03/07 01:37:31 ui:     jessie: libssh2-1:amd64         install
2015/03/07 01:37:31 ui:     jessie: libssl1.0.0:amd64       install
    jessie: libss2:amd64          install
2015/03/07 01:37:31 ui:     jessie: libstdc++6:amd64        install
    jessie: libssh2-1:amd64         install
2015/03/07 01:37:31 ui:     jessie: libsub-exporter-perl        install
    jessie: libssl1.0.0:amd64       install
2015/03/07 01:37:31 ui:     jessie: libsub-install-perl       install
    jessie: libstdc++6:amd64        install
    jessie: libsub-exporter-perl        install
    jessie: libsub-install-perl       install
2015/03/07 01:37:31 ui:     jessie: libsub-name-perl        install
    jessie: libsub-name-perl        install
2015/03/07 01:37:31 ui:     jessie: libswitch-perl          install
2015/03/07 01:37:31 ui:     jessie: libsystemd0:amd64       install
    jessie: libswitch-perl          install
2015/03/07 01:37:31 ui:     jessie: libtasn1-6:amd64        install
    jessie: libsystemd0:amd64       install
2015/03/07 01:37:31 ui:     jessie: libterm-ui-perl         install
    jessie: libtasn1-6:amd64        install
2015/03/07 01:37:31 ui:     jessie: libtext-charwidth-perl        install
    jessie: libterm-ui-perl         install
2015/03/07 01:37:31 ui:     jessie: libtext-iconv-perl        install
    jessie: libtext-charwidth-perl        install
2015/03/07 01:37:31 ui:     jessie: libtext-soundex-perl        install
    jessie: libtext-iconv-perl        install
2015/03/07 01:37:31 ui:     jessie: libtext-template-perl       install
    jessie: libtext-soundex-perl        install
2015/03/07 01:37:31 ui:     jessie: libtext-unidecode-perl        install
    jessie: libtext-template-perl       install
    jessie: libtext-unidecode-perl        install
2015/03/07 01:37:31 ui:     jessie: libtext-wrapi18n-perl       install
    jessie: libtext-wrapi18n-perl       install
2015/03/07 01:37:31 ui:     jessie: libthai-data          install
    jessie: libthai-data          install
2015/03/07 01:37:31 ui:     jessie: libthai0:amd64          install
2015/03/07 01:37:31 ui:     jessie: libtiff5:amd64          install
    jessie: libthai0:amd64          install
2015/03/07 01:37:31 ui:     jessie: libtimedate-perl        install
    jessie: libtiff5:amd64          install
2015/03/07 01:37:31 ui:     jessie: libtinfo5:amd64         install
    jessie: libtimedate-perl        install
    jessie: libtinfo5:amd64         install
2015/03/07 01:37:31 ui:     jessie: libtirpc1:amd64         install
2015/03/07 01:37:31 packer-provisioner-shell: 2015/03/07 01:37:31 [INFO] 15585 bytes written for 'stdout'
2015/03/07 01:37:31 packer-provisioner-shell: 2015/03/07 01:37:31 [ERR] 'stdout' copy error: io: read/write on closed pipe
2015/03/07 01:37:31 ui:     jessie: libtokyocabinet9:amd64        install
    jessie: libtirpc1:amd64         install
2015/03/07 01:37:31 ui:     jessie: libudev1:amd64          install
    jessie: libtokyocabinet9:amd64        install
2015/03/07 01:37:31 ui:     jessie: libunistring0:amd64       install
    jessie: libudev1:amd64          install
2015/03/07 01:37:31 ui:     jessie: liburi-perl         install
    jessie: libunistring0:amd64       install
2015/03/07 01:37:31 ui:     jessie: libusb-0.1-4:amd64        install
    jessie: liburi-perl         install
2015/03/07 01:37:31 ui:     jessie: libustr-1.0-1:amd64       install
    jessie: libusb-0.1-4:amd64        install
2015/03/07 01:37:31 ui:     jessie: libuuid-perl          install
    jessie: libustr-1.0-1:amd64       install
    jessie: libuuid-perl          install
2015/03/07 01:37:31 ui:     jessie: libuuid1:amd64          install
2015/03/07 01:37:31 ui:     jessie: libwebp5:amd64          install
    jessie: libuuid1:amd64          install
2015/03/07 01:37:31 ui:     jessie: libwebpdemux1:amd64       install
    jessie: libwebp5:amd64          install
2015/03/07 01:37:31 ui:     jessie: libwebpmux1:amd64       install
    jessie: libwebpdemux1:amd64       install
2015/03/07 01:37:31 ui:     jessie: libwrap0:amd64          install
    jessie: libwebpmux1:amd64       install
2015/03/07 01:37:31 ui:     jessie: libwww-perl         install
    jessie: libwrap0:amd64          install
    jessie: libwww-perl         install
2015/03/07 01:37:31 ui:     jessie: libwww-robotrules-perl        install
2015/03/07 01:37:31 ui:     jessie: libx11-6:amd64          install
    jessie: libwww-robotrules-perl        install
2015/03/07 01:37:31 ui:     jessie: libx11-data         install
2015/03/07 01:37:31 ui:     jessie: libxapian22         install
    jessie: libx11-6:amd64          install
2015/03/07 01:37:31 ui:     jessie: libxau6:amd64         install
    jessie: libx11-data         install
2015/03/07 01:37:31 ui:     jessie: libxcb-render0:amd64        install
    jessie: libxapian22         install
    jessie: libxau6:amd64         install
2015/03/07 01:37:31 ui:     jessie: libxcb-shm0:amd64       install
    jessie: libxcb-render0:amd64        install
2015/03/07 01:37:31 ui:     jessie: libxcb1:amd64         install
    jessie: libxcb-shm0:amd64       install
2015/03/07 01:37:31 ui:     jessie: libxcomposite1:amd64        install
2015/03/07 01:37:31 ui:     jessie: libxcursor1:amd64       install
2015/03/07 01:37:31 ui:     jessie: libxdamage1:amd64       install
    jessie: libxcb1:amd64         install
2015/03/07 01:37:31 ui:     jessie: libxdmcp6:amd64         install
    jessie: libxcomposite1:amd64        install
    jessie: libxcursor1:amd64       install
2015/03/07 01:37:31 ui:     jessie: libxext6:amd64          install
2015/03/07 01:37:31 ui:     jessie: libxfixes3:amd64        install
    jessie: libxdamage1:amd64       install
2015/03/07 01:37:31 ui:     jessie: libxi6:amd64          install
    jessie: libxdmcp6:amd64         install
    jessie: libxext6:amd64          install
2015/03/07 01:37:31 ui:     jessie: libxinerama1:amd64        install
    jessie: libxfixes3:amd64        install
2015/03/07 01:37:31 ui:     jessie: libxml-libxml-perl        install
    jessie: libxi6:amd64          install
    jessie: libxinerama1:amd64        install
2015/03/07 01:37:31 ui:     jessie: libxml-namespacesupport-perl      install
    jessie: libxml-libxml-perl        install
2015/03/07 01:37:31 ui:     jessie: libxml-parser-perl        install
    jessie: libxml-namespacesupport-perl      install
2015/03/07 01:37:31 ui:     jessie: libxml-sax-base-perl        install
    jessie: libxml-parser-perl        install
2015/03/07 01:37:31 ui:     jessie: libxml-sax-expat-perl       install
2015/03/07 01:37:31 ui:     jessie: libxml-sax-perl         install
    jessie: libxml-sax-base-perl        install
    jessie: libxml-sax-expat-perl       install
2015/03/07 01:37:31 ui:     jessie: libxml2:amd64         install
    jessie: libxml-sax-perl         install
2015/03/07 01:37:31 ui:     jessie: libxmuu1:amd64          install
    jessie: libxml2:amd64         install
2015/03/07 01:37:31 ui:     jessie: libxrandr2:amd64        install
    jessie: libxmuu1:amd64          install
    jessie: libxrandr2:amd64        install
2015/03/07 01:37:31 ui:     jessie: libxrender1:amd64       install
2015/03/07 01:37:31 ui:     jessie: libxtables10          install
    jessie: libxrender1:amd64       install
2015/03/07 01:37:31 ui:     jessie: linux-base          install
    jessie: libxtables10          install
2015/03/07 01:37:31 ui:     jessie: linux-image-3.16.0-4-amd64      install
    jessie: linux-base          install
2015/03/07 01:37:31 ui:     jessie: linux-image-amd64       install
    jessie: linux-image-3.16.0-4-amd64      install
2015/03/07 01:37:31 ui:     jessie: locales           install
    jessie: linux-image-amd64       install
    jessie: locales           install
2015/03/07 01:37:31 ui:     jessie: login           install
2015/03/07 01:37:31 ui:     jessie: logrotate         install
    jessie: login           install
2015/03/07 01:37:31 ui:     jessie: lsb-base          install
    jessie: logrotate         install
2015/03/07 01:37:31 ui:     jessie: lsb-release         install
    jessie: lsb-base          install
2015/03/07 01:37:31 ui:     jessie: lsof            install
    jessie: lsb-release         install
    jessie: lsof            install
2015/03/07 01:37:31 ui:     jessie: lvm2            install
2015/03/07 01:37:31 ui:     jessie: m4            install
    jessie: lvm2            install
2015/03/07 01:37:31 ui:     jessie: make-guile          install
    jessie: m4            install
2015/03/07 01:37:31 ui:     jessie: man-db            install
    jessie: make-guile          install
2015/03/07 01:37:31 ui:     jessie: manpages          install
    jessie: man-db            install
    jessie: manpages          install
2015/03/07 01:37:31 ui:     jessie: mawk            install
2015/03/07 01:37:31 ui:     jessie: mime-support          install
    jessie: mawk            install
2015/03/07 01:37:31 ui:     jessie: mlocate           install
    jessie: mime-support          install
2015/03/07 01:37:31 ui:     jessie: mount           install
    jessie: mlocate           install
2015/03/07 01:37:31 ui:     jessie: multiarch-support       install
2015/03/07 01:37:31 ui:     jessie: mutt            install
    jessie: mount           install
2015/03/07 01:37:31 ui:     jessie: nano            install
    jessie: multiarch-support       install
    jessie: mutt            install
2015/03/07 01:37:31 ui:     jessie: ncurses-base          install
    jessie: nano            install
2015/03/07 01:37:31 ui:     jessie: ncurses-bin         install
    jessie: ncurses-base          install
2015/03/07 01:37:31 ui:     jessie: ncurses-term          install
2015/03/07 01:37:31 ui:     jessie: net-tools         install
    jessie: ncurses-bin         install
2015/03/07 01:37:31 ui:     jessie: netbase           install
    jessie: ncurses-term          install
2015/03/07 01:37:31 ui:     jessie: netcat-traditional        install
    jessie: net-tools         install
    jessie: netbase           install
    jessie: netcat-traditional        install
2015/03/07 01:37:31 ui:     jessie: nfacct            install
    jessie: nfacct            install
2015/03/07 01:37:31 ui:     jessie: nfs-common          install
2015/03/07 01:37:31 ui:     jessie: openssh-client          install
    jessie: nfs-common          install
2015/03/07 01:37:31 ui:     jessie: openssh-server          install
    jessie: openssh-client          install
2015/03/07 01:37:31 ui:     jessie: openssh-sftp-server       install
    jessie: openssh-server          install
2015/03/07 01:37:31 ui:     jessie: openssl           install
    jessie: openssh-sftp-server       install
2015/03/07 01:37:31 ui:     jessie: passwd            install
    jessie: openssl           install
    jessie: passwd            install
2015/03/07 01:37:31 ui:     jessie: patch           install
2015/03/07 01:37:31 ui:     jessie: pciutils          install
    jessie: patch           install
2015/03/07 01:37:31 ui:     jessie: perl            install
    jessie: pciutils          install
2015/03/07 01:37:31 ui:     jessie: perl-base         install
    jessie: perl            install
2015/03/07 01:37:31 ui:     jessie: perl-modules          install
    jessie: perl-base         install
2015/03/07 01:37:31 ui:     jessie: pinentry-gtk2         install
    jessie: perl-modules          install
2015/03/07 01:37:31 ui:     jessie: procmail          install
    jessie: pinentry-gtk2         install
2015/03/07 01:37:31 ui:     jessie: procps            install
    jessie: procmail          install
2015/03/07 01:37:31 ui:     jessie: psmisc            install
    jessie: procps            install
2015/03/07 01:37:31 ui:     jessie: python            install
2015/03/07 01:37:31 ui:     jessie: python-apt          install
    jessie: psmisc            install
2015/03/07 01:37:31 ui:     jessie: python-apt-common       install
    jessie: python            install
    jessie: python-apt          install
2015/03/07 01:37:31 ui:     jessie: python-chardet          install
    jessie: python-apt-common       install
2015/03/07 01:37:31 ui:     jessie: python-debian         install
    jessie: python-chardet          install
2015/03/07 01:37:31 ui:     jessie: python-debianbts        install
    jessie: python-debian         install
2015/03/07 01:37:31 ui:     jessie: python-defusedxml       install
    jessie: python-debianbts        install
2015/03/07 01:37:31 ui:     jessie: python-docutils         install
    jessie: python-defusedxml       install
    jessie: python-docutils         install
2015/03/07 01:37:31 ui:     jessie: python-minimal          install
2015/03/07 01:37:31 ui:     jessie: python-pil:amd64        install
    jessie: python-minimal          install
2015/03/07 01:37:31 ui:     jessie: python-pkg-resources        install
    jessie: python-pil:amd64        install
2015/03/07 01:37:31 ui:     jessie: python-pygments         install
    jessie: python-pkg-resources        install
2015/03/07 01:37:31 ui:     jessie: python-reportbug        install
    jessie: python-pygments         install
    jessie: python-reportbug        install
2015/03/07 01:37:31 ui:     jessie: python-roman          install
2015/03/07 01:37:31 ui:     jessie: python-six          install
    jessie: python-roman          install
2015/03/07 01:37:31 ui:     jessie: python-soappy         install
    jessie: python-six          install
2015/03/07 01:37:31 ui:     jessie: python-support          install
    jessie: python-soappy         install
2015/03/07 01:37:31 ui:     jessie: python-wstools          install
    jessie: python-support          install
    jessie: python-wstools          install
2015/03/07 01:37:31 ui:     jessie: python2.7         install
2015/03/07 01:37:31 ui:     jessie: python2.7-minimal       install
    jessie: python2.7         install
2015/03/07 01:37:31 ui:     jessie: readline-common         install
    jessie: python2.7-minimal       install
2015/03/07 01:37:31 ui:     jessie: rename            install
    jessie: readline-common         install
2015/03/07 01:37:31 ui:     jessie: reportbug         install
    jessie: rename            install
2015/03/07 01:37:31 ui:     jessie: rpcbind           install
    jessie: reportbug         install
2015/03/07 01:37:31 ui:     jessie: rsyslog           install
    jessie: rpcbind           install
2015/03/07 01:37:31 ui:     jessie: sed           install
    jessie: rsyslog           install
2015/03/07 01:37:31 ui:     jessie: sensible-utils          install
    jessie: sed           install
2015/03/07 01:37:31 ui:     jessie: sgml-base         install
    jessie: sensible-utils          install
2015/03/07 01:37:31 ui:     jessie: shared-mime-info        install
    jessie: sgml-base         install
2015/03/07 01:37:31 ui:     jessie: startpar          install
    jessie: shared-mime-info        install
    jessie: startpar          install
2015/03/07 01:37:31 ui:     jessie: sudo            install
2015/03/07 01:37:31 ui:     jessie: systemd           install
    jessie: sudo            install
2015/03/07 01:37:31 ui:     jessie: systemd-sysv          install
    jessie: systemd           install
2015/03/07 01:37:31 ui:     jessie: sysv-rc           install
    jessie: systemd-sysv          install
2015/03/07 01:37:31 ui:     jessie: sysvinit-utils          install
    jessie: sysv-rc           install
2015/03/07 01:37:31 ui:     jessie: tar           install
2015/03/07 01:37:31 ui:     jessie: task-english          install
    jessie: sysvinit-utils          install
    jessie: tar           install
2015/03/07 01:37:31 ui:     jessie: tasksel           install
    jessie: task-english          install
2015/03/07 01:37:31 ui:     jessie: tasksel-data          install
    jessie: tasksel           install
2015/03/07 01:37:31 ui:     jessie: tcpd            install
    jessie: tasksel-data          install
2015/03/07 01:37:31 ui:     jessie: telnet            install
    jessie: tcpd            install
    jessie: telnet            install
2015/03/07 01:37:31 ui:     jessie: texinfo           install
2015/03/07 01:37:31 ui:     jessie: time            install
    jessie: texinfo           install
2015/03/07 01:37:31 ui:     jessie: traceroute          install
    jessie: time            install
2015/03/07 01:37:31 ui:     jessie: tzdata            install
    jessie: traceroute          install
    jessie: tzdata            install
2015/03/07 01:37:31 ui:     jessie: ucf           install
2015/03/07 01:37:31 ui:     jessie: udev            install
    jessie: ucf           install
2015/03/07 01:37:31 ui:     jessie: unzip           install
    jessie: udev            install
2015/03/07 01:37:31 ui:     jessie: util-linux          install
    jessie: unzip           install
    jessie: util-linux          install
2015/03/07 01:37:31 ui:     jessie: util-linux-locales        install
    jessie: util-linux-locales        install
2015/03/07 01:37:31 ui:     jessie: vim-common          install
    jessie: vim-common          install
    jessie: vim-tiny          install
    jessie: w3m           install
2015/03/07 01:37:31 ui:     jessie: vim-tiny          install
2015/03/07 01:37:31 ui:     jessie: w3m           install
2015/03/07 01:37:31 ui:     jessie: wamerican         install
2015/03/07 01:37:31 ui:     jessie: wget            install
    jessie: wamerican         install
    jessie: wget            install
2015/03/07 01:37:31 ui:     jessie: whiptail          install
2015/03/07 01:37:31 ui:     jessie: whois           install
    jessie: whiptail          install
    jessie: whois           install
2015/03/07 01:37:31 ui:     jessie: xauth           install
2015/03/07 01:37:31 ui:     jessie: xdg-user-dirs         install
    jessie: xauth           install
    jessie: xdg-user-dirs         install
2015/03/07 01:37:31 ui:     jessie: xkb-data          install
2015/03/07 01:37:31 ui:     jessie: xml-core          install
    jessie: xkb-data          install
2015/03/07 01:37:31 ui:     jessie: xz-utils          install
    jessie: xml-core          install
    jessie: xz-utils          install
2015/03/07 01:37:31 ui:     jessie: zlib1g:amd64          install
2015/03/07 01:37:31 ui: ==> jessie: Gracefully halting virtual machine...
2015/03/07 01:37:31 packer-builder-qemu: 2015/03/07 01:37:31 Executing shutdown command: echo 'packer'|sudo -S shutdown -h now
2015/03/07 01:37:31 packer-builder-qemu: 2015/03/07 01:37:31 opening new ssh session
    jessie: zlib1g:amd64          install
==> jessie: Gracefully halting virtual machine...
2015/03/07 01:37:31 packer-builder-qemu: 2015/03/07 01:37:31 starting remote command: echo 'packer'|sudo -S shutdown -h now
2015/03/07 01:37:33 packer-builder-qemu: 2015/03/07 01:37:33 remote command exited with '0': echo 'packer'|sudo -S shutdown -h now
2015/03/07 01:37:33 ui:     jessie: [sudo] password for packer:
2015/03/07 01:37:33 packer-builder-qemu: 2015/03/07 01:37:33 Waiting max 5m0s for shutdown to complete
    jessie: [sudo] password for packer:
2015/03/07 01:37:33 packer-builder-qemu: 2015/03/07 01:37:33 VM shut down.
2015/03/07 01:37:33 ui: Build 'jessie' finished.
2015/03/07 01:37:33 Builds completed. Waiting on interrupt barrier...
2015/03/07 01:37:33 ui:
==> Builds finished. The artifacts of successful builds are:
2015/03/07 01:37:33 machine readable: jessie,artifact-count []string{"1"}
Build 'jessie' finished.
2015/03/07 01:37:33 machine readable: jessie,artifact []string{"0", "builder-id", "transcend.qemu"}

==> Builds finished. The artifacts of successful builds are:
2015/03/07 01:37:33 machine readable: jessie,artifact []string{"0", "id", "VM"}
2015/03/07 01:37:33 machine readable: jessie,artifact []string{"0", "string", "VM files in directory: output-jessie"}
2015/03/07 01:37:33 machine readable: jessie,artifact []string{"0", "files-count", "1"}
2015/03/07 01:37:33 machine readable: jessie,artifact []string{"0", "file", "0", "output-jessie/packer-jessie.qcow2"}
2015/03/07 01:37:33 machine readable: jessie,artifact []string{"0", "end"}
--> jessie: VM files in directory: output-jessie
2015/03/07 01:37:33 ui: --> jessie: VM files in directory: output-jessie
2015/03/07 01:37:33 waiting for all plugin processes to complete...
2015/03/07 01:37:33 /usr/local/bin/packer-provisioner-shell: plugin process exited
2015/03/07 01:37:33 /usr/local/bin/packer-builder-qemu: plugin process exited
```
